Component: ARM Compiler 5.06 update 7 (build 960) Tool: armlink [4d3601]

==============================================================================

Section Cross References

    startup_stm32f407xx.o(RESET) refers to startup_stm32f407xx.o(STACK) for __initial_sp
    startup_stm32f407xx.o(RESET) refers to startup_stm32f407xx.o(.text) for Reset_Handler
    startup_stm32f407xx.o(RESET) refers to stm32f4xx_it.o(i.NMI_Handler) for NMI_Handler
    startup_stm32f407xx.o(RESET) refers to stm32f4xx_it.o(i.HardFault_Handler) for HardFault_Handler
    startup_stm32f407xx.o(RESET) refers to stm32f4xx_it.o(i.MemManage_Handler) for MemManage_Handler
    startup_stm32f407xx.o(RESET) refers to stm32f4xx_it.o(i.BusFault_Handler) for BusFault_Handler
    startup_stm32f407xx.o(RESET) refers to stm32f4xx_it.o(i.UsageFault_Handler) for UsageFault_Handler
    startup_stm32f407xx.o(RESET) refers to stm32f4xx_it.o(i.SVC_Handler) for SVC_Handler
    startup_stm32f407xx.o(RESET) refers to stm32f4xx_it.o(i.DebugMon_Handler) for DebugMon_Handler
    startup_stm32f407xx.o(RESET) refers to stm32f4xx_it.o(i.PendSV_Handler) for PendSV_Handler
    startup_stm32f407xx.o(RESET) refers to stm32f4xx_it.o(i.SysTick_Handler) for SysTick_Handler
    startup_stm32f407xx.o(RESET) refers to stm32f4xx_it.o(i.TIM3_IRQHandler) for TIM3_IRQHandler
    startup_stm32f407xx.o(RESET) refers to stm32f4xx_it.o(i.DMA2_Stream0_IRQHandler) for DMA2_Stream0_IRQHandler
    startup_stm32f407xx.o(.text) refers to system_stm32f4xx.o(i.SystemInit) for SystemInit
    startup_stm32f407xx.o(.text) refers to entry.o(.ARM.Collect$$$$00000000) for __main
    main.o(i.HAL_ADC_ConvCpltCallback) refers to stm32f4xx_hal_dma.o(i.HAL_DMA_Abort) for HAL_DMA_Abort
    main.o(i.HAL_ADC_ConvCpltCallback) refers to stm32f4xx_hal_gpio.o(i.HAL_GPIO_TogglePin) for HAL_GPIO_TogglePin
    main.o(i.HAL_ADC_ConvCpltCallback) refers to stm32f4xx_hal_adc.o(i.HAL_ADC_Start_DMA) for HAL_ADC_Start_DMA
    main.o(i.HAL_ADC_ConvCpltCallback) refers to adc.o(.bss) for hadc1
    main.o(i.HAL_ADC_ConvCpltCallback) refers to main.o(.data) for DMA_CurrentBuf
    main.o(i.HAL_ADC_ConvCpltCallback) refers to main.o(.bss) for ADC_BUFB
    main.o(i.HAL_TIM_PeriodElapsedCallback) refers to main.o(.data) for sys_time_us
    main.o(i.ProcessBuffer) refers to main.o(i.RecordInterval) for RecordInterval
    main.o(i.ProcessBuffer) refers to main.o(i.WriteToSD) for WriteToSD
    main.o(i.ProcessBuffer) refers to main.o(.data) for last_in_valid
    main.o(i.RecordInterval) refers to main.o(i.WriteToSD) for WriteToSD
    main.o(i.RecordInterval) refers to main.o(.data) for result_cnt
    main.o(i.RecordInterval) refers to main.o(.bss) for results
    main.o(i.SD_Init) refers to printfa.o(i.__0printf) for __2printf
    main.o(i.SD_Init) refers to sdio.o(i.MX_SDIO_SD_Init) for MX_SDIO_SD_Init
    main.o(i.SD_Init) refers to ff.o(i.f_mount) for f_mount
    main.o(i.SD_Init) refers to ff.o(i.f_stat) for f_stat
    main.o(i.SD_Init) refers to ff.o(i.f_setlabel) for f_setlabel
    main.o(i.SD_Init) refers to ff.o(i.f_mkfs) for f_mkfs
    main.o(i.SD_Init) refers to ff.o(i.f_getfree) for f_getfree
    main.o(i.SD_Init) refers to fatfs.o(.bss) for fs
    main.o(i.SD_Init) refers to main.o(.data) for fs_ptr
    main.o(i.SystemClock_Config) refers to memseta.o(.text) for __aeabi_memclr4
    main.o(i.SystemClock_Config) refers to stm32f4xx_hal_rcc.o(i.HAL_RCC_OscConfig) for HAL_RCC_OscConfig
    main.o(i.SystemClock_Config) refers to main.o(i.Error_Handler) for Error_Handler
    main.o(i.SystemClock_Config) refers to stm32f4xx_hal_rcc.o(i.HAL_RCC_ClockConfig) for HAL_RCC_ClockConfig
    main.o(i.WriteToSD) refers to rtc.o(i.RTC_Get) for RTC_Get
    main.o(i.WriteToSD) refers to ff.o(i.f_stat) for f_stat
    main.o(i.WriteToSD) refers to ff.o(i.f_open) for f_open
    main.o(i.WriteToSD) refers to main.o(i.Error_Handler) for Error_Handler
    main.o(i.WriteToSD) refers to strlen.o(.text) for strlen
    main.o(i.WriteToSD) refers to ff.o(i.f_write) for f_write
    main.o(i.WriteToSD) refers to main.o(i.get_rtc_time) for get_rtc_time
    main.o(i.WriteToSD) refers to dfltui.o(.text) for __aeabi_ui2d
    main.o(i.WriteToSD) refers to dmul.o(.text) for __aeabi_dmul
    main.o(i.WriteToSD) refers to printfa.o(i.__0sprintf) for __2sprintf
    main.o(i.WriteToSD) refers to ff.o(i.f_sync) for f_sync
    main.o(i.WriteToSD) refers to ff.o(i.f_close) for f_close
    main.o(i.WriteToSD) refers to main.o(.data) for result_cnt
    main.o(i.WriteToSD) refers to main.o(.bss) for fil_a
    main.o(i.adc_read) refers to rand.o(.text) for rand
    main.o(i.adc_read) refers to f2d.o(.text) for __aeabi_f2d
    main.o(i.adc_read) refers to ddiv.o(.text) for __aeabi_ddiv
    main.o(i.adc_read) refers to dadd.o(.text) for __aeabi_dadd
    main.o(i.adc_read) refers to d2f.o(.text) for __aeabi_d2f
    main.o(i.fputc) refers to stm32f4xx_hal_uart.o(i.HAL_UART_Transmit) for HAL_UART_Transmit
    main.o(i.fputc) refers to usart.o(.bss) for huart1
[...]
    i.__0sprintf                             0x080053a4   Section        0  printfa.o(i.__0sprintf)
    i.__NVIC_GetPriorityGrouping             0x080053cc   Section        0  stm32f4xx_hal_cortex.o(i.__NVIC_GetPriorityGrouping)
    __NVIC_GetPriorityGrouping               0x080053cd   Thumb Code    10  stm32f4xx_hal_cortex.o(i.__NVIC_GetPriorityGrouping)
    i.__NVIC_SetPriority                     0x080053dc   Section        0  stm32f4xx_hal_cortex.o(i.__NVIC_SetPriority)
    __NVIC_SetPriority                       0x080053dd   Thumb Code    32  stm32f4xx_hal_cortex.o(i.__NVIC_SetPriority)
    i.__scatterload_copy                     0x08005404   Section       14  handlers.o(i.__scatterload_copy)
    i.__scatterload_null                     0x08005412   Section        2  handlers.o(i.__scatterload_null)
    i.__scatterload_zeroinit                 0x08005414   Section       14  handlers.o(i.__scatterload_zeroinit)
    i._fp_digits                             0x08005424   Section        0  printfa.o(i._fp_digits)
    _fp_digits                               0x08005425   Thumb Code   366  printfa.o(i._fp_digits)
    i._printf_core                           0x080055a8   Section        0  printfa.o(i._printf_core)
    _printf_core                             0x080055a9   Thumb Code  1704  printfa.o(i._printf_core)
    i._printf_post_padding                   0x08005c5c   Section        0  printfa.o(i._printf_post_padding)
    _printf_post_padding                     0x08005c5d   Thumb Code    36  printfa.o(i._printf_post_padding)
    i._printf_pre_padding                    0x08005c80   Section        0  printfa.o(i._printf_pre_padding)
    _printf_pre_padding                      0x08005c81   Thumb Code    46  printfa.o(i._printf_pre_padding)
    i._sputc                                 0x08005cae   Section        0  printfa.o(i._sputc)
    _sputc                                   0x08005caf   Thumb Code    10  printfa.o(i._sputc)
    i.check_fs                               0x08005cb8   Section        0  ff.o(i.check_fs)
    check_fs                                 0x08005cb9   Thumb Code   116  ff.o(i.check_fs)
    i.chk_chr                                0x08005d34   Section        0  ff.o(i.chk_chr)
    chk_chr                                  0x08005d35   Thumb Code    20  ff.o(i.chk_chr)
    i.chk_lock                               0x08005d48   Section        0  ff.o(i.chk_lock)
    chk_lock                                 0x08005d49   Thumb Code   120  ff.o(i.chk_lock)
    i.clear_lock                             0x08005dc4   Section        0  ff.o(i.clear_lock)
    clear_lock                               0x08005dc5   Thumb Code    36  ff.o(i.clear_lock)
    i.clmt_clust                             0x08005dec   Section        0  ff.o(i.clmt_clust)
    clmt_clust                               0x08005ded   Thumb Code    50  ff.o(i.clmt_clust)
    i.clust2sect                             0x08005e1e   Section        0  ff.o(i.clust2sect)
    clust2sect                               0x08005e1f   Thumb Code    26  ff.o(i.clust2sect)
    i.create_chain                           0x08005e38   Section        0  ff.o(i.create_chain)
    create_chain                             0x08005e39   Thumb Code   222  ff.o(i.create_chain)
    i.create_name                            0x08005f18   Section        0  ff.o(i.create_name)
    create_name                              0x08005f19   Thumb Code   262  ff.o(i.create_name)
    i.dec_lock                               0x08006030   Section        0  ff.o(i.dec_lock)
    dec_lock                                 0x08006031   Thumb Code    64  ff.o(i.dec_lock)
    i.dir_alloc                              0x08006074   Section        0  ff.o(i.dir_alloc)
    dir_alloc                                0x08006075   Thumb Code    96  ff.o(i.dir_alloc)
    i.dir_find                               0x080060d4   Section        0  ff.o(i.dir_find)
    dir_find                                 0x080060d5   Thumb Code   108  ff.o(i.dir_find)
    i.dir_next                               0x08006140   Section        0  ff.o(i.dir_next)
    dir_next                                 0x08006141   Thumb Code   268  ff.o(i.dir_next)
    i.dir_read                               0x0800624c   Section        0  ff.o(i.dir_read)
    dir_read                                 0x0800624d   Thumb Code   116  ff.o(i.dir_read)
    i.dir_register                           0x080062c0   Section        0  ff.o(i.dir_register)
    dir_register                             0x080062c1   Thumb Code    60  ff.o(i.dir_register)
    i.dir_sdi                                0x080062fc   Section        0  ff.o(i.dir_sdi)
    dir_sdi                                  0x080062fd   Thumb Code   154  ff.o(i.dir_sdi)
    i.disk_initialize                        0x08006396   Section        0  diskio.o(i.disk_initialize)
    i.disk_ioctl                             0x080063b8   Section        0  diskio.o(i.disk_ioctl)
    i.disk_read                              0x080063e0   Section        0  diskio.o(i.disk_read)
    i.disk_status                            0x08006410   Section        0  diskio.o(i.disk_status)
    i.disk_write                             0x0800642c   Section        0  diskio.o(i.disk_write)
    i.enq_lock                               0x0800645c   Section        0  ff.o(i.enq_lock)
    enq_lock                                 0x0800645d   Thumb Code    34  ff.o(i.enq_lock)
    i.f_close                                0x08006484   Section        0  ff.o(i.f_close)
    i.f_getfree                              0x080064b0   Section        0  ff.o(i.f_getfree)
    i.f_mkfs                                 0x080065ac   Section        0  ff.o(i.f_mkfs)
    i.f_mount                                0x08006c30   Section        0  ff.o(i.f_mount)
    i.f_open                                 0x08006c90   Section        0  ff.o(i.f_open)
    i.f_setlabel                             0x08006ec0   Section        0  ff.o(i.f_setlabel)
    i.f_stat                                 0x0800705c   Section        0  ff.o(i.f_stat)
    i.f_sync                                 0x0800709a   Section        0  ff.o(i.f_sync)
    i.f_write                                0x0800713a   Section        0  ff.o(i.f_write)
    i.find_volume                            0x08007328   Section        0  ff.o(i.find_volume)
    find_volume                              0x08007329   Thumb Code   750  ff.o(i.find_volume)
    i.follow_path                            0x08007628   Section        0  ff.o(i.follow_path)
    follow_path                              0x08007629   Thumb Code   162  ff.o(i.follow_path)
    i.fputc                                  0x080076cc   Section        0  main.o(i.fputc)
    i.get_fat                                0x080076e4   Section        0  ff.o(i.get_fat)
    get_fat                                  0x080076e5   Thumb Code   224  ff.o(i.get_fat)
    i.get_fattime                            0x080077c4   Section        0  fatfs.o(i.get_fattime)
    i.get_fileinfo                           0x080077c8   Section        0  ff.o(i.get_fileinfo)
    get_fileinfo                             0x080077c9   Thumb Code   140  ff.o(i.get_fileinfo)
    i.get_ldnumber                           0x08007854   Section        0  ff.o(i.get_ldnumber)
    get_ldnumber                             0x08007855   Thumb Code    72  ff.o(i.get_ldnumber)
    i.get_rtc_time                           0x0800789c   Section        0  main.o(i.get_rtc_time)
    i.inc_lock                               0x080078f4   Section        0  ff.o(i.inc_lock)
    inc_lock                                 0x080078f5   Thumb Code   182  ff.o(i.inc_lock)
    i.ld_clust                               0x080079b0   Section        0  ff.o(i.ld_clust)
    ld_clust                                 0x080079b1   Thumb Code    38  ff.o(i.ld_clust)
    i.ld_dword                               0x080079d6   Section        0  ff.o(i.ld_dword)
    ld_dword                                 0x080079d7   Thumb Code    24  ff.o(i.ld_dword)
    i.ld_word                                0x080079ee   Section        0  ff.o(i.ld_word)
    ld_word                                  0x080079ef   Thumb Code    12  ff.o(i.ld_word)
    i.main                                   0x080079fc   Section        0  main.o(i.main)
    i.mem_cmp                                0x08007aac   Section        0  ff.o(i.mem_cmp)
    mem_cmp                                  0x08007aad   Thumb Code    36  ff.o(i.mem_cmp)
    i.mem_cpy                                0x08007ad0   Section        0  ff.o(i.mem_cpy)
    mem_cpy                                  0x08007ad1   Thumb Code    26  ff.o(i.mem_cpy)
    i.mem_set                                0x08007aea   Section        0  ff.o(i.mem_set)
    mem_set                                  0x08007aeb   Thumb Code    18  ff.o(i.mem_set)
    i.move_window                            0x08007afc   Section        0  ff.o(i.move_window)
    move_window                              0x08007afd   Thumb Code    52  ff.o(i.move_window)
    i.put_fat                                0x08007b30   Section        0  ff.o(i.put_fat)
    put_fat                                  0x08007b31   Thumb Code   312  ff.o(i.put_fat)
    i.remove_chain                           0x08007c68   Section        0  ff.o(i.remove_chain)
    remove_chain                             0x08007c69   Thumb Code   154  ff.o(i.remove_chain)
    i.st_clust                               0x08007d02   Section        0  ff.o(i.st_clust)
    st_clust                                 0x08007d03   Thumb Code    36  ff.o(i.st_clust)
    i.st_dword                               0x08007d26   Section        0  ff.o(i.st_dword)
    st_dword                                 0x08007d27   Thumb Code    24  ff.o(i.st_dword)
    i.st_word                                0x08007d3e   Section        0  ff.o(i.st_word)
    st_word                                  0x08007d3f   Thumb Code    12  ff.o(i.st_word)
    i.sync_fs                                0x08007d4c   Section        0  ff.o(i.sync_fs)
    sync_fs                                  0x08007d4d   Thumb Code   134  ff.o(i.sync_fs)
    i.sync_window                            0x08007ddc   Section        0  ff.o(i.sync_window)
    sync_window                              0x08007ddd   Thumb Code    82  ff.o(i.sync_window)
    i.validate                               0x08007e2e   Section        0  ff.o(i.validate)
    validate                                 0x08007e2f   Thumb Code    60  ff.o(i.validate)
    .constdata                               0x08007e6a   Section       24  rtc.o(.constdata)
    .constdata                               0x08007e84   Section       20  sd_diskio.o(.constdata)
    .constdata                               0x08007e98   Section        8  stm32f4xx_hal_dma.o(.constdata)
    flagBitshiftOffset                       0x08007e98   Data           8  stm32f4xx_hal_dma.o(.constdata)
    .constdata                               0x08007ea0   Section       24  system_stm32f4xx.o(.constdata)
    .constdata                               0x08007eb8   Section       44  ff.o(.constdata)
    badchr                                   0x08007eb8   Data          16  ff.o(.constdata)
    cst                                      0x08007ec8   Data          14  ff.o(.constdata)
    cst32                                    0x08007ed6   Data          14  ff.o(.constdata)
    .data                                    0x20000000   Section       54  main.o(.data)
    .data                                    0x20000036   Section        1  sd_diskio.o(.data)
    Stat                                     0x20000036   Data           1  sd_diskio.o(.data)
    .data                                    0x20000038   Section       52  fatfs.o(.data)
    .data                                    0x2000006c   Section        9  stm32f4xx_hal.o(.data)
    .data                                    0x20000078   Section        4  system_stm32f4xx.o(.data)
    .data                                    0x2000007c   Section        6  ff.o(.data)
    FatFs                                    0x2000007c   Data           4  ff.o(.data)
    Fsid                                     0x20000080   Data           2  ff.o(.data)
    .data                                    0x20000084   Section        4  stdout.o(.data)
    .bss                                     0x20000088   Section     5856  main.o(.bss)
    .bss                                     0x20001768   Section      168  adc.o(.bss)
    .bss                                     0x20001810   Section       42  rtc.o(.bss)
    .bss                                     0x2000183c   Section      164  sdio.o(.bss)
    .bss                                     0x200018e0   Section      144  tim.o(.bss)
    .bss                                     0x20001970   Section       72  usart.o(.bss)
    .bss                                     0x200019b8   Section      632  fatfs.o(.bss)
    .bss                                     0x20001c30   Section       32  ff.o(.bss)
    Files                                    0x20001c30   Data          32  ff.o(.bss)
    .bss                                     0x20001c50   Section       12  ff_gen_drv.o(.bss)
    STACK                                    0x20001c60   Section     1024  startup_stm32f407xx.o(STACK)

    Global Symbols

    Symbol Name                              Value     Ov Type        Size  Object(Section)

    BuildAttributes$$THM_ISAv4$E$P$D$K$B$S$7EM$VFPi3$EXTD16$VFPS$VFMA$PE$A:L22UL41UL21$X:L11$S22US41US21$IEEE1$IW$USESV6$~STKCKD$USESV7$~SHL$OTIME$ROPI$EBA8$MICROLIB$REQ8$PRES8$EABIv2 0x00000000   Number         0  anon$$obj.o ABSOLUTE
    __ARM_use_no_argv                        0x00000000   Number         0  main.o ABSOLUTE
    _printf_a                                0x00000000   Number         0  stubs.o ABSOLUTE
    _printf_c                                0x00000000   Number         0  stubs.o ABSOLUTE
    _printf_charcount                        0x00000000   Number         0  stubs.o ABSOLUTE
    _printf_d                                0x00000000   Number         0  stubs.o ABSOLUTE
    _printf_e                                0x00000000   Number         0  stubs.o ABSOLUTE
    _printf_f                                0x00000000   Number         0  stubs.o ABSOLUTE
    _printf_flags                            0x00000000   Number         0  stubs.o ABSOLUTE
    _printf_fp_dec                           0x00000000   Number         0  stubs.o ABSOLUTE
    _printf_fp_hex                           0x00000000   Number         0  stubs.o ABSOLUTE
    _printf_g                                0x00000000   Number         0  stubs.o ABSOLUTE
    _printf_i                                0x00000000   Number         0  stubs.o ABSOLUTE
    _printf_int_dec                          0x00000000   Number         0  stubs.o ABSOLUTE
    _printf_l                                0x00000000   Number         0  stubs.o ABSOLUTE
    _printf_lc                               0x00000000   Number         0  stubs.o ABSOLUTE
    _printf_ll                               0x00000000   Number         0  stubs.o ABSOLUTE
    _printf_lld                              0x00000000   Number         0  stubs.o ABSOLUTE
    _printf_lli                              0x00000000   Number         0  stubs.o ABSOLUTE
    _printf_llo                              0x00000000   Number         0  stubs.o ABSOLUTE
    _printf_llu                              0x00000000   Number         0  stubs.o ABSOLUTE
    _printf_llx                              0x00000000   Number         0  stubs.o ABSOLUTE
    _printf_longlong_dec                     0x00000000   Number         0  stubs.o ABSOLUTE
    _printf_longlong_hex                     0x00000000   Number         0  stubs.o ABSOLUTE
    _printf_longlong_oct                     0x00000000   Number         0  stubs.o ABSOLUTE
    _printf_ls                               0x00000000   Number         0  stubs.o ABSOLUTE
    _printf_mbtowc                           0x00000000   Number         0  stubs.o ABSOLUTE
    _printf_n                                0x00000000   Number         0  stubs.o ABSOLUTE
    _printf_o                                0x00000000   Number         0  stubs.o ABSOLUTE
    _printf_p                                0x00000000   Number         0  stubs.o ABSOLUTE
    _printf_percent                          0x00000000   Number         0  stubs.o ABSOLUTE
    _printf_pre_padding                      0x00000000   Number         0  stubs.o ABSOLUTE
    _printf_return_value                     0x00000000   Number         0  stubs.o ABSOLUTE
    _printf_s                                0x00000000   Number         0  stubs.o ABSOLUTE
    _printf_sizespec                         0x00000000   Number         0  stubs.o ABSOLUTE
    _printf_str                              0x00000000   Number         0  stubs.o ABSOLUTE
    _printf_truncate_signed                  0x00000000   Number         0  stubs.o ABSOLUTE
    _printf_truncate_unsigned                0x00000000   Number         0  stubs.o ABSOLUTE
    _printf_u                                0x00000000   Number         0  stubs.o ABSOLUTE
    _printf_wc                               0x00000000   Number         0  stubs.o ABSOLUTE
    _printf_wctomb                           0x00000000   Number         0  stubs.o ABSOLUTE
    _printf_widthprec                        0x00000000   Number         0  stubs.o ABSOLUTE
    _printf_x                                0x00000000   Number         0  stubs.o ABSOLUTE
    __arm_fini_                               - Undefined Weak Reference
    __cpp_initialize__aeabi_                  - Undefined Weak Reference
    __cxa_finalize                            - Undefined Weak Reference
    __decompress                              - Undefined Weak Reference
    _clock_init                               - Undefined Weak Reference
    _microlib_exit                            - Undefined Weak Reference
    __Vectors_Size                           0x00000188   Number         0  startup_stm32f407xx.o ABSOLUTE
    __Vectors                                0x08000000   Data           4  startup_stm32f407xx.o(RESET)
    __Vectors_End                            0x08000188   Data           0  startup_stm32f407xx.o(RESET)
    __main                                   0x08000189   Thumb Code     0  entry.o(.ARM.Collect$$$$00000000)
    _main_stk                                0x08000189   Thumb Code     0  entry2.o(.ARM.Collect$$$$00000001)
    _main_scatterload                        0x0800018d   Thumb Code     0  entry5.o(.ARM.Collect$$$$00000004)
    __main_after_scatterload                 0x08000191   Thumb Code     0  entry5.o(.ARM.Collect$$$$00000004)
    _main_clock                              0x08000191   Thumb Code     0  entry7b.o(.ARM.Collect$$$$00000008)
    _main_cpp_init                           0x08000191   Thumb Code     0  entry8b.o(.ARM.Collect$$$$0000000A)
    _main_init                               0x08000191   Thumb Code     0  entry9a.o(.ARM.Collect$$$$0000000B)
    __rt_lib_shutdown_fini                   0x08000199   Thumb Code     0  entry12b.o(.ARM.Collect$$$$0000000E)
    __rt_final_cpp                           0x0800019d   Thumb Code     0  entry10a.o(.ARM.Collect$$$$0000000F)
    __rt_final_exit                          0x0800019d   Thumb Code     0  entry11a.o(.ARM.Collect$$$$00000011)
    Reset_Handler                            0x080001a1   Thumb Code     8  startup_stm32f407xx.o(.text)
    ADC_IRQHandler                           0x080001bb   Thumb Code     0  startup_stm32f407xx.o(.text)
    CAN1_RX0_IRQHandler                      0x080001bb   Thumb Code     0  startup_stm32f407xx.o(.text)
    CAN1_RX1_IRQHandler                      0x080001bb   Thumb Code     0  startup_stm32f407xx.o(.text)
    CAN1_SCE_IRQHandler                      0x080001bb   Thumb Code     0  startup_stm32f407xx.o(.text)
    CAN1_TX_IRQHandler                       0x080001bb   Thumb Code     0  startup_stm32f407xx.o(.text)
    CAN2_RX0_IRQHandler                      0x080001bb   Thumb Code     0  startup_stm32f407xx.o(.text)
    CAN2_RX1_IRQHandler                      0x080001bb   Thumb Code     0  startup_stm32f407xx.o(.text)
    CAN2_SCE_IRQHandler                      0x080001bb   Thumb Code     0  startup_stm32f407xx.o(.text)
    CAN2_TX_IRQHandler                       0x080001bb   Thumb Code     0  startup_stm32f407xx.o(.text)
    DCMI_IRQHandler                          0x080001bb   Thumb Code     0  startup_stm32f407xx.o(.text)
    DMA1_Stream0_IRQHandler                  0x080001bb   Thumb Code     0  startup_stm32f407xx.o(.text)
    DMA1_Stream1_IRQHandler                  0x080001bb   Thumb Code     0  startup_stm32f407xx.o(.text)
    DMA1_Stream2_IRQHandler                  0x080001bb   Thumb Code     0  startup_stm32f407xx.o(.text)
    DMA1_Stream3_IRQHandler                  0x080001bb   Thumb Code     0  startup_stm32f407xx.o(.text)
    DMA1_Stream4_IRQHandler                  0x080001bb   Thumb Code     0  startup_stm32f407xx.o(.text)
    DMA1_Stream5_IRQHandler                  0x080001bb   Thumb Code     0  startup_stm32f407xx.o(.text)
    DMA1_Stream6_IRQHandler                  0x080001bb   Thumb Code     0  startup_stm32f407xx.o(.text)
    DMA1_Stream7_IRQHandler                  0x080001bb   Thumb Code     0  startup_stm32f407xx.o(.text)
    DMA2_Stream1_IRQHandler                  0x080001bb   Thumb Code     0  startup_stm32f407xx.o(.text)
    DMA2_Stream2_IRQHandler                  0x080001bb   Thumb Code     0  startup_stm32f407xx.o(.text)
    DMA2_Stream3_IRQHandler                  0x080001bb   Thumb Code     0  startup_stm32f407xx.o(.text)
    DMA2_Stream4_IRQHandler                  0x080001bb   Thumb Code     0  startup_stm32f407xx.o(.text)
    DMA2_Stream5_IRQHandler                  0x080001bb   Thumb Code     0  startup_stm32f407xx.o(.text)
    DMA2_Stream6_IRQHandler                  0x080001bb   Thumb Code     0  startup_stm32f407xx.o(.text)
    DMA2_Stream7_IRQHandler                  0x080001bb   Thumb Code     0  startup_stm32f407xx.o(.text)
    ETH_IRQHandler                           0x080001bb   Thumb Code     0  startup_stm32f407xx.o(.text)
    ETH_WKUP_IRQHandler                      0x080001bb   Thumb Code     0  startup_stm32f407xx.o(.text)
    EXTI0_IRQHandler                         0x080001bb   Thumb Code     0  startup_stm32f407xx.o(.text)
    EXTI15_10_IRQHandler                     0x080001bb   Thumb Code     0  startup_stm32f407xx.o(.text)
    EXTI1_IRQHandler                         0x080001bb   Thumb Code     0  startup_stm32f407xx.o(.text)
    EXTI2_IRQHandler                         0x080001bb   Thumb Code     0  startup_stm32f407xx.o(.text)
    EXTI3_IRQHandler                         0x080001bb   Thumb Code     0  startup_stm32f407xx.o(.text)
    EXTI4_IRQHandler                         0x080001bb   Thumb Code     0  startup_stm32f407xx.o(.text)
    EXTI9_5_IRQHandler                       0x080001bb   Thumb Code     0  startup_stm32f407xx.o(.text)
    FLASH_IRQHandler                         0x080001bb   Thumb Code     0  startup_stm32f407xx.o(.text)
    FMC_IRQHandler                           0x080001bb   Thumb Code     0  startup_stm32f407xx.o(.text)
    FPU_IRQHandler                           0x080001bb   Thumb Code     0  startup_stm32f407xx.o(.text)
    HASH_RNG_IRQHandler                      0x080001bb   Thumb Code     0  startup_stm32f407xx.o(.text)
    I2C1_ER_IRQHandler                       0x080001bb   Thumb Code     0  startup_stm32f407xx.o(.text)
    I2C1_EV_IRQHandler                       0x080001bb   Thumb Code     0  startup_stm32f407xx.o(.text)
    I2C2_ER_IRQHandler                       0x080001bb   Thumb Code     0  startup_stm32f407xx.o(.text)
    I2C2_EV_IRQHandler                       0x080001bb   Thumb Code     0  startup_stm32f407xx.o(.text)
    I2C3_ER_IRQHandler                       0x080001bb   Thumb Code     0  startup_stm32f407xx.o(.text)
    I2C3_EV_IRQHandler                       0x080001bb   Thumb Code     0  startup_stm32f407xx.o(.text)
    OTG_FS_IRQHandler                        0x080001bb   Thumb Code     0  startup_stm32f407xx.o(.text)
    OTG_FS_WKUP_IRQHandler                   0x080001bb   Thumb Code     0  startup_stm32f407xx.o(.text)
    OTG_HS_EP1_IN_IRQHandler                 0x080001bb   Thumb Code     0  startup_stm32f407xx.o(.text)
    OTG_HS_EP1_OUT_IRQHandler                0x080001bb   Thumb Code     0  startup_stm32f407xx.o(.text)
    OTG_HS_IRQHandler                        0x080001bb   Thumb Code     0  startup_stm32f407xx.o(.text)
    OTG_HS_WKUP_IRQHandler                   0x080001bb   Thumb Code     0  startup_stm32f407xx.o(.text)
    PVD_IRQHandler                           0x080001bb   Thumb Code     0  startup_stm32f407xx.o(.text)
    RCC_IRQHandler                           0x080001bb   Thumb Code     0  startup_stm32f407xx.o(.text)
    RTC_Alarm_IRQHandler                     0x080001bb   Thumb Code     0  startup_stm32f407xx.o(.text)
    RTC_WKUP_IRQHandler                      0x080001bb   Thumb Code     0  startup_stm32f407xx.o(.text)
    SDIO_IRQHandler                          0x080001bb   Thumb Code     0  startup_stm32f407xx.o(.text)
    SPI1_IRQHandler                          0x080001bb   Thumb Code     0  startup_stm32f407xx.o(.text)
    SPI2_IRQHandler                          0x080001bb   Thumb Code     0  startup_stm32f407xx.o(.text)
    SPI3_IRQHandler                          0x080001bb   Thumb Code     0  startup_stm32f407xx.o(.text)
    TAMP_STAMP_IRQHandler                    0x080001bb   Thumb Code     0  startup_stm32f407xx.o(.text)
    TIM1_BRK_TIM9_IRQHandler                 0x080001bb   Thumb Code     0  startup_stm32f407xx.o(.text)
    TIM1_CC_IRQHandler                       0x080001bb   Thumb Code     0  startup_stm32f407xx.o(.text)
    TIM1_TRG_COM_TIM11_IRQHandler            0x080001bb   Thumb Code     0  startup_stm32f407xx.o(.text)
    TIM1_UP_TIM10_IRQHandler                 0x080001bb   Thumb Code     0  startup_stm32f407xx.o(.text)
    TIM2_IRQHandler                          0x080001bb   Thumb Code     0  startup_stm32f407xx.o(.text)
    TIM4_IRQHandler                          0x080001bb   Thumb Code     0  startup_stm32f407xx.o(.text)
    TIM5_IRQHandler                          0x080001bb   Thumb Code     0  startup_stm32f407xx.o(.text)
    TIM6_DAC_IRQHandler                      0x080001bb   Thumb Code     0  startup_stm32f407xx.o(.text)
    TIM7_IRQHandler                          0x080001bb   Thumb Code     0  startup_stm32f407xx.o(.text)
    TIM8_BRK_TIM12_IRQHandler                0x080001bb   Thumb Code     0  startup_stm32f407xx.o(.text)
    TIM8_CC_IRQHandler                       0x080001bb   Thumb Code     0  startup_stm32f407xx.o(.text)
    TIM8_TRG_COM_TIM14_IRQHandler            0x080001bb   Thumb Code     0  startup_stm32f407xx.o(.text)
    TIM8_UP_TIM13_IRQHandler                 0x080001bb   Thumb Code     0  startup_stm32f407xx.o(.text)
    UART4_IRQHandler                         0x080001bb   Thumb Code     0  startup_stm32f407xx.o(.text)
    UART5_IRQHandler                         0x080001bb   Thumb Code     0  startup_stm32f407xx.o(.text)
    USART1_IRQHandler                        0x080001bb   Thumb Code     0  startup_stm32f407xx.o(.text)
    USART2_IRQHandler                        0x080001bb   Thumb Code     0  startup_stm32f407xx.o(.text)
    USART3_IRQHandler                        0x080001bb   Thumb Code     0  startup_stm32f407xx.o(.text)
    USART6_IRQHandler                        0x080001bb   Thumb Code     0  startup_stm32f407xx.o(.text)
    WWDG_IRQHandler                          0x080001bb   Thumb Code     0  startup_stm32f407xx.o(.text)
    __aeabi_uldivmod                         0x080001c5   Thumb Code    98  uldiv.o(.text)
    __aeabi_memset                           0x08000227   Thumb Code    14  memseta.o(.text)
    __aeabi_memset4                          0x08000227   Thumb Code     0  memseta.o(.text)
    __aeabi_memset8                          0x08000227   Thumb Code     0  memseta.o(.text)
    __aeabi_memclr                           0x08000235   Thumb Code     4  memseta.o(.text)
    __aeabi_memclr4                          0x08000235   Thumb Code     0  memseta.o(.text)
    __aeabi_memclr8                          0x08000235   Thumb Code     0  memseta.o(.text)
    _memset$wrapper                          0x08000239   Thumb Code    18  memseta.o(.text)
    strlen                                   0x0800024b   Thumb Code    14  strlen.o(.text)
    __aeabi_dadd                             0x08000259   Thumb Code   322  dadd.o(.text)
    __aeabi_dsub                             0x0800039b   Thumb Code     6  dadd.o(.text)
    __aeabi_drsub                            0x080003a1   Thumb Code     6  dadd.o(.text)
    __aeabi_dmul                             0x080003a7   Thumb Code   228  dmul.o(.text)
    __aeabi_ddiv                             0x0800048b   Thumb Code   222  ddiv.o(.text)
    __aeabi_ui2d                             0x08000569   Thumb Code    26  dfltui.o(.text)
    __aeabi_uidiv                            0x08000583   Thumb Code     0  uidiv.o(.text)
    __aeabi_uidivmod                         0x08000583   Thumb Code    44  uidiv.o(.text)
    __aeabi_llsl                             0x080005af   Thumb Code    30  llshl.o(.text)
    _ll_shift_l                              0x080005af   Thumb Code     0  llshl.o(.text)
    __aeabi_llsr                             0x080005cd   Thumb Code    32  llushr.o(.text)
    _ll_ushift_r                             0x080005cd   Thumb Code     0  llushr.o(.text)
    __aeabi_lasr                             0x080005ed   Thumb Code    36  llsshr.o(.text)
    _ll_sshift_r                             0x080005ed   Thumb Code     0  llsshr.o(.text)
    __I$use$fp                               0x08000611   Thumb Code     0  iusefp.o(.text)
    _double_round                            0x08000611   Thumb Code    30  depilogue.o(.text)
    _double_epilogue                         0x0800062f   Thumb Code   156  depilogue.o(.text)
    __aeabi_d2ulz                            0x080006cb   Thumb Code    48  dfixul.o(.text)
    __aeabi_cdrcmple                         0x080006fd   Thumb Code    48  cdrcmple.o(.text)
    __scatterload                            0x0800072d   Thumb Code    28  init.o(.text)
    __scatterload_rt2                        0x0800072d   Thumb Code     0  init.o(.text)
    BSP_PlatformIsDetected                   0x08000959   Thumb Code    20  fatfs_platform.o(i.BSP_PlatformIsDetected)
    BSP_SD_GetCardInfo                       0x08000971   Thumb Code    14  bsp_driver_sd.o(i.BSP_SD_GetCardInfo)
    BSP_SD_GetCardState                      0x08000985   Thumb Code    20  bsp_driver_sd.o(i.BSP_SD_GetCardState)
    BSP_SD_Init                              0x0800099d   Thumb Code    44  bsp_driver_sd.o(i.BSP_SD_Init)
    BSP_SD_IsDetected                        0x080009cd   Thumb Code    22  bsp_driver_sd.o(i.BSP_SD_IsDetected)
    BSP_SD_ReadBlocks                        0x080009e5   Thumb Code    42  bsp_driver_sd.o(i.BSP_SD_ReadBlocks)
    BSP_SD_WriteBlocks                       0x08000a15   Thumb Code    42  bsp_driver_sd.o(i.BSP_SD_WriteBlocks)
    BusFault_Handler                         0x08000a45   Thumb Code     4  stm32f4xx_it.o(i.BusFault_Handler)
    DMA2_Stream0_IRQHandler                  0x08000a49   Thumb Code    10  stm32f4xx_it.o(i.DMA2_Stream0_IRQHandler)
    DebugMon_Handler                         0x08000b63   Thumb Code     2  stm32f4xx_it.o(i.DebugMon_Handler)
    Error_Handler                            0x08000b65   Thumb Code     6  main.o(i.Error_Handler)
    FATFS_LinkDriver                         0x08000b6b   Thumb Code    18  ff_gen_drv.o(i.FATFS_LinkDriver)
    FATFS_LinkDriverEx                       0x08000b7d   Thumb Code    78  ff_gen_drv.o(i.FATFS_LinkDriverEx)
    HAL_ADC_ConfigChannel                    0x08000bd1   Thumb Code   380  stm32f4xx_hal_adc.o(i.HAL_ADC_ConfigChannel)
    HAL_ADC_ConvCpltCallback                 0x08000d5d   Thumb Code   114  main.o(i.HAL_ADC_ConvCpltCallback)
    HAL_ADC_ConvHalfCpltCallback             0x08000dfd   Thumb Code     2  stm32f4xx_hal_adc.o(i.HAL_ADC_ConvHalfCpltCallback)
    HAL_ADC_ErrorCallback                    0x08000dff   Thumb Code     2  stm32f4xx_hal_adc.o(i.HAL_ADC_ErrorCallback)
    HAL_ADC_Init                             0x08000e01   Thumb Code   100  stm32f4xx_hal_adc.o(i.HAL_ADC_Init)
    HAL_ADC_MspInit                          0x08000e69   Thumb Code   180  adc.o(i.HAL_ADC_MspInit)
    HAL_ADC_Start_DMA                        0x08000f31   Thumb Code   406  stm32f4xx_hal_adc.o(i.HAL_ADC_Start_DMA)
    HAL_DMA_Abort                            0x080010ed   Thumb Code   172  stm32f4xx_hal_dma.o(i.HAL_DMA_Abort)
    HAL_DMA_IRQHandler                       0x08001199   Thumb Code   570  stm32f4xx_hal_dma.o(i.HAL_DMA_IRQHandler)
    HAL_DMA_Init                             0x080013d9   Thumb Code   232  stm32f4xx_hal_dma.o(i.HAL_DMA_Init)
    HAL_DMA_Start_IT                         0x080014c5   Thumb Code   146  stm32f4xx_hal_dma.o(i.HAL_DMA_Start_IT)
    HAL_Delay                                0x08001559   Thumb Code    36  stm32f4xx_hal.o(i.HAL_Delay)
    HAL_GPIO_Init                            0x08001581   Thumb Code   454  stm32f4xx_hal_gpio.o(i.HAL_GPIO_Init)
    HAL_GPIO_ReadPin                         0x08001775   Thumb Code    16  stm32f4xx_hal_gpio.o(i.HAL_GPIO_ReadPin)
    HAL_GPIO_TogglePin                       0x08001785   Thumb Code    20  stm32f4xx_hal_gpio.o(i.HAL_GPIO_TogglePin)
    HAL_GPIO_WritePin                        0x08001799   Thumb Code    12  stm32f4xx_hal_gpio.o(i.HAL_GPIO_WritePin)
    HAL_GetTick                              0x080017a5   Thumb Code     6  stm32f4xx_hal.o(i.HAL_GetTick)
    HAL_IncTick                              0x080017b1   Thumb Code    16  stm32f4xx_hal.o(i.HAL_IncTick)
    HAL_Init                                 0x080017c9   Thumb Code    54  stm32f4xx_hal.o(i.HAL_Init)
    HAL_InitTick                             0x08001805   Thumb Code    64  stm32f4xx_hal.o(i.HAL_InitTick)
    HAL_MspInit                              0x08001851   Thumb Code    68  stm32f4xx_hal_msp.o(i.HAL_MspInit)
    HAL_NVIC_EnableIRQ                       0x08001899   Thumb Code    40  stm32f4xx_hal_cortex.o(i.HAL_NVIC_EnableIRQ)
    HAL_NVIC_SetPriority                     0x080018c1   Thumb Code   124  stm32f4xx_hal_cortex.o(i.HAL_NVIC_SetPriority)
    HAL_NVIC_SetPriorityGrouping             0x0800193d   Thumb Code    32  stm32f4xx_hal_cortex.o(i.HAL_NVIC_SetPriorityGrouping)
    HAL_RCCEx_PeriphCLKConfig                0x08001965   Thumb Code   396  stm32f4xx_hal_rcc_ex.o(i.HAL_RCCEx_PeriphCLKConfig)
    HAL_RCC_ClockConfig                      0x08001b05   Thumb Code   368  stm32f4xx_hal_rcc.o(i.HAL_RCC_ClockConfig)
    HAL_RCC_GetHCLKFreq                      0x08001c89   Thumb Code     6  stm32f4xx_hal_rcc.o(i.HAL_RCC_GetHCLKFreq)
    HAL_RCC_GetPCLK1Freq                     0x08001c95   Thumb Code    22  stm32f4xx_hal_rcc.o(i.HAL_RCC_GetPCLK1Freq)
    HAL_RCC_GetPCLK2Freq                     0x08001cb5   Thumb Code    22  stm32f4xx_hal_rcc.o(i.HAL_RCC_GetPCLK2Freq)
    HAL_RCC_GetSysClockFreq                  0x08001cd5   Thumb Code   162  stm32f4xx_hal_rcc.o(i.HAL_RCC_GetSysClockFreq)
    HAL_RCC_OscConfig                        0x08001d85   Thumb Code  1172  stm32f4xx_hal_rcc.o(i.HAL_RCC_OscConfig)
    HAL_RTCEx_BKUPRead                       0x08002221   Thumb Code    18  stm32f4xx_hal_rtc_ex.o(i.HAL_RTCEx_BKUPRead)
    HAL_RTCEx_BKUPWrite                      0x08002233   Thumb Code    18  stm32f4xx_hal_rtc_ex.o(i.HAL_RTCEx_BKUPWrite)
    HAL_RTC_GetDate                          0x08002245   Thumb Code    72  stm32f4xx_hal_rtc.o(i.HAL_RTC_GetDate)
    HAL_RTC_GetTime                          0x08002291   Thumb Code    88  stm32f4xx_hal_rtc.o(i.HAL_RTC_GetTime)
    HAL_RTC_Init                             0x080022ed   Thumb Code   174  stm32f4xx_hal_rtc.o(i.HAL_RTC_Init)
    HAL_RTC_MspInit                          0x080023a1   Thumb Code    50  rtc.o(i.HAL_RTC_MspInit)
    HAL_RTC_SetDate                          0x080023dd   Thumb Code   188  stm32f4xx_hal_rtc.o(i.HAL_RTC_SetDate)
    HAL_RTC_SetTime                          0x0800249d   Thumb Code   230  stm32f4xx_hal_rtc.o(i.HAL_RTC_SetTime)
    HAL_RTC_WaitForSynchro                   0x08002589   Thumb Code    52  stm32f4xx_hal_rtc.o(i.HAL_RTC_WaitForSynchro)
    HAL_SD_ConfigWideBusOperation            0x080025c1   Thumb Code   196  stm32f4xx_hal_sd.o(i.HAL_SD_ConfigWideBusOperation)
    HAL_SD_GetCardCSD                        0x08002689   Thumb Code   450  stm32f4xx_hal_sd.o(i.HAL_SD_GetCardCSD)
    HAL_SD_GetCardInfo                       0x08002851   Thumb Code    38  stm32f4xx_hal_sd.o(i.HAL_SD_GetCardInfo)
    HAL_SD_GetCardState                      0x08002877   Thumb Code    36  stm32f4xx_hal_sd.o(i.HAL_SD_GetCardState)
    HAL_SD_Init                              0x0800289b   Thumb Code    60  stm32f4xx_hal_sd.o(i.HAL_SD_Init)
    HAL_SD_InitCard                          0x080028d9   Thumb Code   160  stm32f4xx_hal_sd.o(i.HAL_SD_InitCard)
    HAL_SD_MspInit                           0x08002981   Thumb Code   182  sdio.o(i.HAL_SD_MspInit)
    HAL_SD_ReadBlocks                        0x08002a49   Thumb Code   670  stm32f4xx_hal_sd.o(i.HAL_SD_ReadBlocks)
    HAL_SD_WriteBlocks                       0x08002ced   Thumb Code   566  stm32f4xx_hal_sd.o(i.HAL_SD_WriteBlocks)
    HAL_SYSTICK_Config                       0x08002f29   Thumb Code    52  stm32f4xx_hal_cortex.o(i.HAL_SYSTICK_Config)
    HAL_TIMEx_BreakCallback                  0x08002f5d   Thumb Code     2  stm32f4xx_hal_tim_ex.o(i.HAL_TIMEx_BreakCallback)
    HAL_TIMEx_CommutCallback                 0x08002f5f   Thumb Code     2  stm32f4xx_hal_tim_ex.o(i.HAL_TIMEx_CommutCallback)
    HAL_TIMEx_MasterConfigSynchronization    0x08002f61   Thumb Code   150  stm32f4xx_hal_tim_ex.o(i.HAL_TIMEx_MasterConfigSynchronization)
    HAL_TIM_Base_Init                        0x08003015   Thumb Code   102  stm32f4xx_hal_tim.o(i.HAL_TIM_Base_Init)
    HAL_TIM_Base_MspInit                     0x0800307d   Thumb Code    84  tim.o(i.HAL_TIM_Base_MspInit)
    HAL_TIM_Base_Start                       0x080030d9   Thumb Code   126  stm32f4xx_hal_tim.o(i.HAL_TIM_Base_Start)
    HAL_TIM_Base_Start_IT                    0x08003175   Thumb Code   138  stm32f4xx_hal_tim.o(i.HAL_TIM_Base_Start_IT)
    HAL_TIM_ConfigClockSource                0x0800321d   Thumb Code   268  stm32f4xx_hal_tim.o(i.HAL_TIM_ConfigClockSource)
    HAL_TIM_IC_CaptureCallback               0x08003329   Thumb Code     2  stm32f4xx_hal_tim.o(i.HAL_TIM_IC_CaptureCallback)
    HAL_TIM_IRQHandler                       0x0800332b   Thumb Code   364  stm32f4xx_hal_tim.o(i.HAL_TIM_IRQHandler)
    HAL_TIM_OC_DelayElapsedCallback          0x08003497   Thumb Code     2  stm32f4xx_hal_tim.o(i.HAL_TIM_OC_DelayElapsedCallback)
    HAL_TIM_PWM_PulseFinishedCallback        0x08003499   Thumb Code     2  stm32f4xx_hal_tim.o(i.HAL_TIM_PWM_PulseFinishedCallback)
    HAL_TIM_PeriodElapsedCallback            0x0800349d   Thumb Code    20  main.o(i.HAL_TIM_PeriodElapsedCallback)
    HAL_TIM_TriggerCallback                  0x080034b9   Thumb Code     2  stm32f4xx_hal_tim.o(i.HAL_TIM_TriggerCallback)
    HAL_UART_Init                            0x080034bb   Thumb Code   118  stm32f4xx_hal_uart.o(i.HAL_UART_Init)
    HAL_UART_MspInit                         0x08003531   Thumb Code   124  usart.o(i.HAL_UART_MspInit)
    HAL_UART_Transmit                        0x080035b9   Thumb Code   190  stm32f4xx_hal_uart.o(i.HAL_UART_Transmit)
    HardFault_Handler                        0x08003677   Thumb Code     4  stm32f4xx_it.o(i.HardFault_Handler)
    MX_ADC1_Init                             0x0800367d   Thumb Code   102  adc.o(i.MX_ADC1_Init)
    MX_DMA_Init                              0x080036ed   Thumb Code    52  dma.o(i.MX_DMA_Init)
    MX_FATFS_Init                            0x08003725   Thumb Code    12  fatfs.o(i.MX_FATFS_Init)
    MX_GPIO_Init                             0x08003739   Thumb Code   190  gpio.o(i.MX_GPIO_Init)
    MX_RTC_Init                              0x08003805   Thumb Code    98  rtc.o(i.MX_RTC_Init)
    MX_SDIO_SD_Init                          0x0800387d   Thumb Code    74  sdio.o(i.MX_SDIO_SD_Init)
    MX_TIM2_Init                             0x080038e9   Thumb Code   120  tim.o(i.MX_TIM2_Init)
    MX_TIM3_Init                             0x080039b5   Thumb Code   114  tim.o(i.MX_TIM3_Init)
    MX_USART1_UART_Init                      0x08003a31   Thumb Code    46  usart.o(i.MX_USART1_UART_Init)
    MemManage_Handler                        0x08003a69   Thumb Code     4  stm32f4xx_it.o(i.MemManage_Handler)
    NMI_Handler                              0x08003a6d   Thumb Code     4  stm32f4xx_it.o(i.NMI_Handler)
    PendSV_Handler                           0x08003a71   Thumb Code     2  stm32f4xx_it.o(i.PendSV_Handler)
    ProcessBuffer                            0x08003a75   Thumb Code   166  main.o(i.ProcessBuffer)
    RTC_Bcd2ToByte                           0x08003b31   Thumb Code    22  stm32f4xx_hal_rtc.o(i.RTC_Bcd2ToByte)
    RTC_ByteToBcd2                           0x08003b47   Thumb Code    26  stm32f4xx_hal_rtc.o(i.RTC_ByteToBcd2)
    RTC_EnterInitMode                        0x08003b61   Thumb Code    74  stm32f4xx_hal_rtc.o(i.RTC_EnterInitMode)
    RTC_ExitInitMode                         0x08003bab   Thumb Code    46  stm32f4xx_hal_rtc.o(i.RTC_ExitInitMode)
    RTC_Get                                  0x08003bd9   Thumb Code    90  rtc.o(i.RTC_Get)
    RTC_Get_Week                             0x08003c3d   Thumb Code   116  rtc.o(i.RTC_Get_Week)
    RTC_Set                                  0x08003cb5   Thumb Code   112  rtc.o(i.RTC_Set)
    RecordInterval                           0x08003d29   Thumb Code    94  main.o(i.RecordInterval)
    SDIO_ConfigData                          0x08003d91   Thumb Code    44  stm32f4xx_ll_sdmmc.o(i.SDIO_ConfigData)
    SDIO_GetCommandResponse                  0x08003dbd   Thumb Code     8  stm32f4xx_ll_sdmmc.o(i.SDIO_GetCommandResponse)
    SDIO_GetPowerState                       0x08003dc5   Thumb Code    10  stm32f4xx_ll_sdmmc.o(i.SDIO_GetPowerState)
    SDIO_GetResponse                         0x08003dcf   Thumb Code    12  stm32f4xx_ll_sdmmc.o(i.SDIO_GetResponse)
    SDIO_Init                                0x08003ddb   Thumb Code    52  stm32f4xx_ll_sdmmc.o(i.SDIO_Init)
    SDIO_PowerState_ON                       0x08003e0f   Thumb Code    10  stm32f4xx_ll_sdmmc.o(i.SDIO_PowerState_ON)
    SDIO_ReadFIFO                            0x08003e19   Thumb Code     8  stm32f4xx_ll_sdmmc.o(i.SDIO_ReadFIFO)
    SDIO_SendCommand                         0x08003e21   Thumb Code    40  stm32f4xx_ll_sdmmc.o(i.SDIO_SendCommand)
    SDIO_WriteFIFO                           0x08003e49   Thumb Code    12  stm32f4xx_ll_sdmmc.o(i.SDIO_WriteFIFO)
    SDMMC_CmdAppCommand                      0x08003e55   Thumb Code    56  stm32f4xx_ll_sdmmc.o(i.SDMMC_CmdAppCommand)
    SDMMC_CmdAppOperCommand                  0x08003e8d   Thumb Code    54  stm32f4xx_ll_sdmmc.o(i.SDMMC_CmdAppOperCommand)
    SDMMC_CmdBlockLength                     0x08003ec9   Thumb Code    56  stm32f4xx_ll_sdmmc.o(i.SDMMC_CmdBlockLength)
    SDMMC_CmdBusWidth                        0x08003f01   Thumb Code    56  stm32f4xx_ll_sdmmc.o(i.SDMMC_CmdBusWidth)
    SDMMC_CmdGoIdleState                     0x08003f39   Thumb Code    44  stm32f4xx_ll_sdmmc.o(i.SDMMC_CmdGoIdleState)
    SDMMC_CmdOperCond                        0x08003f65   Thumb Code    52  stm32f4xx_ll_sdmmc.o(i.SDMMC_CmdOperCond)
    SDMMC_CmdReadMultiBlock                  0x08003f99   Thumb Code    56  stm32f4xx_ll_sdmmc.o(i.SDMMC_CmdReadMultiBlock)
    SDMMC_CmdReadSingleBlock                 0x08003fd1   Thumb Code    56  stm32f4xx_ll_sdmmc.o(i.SDMMC_CmdReadSingleBlock)
    SDMMC_CmdSelDesel                        0x08004009   Thumb Code    58  stm32f4xx_ll_sdmmc.o(i.SDMMC_CmdSelDesel)
    SDMMC_CmdSendCID                         0x08004043   Thumb Code    50  stm32f4xx_ll_sdmmc.o(i.SDMMC_CmdSendCID)
    SDMMC_CmdSendCSD                         0x08004075   Thumb Code    50  stm32f4xx_ll_sdmmc.o(i.SDMMC_CmdSendCSD)
    SDMMC_CmdSendSCR                         0x080040a7   Thumb Code    56  stm32f4xx_ll_sdmmc.o(i.SDMMC_CmdSendSCR)
    SDMMC_CmdSendStatus                      0x080040df   Thumb Code    56  stm32f4xx_ll_sdmmc.o(i.SDMMC_CmdSendStatus)
    SDMMC_CmdSetRelAdd                       0x08004117   Thumb Code    56  stm32f4xx_ll_sdmmc.o(i.SDMMC_CmdSetRelAdd)
    SDMMC_CmdStopTransfer                    0x08004151   Thumb Code    54  stm32f4xx_ll_sdmmc.o(i.SDMMC_CmdStopTransfer)
    SDMMC_CmdWriteMultiBlock                 0x0800418d   Thumb Code    56  stm32f4xx_ll_sdmmc.o(i.SDMMC_CmdWriteMultiBlock)
    SDMMC_CmdWriteSingleBlock                0x080041c5   Thumb Code    56  stm32f4xx_ll_sdmmc.o(i.SDMMC_CmdWriteSingleBlock)
    SDMMC_GetCmdResp1                        0x0800423d   Thumb Code   418  stm32f4xx_ll_sdmmc.o(i.SDMMC_GetCmdResp1)
    SDMMC_GetCmdResp2                        0x080043e9   Thumb Code    96  stm32f4xx_ll_sdmmc.o(i.SDMMC_GetCmdResp2)
    SDMMC_GetCmdResp3                        0x0800444d   Thumb Code    82  stm32f4xx_ll_sdmmc.o(i.SDMMC_GetCmdResp3)
    SDMMC_GetCmdResp6                        0x080044a5   Thumb Code   180  stm32f4xx_ll_sdmmc.o(i.SDMMC_GetCmdResp6)
    SDMMC_GetCmdResp7                        0x0800455d   Thumb Code   104  stm32f4xx_ll_sdmmc.o(i.SDMMC_GetCmdResp7)
    SD_Init                                  0x0800473d   Thumb Code   206  main.o(i.SD_Init)
    SD_initialize                            0x08004be1   Thumb Code    32  sd_diskio.o(i.SD_initialize)
    SD_ioctl                                 0x08004c05   Thumb Code   102  sd_diskio.o(i.SD_ioctl)
    SD_read                                  0x08004c71   Thumb Code    46  sd_diskio.o(i.SD_read)
    SD_status                                0x08004c9f   Thumb Code    12  sd_diskio.o(i.SD_status)
    SD_write                                 0x08004cab   Thumb Code    46  sd_diskio.o(i.SD_write)
    SVC_Handler                              0x08004cd9   Thumb Code     2  stm32f4xx_it.o(i.SVC_Handler)
    SysTick_Handler                          0x08004cdb   Thumb Code     8  stm32f4xx_it.o(i.SysTick_Handler)
    SystemClock_Config                       0x08004ce5   Thumb Code   176  main.o(i.SystemClock_Config)
    SystemInit                               0x08004d9d   Thumb Code    14  system_stm32f4xx.o(i.SystemInit)
    TIM3_IRQHandler                          0x08004db1   Thumb Code    10  stm32f4xx_it.o(i.TIM3_IRQHandler)
    TIM_Base_SetConfig                       0x08004dc1   Thumb Code   178  stm32f4xx_hal_tim.o(i.TIM_Base_SetConfig)
    TIM_ETR_SetConfig                        0x08004ea1   Thumb Code    22  stm32f4xx_hal_tim.o(i.TIM_ETR_SetConfig)
    UsageFault_Handler                       0x0800523d   Thumb Code     4  stm32f4xx_it.o(i.UsageFault_Handler)
    WriteToSD                                0x08005241   Thumb Code   224  main.o(i.WriteToSD)
    __0printf                                0x08005385   Thumb Code    22  printfa.o(i.__0printf)
    __1printf                                0x08005385   Thumb Code     0  printfa.o(i.__0printf)
    __2printf                                0x08005385   Thumb Code     0  printfa.o(i.__0printf)
    __c89printf                              0x08005385   Thumb Code     0  printfa.o(i.__0printf)
    printf                                   0x08005385   Thumb Code     0  printfa.o(i.__0printf)
    __0sprintf                               0x080053a5   Thumb Code    34  printfa.o(i.__0sprintf)
    __1sprintf                               0x080053a5   Thumb Code     0  printfa.o(i.__0sprintf)
    __2sprintf                               0x080053a5   Thumb Code     0  printfa.o(i.__0sprintf)
    __c89sprintf                             0x080053a5   Thumb Code     0  printfa.o(i.__0sprintf)
    sprintf                                  0x080053a5   Thumb Code     0  printfa.o(i.__0sprintf)
    __scatterload_copy                       0x08005405   Thumb Code    14  handlers.o(i.__scatterload_copy)
    __scatterload_null                       0x08005413   Thumb Code     2  handlers.o(i.__scatterload_null)
    __scatterload_zeroinit                   0x08005415   Thumb Code    14  handlers.o(i.__scatterload_zeroinit)
    disk_initialize                          0x08006397   Thumb Code    32  diskio.o(i.disk_initialize)
    disk_ioctl                               0x080063b9   Thumb Code    36  diskio.o(i.disk_ioctl)
    disk_read                                0x080063e1   Thumb Code    42  diskio.o(i.disk_read)
    disk_status                              0x08006411   Thumb Code    24  diskio.o(i.disk_status)
    disk_write                               0x0800642d   Thumb Code    42  diskio.o(i.disk_write)
    f_close                                  0x08006485   Thumb Code    44  ff.o(i.f_close)
    f_getfree                                0x080064b1   Thumb Code   252  ff.o(i.f_getfree)
    f_mkfs                                   0x080065ad   Thumb Code  1654  ff.o(i.f_mkfs)
    f_mount                                  0x08006c31   Thumb Code    92  ff.o(i.f_mount)
    f_open                                   0x08006c91   Thumb Code   560  ff.o(i.f_open)
    f_setlabel                               0x08006ec1   Thumb Code   408  ff.o(i.f_setlabel)
    f_stat                                   0x0800705d   Thumb Code    62  ff.o(i.f_stat)
    f_sync                                   0x0800709b   Thumb Code   160  ff.o(i.f_sync)
    f_write                                  0x0800713b   Thumb Code   494  ff.o(i.f_write)
    fputc                                    0x080076cd   Thumb Code    20  main.o(i.fputc)
    get_fattime                              0x080077c5   Thumb Code     4  fatfs.o(i.get_fattime)
    get_rtc_time                             0x0800789d   Thumb Code    50  main.o(i.get_rtc_time)
    main                                     0x080079fd   Thumb Code   130  main.o(i.main)
    table_week                               0x08007e6a   Data          12  rtc.o(.constdata)
    mon_table                                0x08007e76   Data          12  rtc.o(.constdata)
    SD_Driver                                0x08007e84   Data          20  sd_diskio.o(.constdata)
    AHBPrescTable                            0x08007ea0   Data          16  system_stm32f4xx.o(.constdata)
    APBPrescTable                            0x08007eb0   Data           8  system_stm32f4xx.o(.constdata)
    Region$$Table$$Base                      0x08007ee4   Number         0  anon$$obj.o(Region$$Table)
    Region$$Table$$Limit                     0x08007f04   Number         0  anon$$obj.o(Region$$Table)
    BUFA_flag                                0x20000000   Data           1  main.o(.data)
    BUFB_flag                                0x20000001   Data           1  main.o(.data)
    BufA_start_us                            0x20000004   Data           4  main.o(.data)
    BufB_start_us                            0x20000008   Data           4  main.o(.data)
    DMA_CurrentBuf                           0x2000000c   Data           1  main.o(.data)
    current_buf                              0x20000010   Data           4  main.o(.data)
    buf_ready_flag                           0x20000014   Data           1  main.o(.data)
    sys_time_us                              0x20000018   Data           4  main.o(.data)
    bw_a                                     0x2000001c   Data           4  main.o(.data)
    fs_ptr                                   0x20000020   Data           4  main.o(.data)
    total                                    0x20000024   Data           4  main.o(.data)
    free1                                    0x20000028   Data           4  main.o(.data)
    fr                                       0x2000002c   Data           1  main.o(.data)
    result_cnt                               0x2000002d   Data           1  main.o(.data)
    last_in_valid                            0x2000002e   Data           1  main.o(.data)
    last_start_time_us                       0x20000030   Data           4  main.o(.data)
    last_current_max                         0x20000034   Data           2  main.o(.data)
    filename                                 0x20000038   Data          32  fatfs.o(.data)
    bw                                       0x20000058   Data           4  fatfs.o(.data)
    file                                     0x2000005c   Data           4  fatfs.o(.data)
    ftemp                                    0x20000060   Data           4  fatfs.o(.data)
    br                                       0x20000064   Data           4  fatfs.o(.data)
    fatbuf                                   0x20000068   Data           4  fatfs.o(.data)
    uwTick                                   0x2000006c   Data           4  stm32f4xx_hal.o(.data)
    uwTickPrio                               0x20000070   Data           4  stm32f4xx_hal.o(.data)
    uwTickFreq                               0x20000074   Data           1  stm32f4xx_hal.o(.data)
    SystemCoreClock                          0x20000078   Data           4  system_stm32f4xx.o(.data)
    __stdout                                 0x20000084   Data           4  stdout.o(.data)
    ADC_BUFA                                 0x20000088   Data        2048  main.o(.bss)
    ADC_BUFB                                 0x20000888   Data        2048  main.o(.bss)
    fil_a                                    0x20001088   Data         560  main.o(.bss)
    results                                  0x200012b8   Data        1200  main.o(.bss)
    hadc1                                    0x20001768   Data          72  adc.o(.bss)
    hdma_adc1                                0x200017b0   Data          96  adc.o(.bss)
    hrtc                                     0x20001810   Data          32  rtc.o(.bss)
    current_time                             0x20001830   Data          10  rtc.o(.bss)
    hsd                                      0x2000183c   Data         132  sdio.o(.bss)
    card_info                                0x200018c0   Data          32  sdio.o(.bss)
    htim2                                    0x200018e0   Data          72  tim.o(.bss)
    htim3                                    0x20001928   Data          72  tim.o(.bss)
    huart1                                   0x20001970   Data          72  usart.o(.bss)
    fs                                       0x200019b8   Data         560  fatfs.o(.bss)
    fileinfo                                 0x20001be8   Data          24  fatfs.o(.bss)
    dir                                      0x20001c00   Data          48  fatfs.o(.bss)
    disk                                     0x20001c50   Data          12  ff_gen_drv.o(.bss)
    __initial_sp                             0x20002060   Data           0  startup_stm32f407xx.o(STACK)



==============================================================================

Memory Map of the image

  Image Entry point : 0x08000189

  Load Region LR_IROM1 (Base: 0x08000000, Size: 0x00007f8c, Max: 0x00080000, ABSOLUTE)

    Execution Region ER_IROM1 (Exec base: 0x08000000, Load base: 0x08000000, Size: 0x00007f04, Max: 0x00080000, ABSOLUTE)

    Exec Addr    Load Addr    Size         Type   Attr      Idx    E Section Name        Object

    0x08000000   0x08000000   0x00000188   Data   RO            3    RESET               startup_stm32f407xx.o
    0x08000188   0x08000188   0x00000000   Code   RO         5422  * .ARM.Collect$$$$00000000  mc_w.l(entry.o)
    0x08000188   0x08000188   0x00000004   Code   RO         5707    .ARM.Collect$$$$00000001  mc_w.l(entry2.o)
    0x0800018c   0x0800018c   0x00000004   Code   RO         5710    .ARM.Collect$$$$00000004  mc_w.l(entry5.o)
    0x08000190   0x08000190   0x00000000   Code   RO         5712    .ARM.Collect$$$$00000008  mc_w.l(entry7b.o)
    0x08000190   0x08000190   0x00000000   Code   RO         5714    .ARM.Collect$$$$0000000A  mc_w.l(entry8b.o)
    0x08000190   0x08000190   0x00000008   Code   RO         5715    .ARM.Collect$$$$0000000B  mc_w.l(entry9a.o)
    0x08000198   0x08000198   0x00000004   Code   RO         5722    .ARM.Collect$$$$0000000E  mc_w.l(entry12b.o)
    0x0800019c   0x0800019c   0x00000000   Code   RO         5717    .ARM.Collect$$$$0000000F  mc_w.l(entry10a.o)
    0x0800019c   0x0800019c   0x00000000   Code   RO         5719    .ARM.Collect$$$$00000011  mc_w.l(entry11a.o)
    0x0800019c   0x0800019c   0x00000004   Code   RO         5708    .ARM.Collect$$$$00002712  mc_w.l(entry2.o)
    0x080001a0   0x080001a0   0x00000024   Code   RO            4    .text               startup_stm32f407xx.o
    0x080001c4   0x080001c4   0x00000062   Code   RO         5425    .text               mc_w.l(uldiv.o)
    0x08000226   0x08000226   0x00000024   Code   RO         5430    .text               mc_w.l(memseta.o)
    0x0800024a   0x0800024a   0x0000000e   Code   RO         5432    .text               mc_w.l(strlen.o)
    0x08000258   0x08000258   0x0000014e   Code   RO         5695    .text               mf_w.l(dadd.o)
    0x080003a6   0x080003a6   0x000000e4   Code   RO         5697    .text               mf_w.l(dmul.o)
    0x0800048a   0x0800048a   0x000000de   Code   RO         5699    .text               mf_w.l(ddiv.o)
    0x08000568   0x08000568   0x0000001a   Code   RO         5701    .text               mf_w.l(dfltui.o)
    0x08000582   0x08000582   0x0000002c   Code   RO         5724    .text               mc_w.l(uidiv.o)
    0x080005ae   0x080005ae   0x0000001e   Code   RO         5726    .text               mc_w.l(llshl.o)
    0x080005cc   0x080005cc   0x00000020   Code   RO         5728    .text               mc_w.l(llushr.o)
    0x080005ec   0x080005ec   0x00000024   Code   RO         5730    .text               mc_w.l(llsshr.o)
    0x08000610   0x08000610   0x00000000   Code   RO         5732    .text               mc_w.l(iusefp.o)
    0x08000610   0x08000610   0x000000ba   Code   RO         5735    .text               mf_w.l(depilogue.o)
    0x080006ca   0x080006ca   0x00000030   Code   RO         5737    .text               mf_w.l(dfixul.o)
    0x080006fa   0x080006fa   0x00000002   PAD
    0x080006fc   0x080006fc   0x00000030   Code   RO         5739    .text               mf_w.l(cdrcmple.o)
    0x0800072c   0x0800072c   0x00000024   Code   RO         5741    .text               mc_w.l(init.o)
    0x08000750   0x08000750   0x0000007e   Code   RO         1083    i.ADC_DMAConvCplt   stm32f4xx_hal_adc.o
    0x080007ce   0x080007ce   0x0000001a   Code   RO         1084    i.ADC_DMAError      stm32f4xx_hal_adc.o
    0x080007e8   0x080007e8   0x0000000e   Code   RO         1085    i.ADC_DMAHalfConvCplt  stm32f4xx_hal_adc.o
    0x080007f6   0x080007f6   0x00000002   PAD
    0x080007f8   0x080007f8   0x00000160   Code   RO         1086    i.ADC_Init          stm32f4xx_hal_adc.o
    0x08000958   0x08000958   0x00000018   Code   RO         1018    i.BSP_PlatformIsDetected  fatfs_platform.o
    0x08000970   0x08000970   0x00000014   Code   RO          819    i.BSP_SD_GetCardInfo  bsp_driver_sd.o
    0x08000984   0x08000984   0x00000018   Code   RO          820    i.BSP_SD_GetCardState  bsp_driver_sd.o
    0x0800099c   0x0800099c   0x00000030   Code   RO          822    i.BSP_SD_Init       bsp_driver_sd.o
    0x080009cc   0x080009cc   0x00000016   Code   RO          823    i.BSP_SD_IsDetected  bsp_driver_sd.o
    0x080009e2   0x080009e2   0x00000002   PAD
    0x080009e4   0x080009e4   0x00000030   Code   RO          824    i.BSP_SD_ReadBlocks  bsp_driver_sd.o
    0x08000a14   0x08000a14   0x00000030   Code   RO          827    i.BSP_SD_WriteBlocks  bsp_driver_sd.o
    0x08000a44   0x08000a44   0x00000004   Code   RO          704    i.BusFault_Handler  stm32f4xx_it.o
    0x08000a48   0x08000a48   0x00000010   Code   RO          705    i.DMA2_Stream0_IRQHandler  stm32f4xx_it.o
    0x08000a58   0x08000a58   0x00000034   Code   RO         1865    i.DMA_CalcBaseAndBitshift  stm32f4xx_hal_dma.o
    0x08000a8c   0x08000a8c   0x000000aa   Code   RO         1866    i.DMA_CheckFifoParam  stm32f4xx_hal_dma.o
    0x08000b36   0x08000b36   0x0000002c   Code   RO         1867    i.DMA_SetConfig     stm32f4xx_hal_dma.o
    0x08000b62   0x08000b62   0x00000002   Code   RO          706    i.DebugMon_Handler  stm32f4xx_it.o
    0x08000b64   0x08000b64   0x00000006   Code   RO           13    i.Error_Handler     main.o
    0x08000b6a   0x08000b6a   0x00000012   Code   RO         5351    i.FATFS_LinkDriver  ff_gen_drv.o
    0x08000b7c   0x08000b7c   0x00000054   Code   RO         5352    i.FATFS_LinkDriverEx  ff_gen_drv.o
    0x08000bd0   0x08000bd0   0x0000018c   Code   RO         1088    i.HAL_ADC_ConfigChannel  stm32f4xx_hal_adc.o
    0x08000d5c   0x08000d5c   0x000000a0   Code   RO           14    i.HAL_ADC_ConvCpltCallback  main.o
    0x08000dfc   0x08000dfc   0x00000002   Code   RO         1090    i.HAL_ADC_ConvHalfCpltCallback  stm32f4xx_hal_adc.o
    0x08000dfe   0x08000dfe   0x00000002   Code   RO         1092    i.HAL_ADC_ErrorCallback  stm32f4xx_hal_adc.o
    0x08000e00   0x08000e00   0x00000068   Code   RO         1097    i.HAL_ADC_Init      stm32f4xx_hal_adc.o
    0x08000e68   0x08000e68   0x000000c8   Code   RO          430    i.HAL_ADC_MspInit   adc.o
    0x08000f30   0x08000f30   0x000001bc   Code   RO         1104    i.HAL_ADC_Start_DMA  stm32f4xx_hal_adc.o
    0x080010ec   0x080010ec   0x000000ac   Code   RO         1868    i.HAL_DMA_Abort     stm32f4xx_hal_dma.o
    0x08001198   0x08001198   0x00000240   Code   RO         1873    i.HAL_DMA_IRQHandler  stm32f4xx_hal_dma.o
    0x080013d8   0x080013d8   0x000000ec   Code   RO         1874    i.HAL_DMA_Init      stm32f4xx_hal_dma.o
    0x080014c4   0x080014c4   0x00000092   Code   RO         1878    i.HAL_DMA_Start_IT  stm32f4xx_hal_dma.o
    0x08001556   0x08001556   0x00000002   PAD
    0x08001558   0x08001558   0x00000028   Code   RO         2310    i.HAL_Delay         stm32f4xx_hal.o
    0x08001580   0x08001580   0x000001f4   Code   RO         1761    i.HAL_GPIO_Init     stm32f4xx_hal_gpio.o
    0x08001774   0x08001774   0x00000010   Code   RO         1763    i.HAL_GPIO_ReadPin  stm32f4xx_hal_gpio.o
    0x08001784   0x08001784   0x00000014   Code   RO         1764    i.HAL_GPIO_TogglePin  stm32f4xx_hal_gpio.o
    0x08001798   0x08001798   0x0000000c   Code   RO         1765    i.HAL_GPIO_WritePin  stm32f4xx_hal_gpio.o
    0x080017a4   0x080017a4   0x0000000c   Code   RO         2316    i.HAL_GetTick       stm32f4xx_hal.o
    0x080017b0   0x080017b0   0x00000018   Code   RO         2322    i.HAL_IncTick       stm32f4xx_hal.o
    0x080017c8   0x080017c8   0x0000003c   Code   RO         2323    i.HAL_Init          stm32f4xx_hal.o
    0x08001804   0x08001804   0x0000004c   Code   RO         2324    i.HAL_InitTick      stm32f4xx_hal.o
    0x08001850   0x08001850   0x00000048   Code   RO          792    i.HAL_MspInit       stm32f4xx_hal_msp.o
    0x08001898   0x08001898   0x00000028   Code   RO         2153    i.HAL_NVIC_EnableIRQ  stm32f4xx_hal_cortex.o
    0x080018c0   0x080018c0   0x0000007c   Code   RO         2159    i.HAL_NVIC_SetPriority  stm32f4xx_hal_cortex.o
    0x0800193c   0x0800193c   0x00000028   Code   RO         2160    i.HAL_NVIC_SetPriorityGrouping  stm32f4xx_hal_cortex.o
    0x08001964   0x08001964   0x000001a0   Code   RO         1467    i.HAL_RCCEx_PeriphCLKConfig  stm32f4xx_hal_rcc_ex.o
    0x08001b04   0x08001b04   0x00000184   Code   RO         1362    i.HAL_RCC_ClockConfig  stm32f4xx_hal_rcc.o
    0x08001c88   0x08001c88   0x0000000c   Code   RO         1367    i.HAL_RCC_GetHCLKFreq  stm32f4xx_hal_rcc.o
    0x08001c94   0x08001c94   0x00000020   Code   RO         1369    i.HAL_RCC_GetPCLK1Freq  stm32f4xx_hal_rcc.o
    0x08001cb4   0x08001cb4   0x00000020   Code   RO         1370    i.HAL_RCC_GetPCLK2Freq  stm32f4xx_hal_rcc.o
    0x08001cd4   0x08001cd4   0x000000b0   Code   RO         1371    i.HAL_RCC_GetSysClockFreq  stm32f4xx_hal_rcc.o
    0x08001d84   0x08001d84   0x0000049c   Code   RO         1374    i.HAL_RCC_OscConfig  stm32f4xx_hal_rcc.o
    0x08002220   0x08002220   0x00000012   Code   RO         2736    i.HAL_RTCEx_BKUPRead  stm32f4xx_hal_rtc_ex.o
    0x08002232   0x08002232   0x00000012   Code   RO         2737    i.HAL_RTCEx_BKUPWrite  stm32f4xx_hal_rtc_ex.o
    0x08002244   0x08002244   0x0000004c   Code   RO         2571    i.HAL_RTC_GetDate   stm32f4xx_hal_rtc.o
    0x08002290   0x08002290   0x0000005c   Code   RO         2573    i.HAL_RTC_GetTime   stm32f4xx_hal_rtc.o
    0x080022ec   0x080022ec   0x000000b4   Code   RO         2574    i.HAL_RTC_Init      stm32f4xx_hal_rtc.o
    0x080023a0   0x080023a0   0x0000003c   Code   RO          499    i.HAL_RTC_MspInit   rtc.o
    0x080023dc   0x080023dc   0x000000c0   Code   RO         2580    i.HAL_RTC_SetDate   stm32f4xx_hal_rtc.o
    0x0800249c   0x0800249c   0x000000ec   Code   RO         2581    i.HAL_RTC_SetTime   stm32f4xx_hal_rtc.o
    0x08002588   0x08002588   0x00000038   Code   RO         2582    i.HAL_RTC_WaitForSynchro  stm32f4xx_hal_rtc.o
    0x080025c0   0x080025c0   0x000000c8   Code   RO         3259    i.HAL_SD_ConfigWideBusOperation  stm32f4xx_hal_sd.o
    0x08002688   0x08002688   0x000001c8   Code   RO         3264    i.HAL_SD_GetCardCSD  stm32f4xx_hal_sd.o
    0x08002850   0x08002850   0x00000026   Code   RO         3265    i.HAL_SD_GetCardInfo  stm32f4xx_hal_sd.o
    0x08002876   0x08002876   0x00000024   Code   RO         3266    i.HAL_SD_GetCardState  stm32f4xx_hal_sd.o
    0x0800289a   0x0800289a   0x0000003c   Code   RO         3271    i.HAL_SD_Init       stm32f4xx_hal_sd.o
    0x080028d6   0x080028d6   0x00000002   PAD
    0x080028d8   0x080028d8   0x000000a8   Code   RO         3272    i.HAL_SD_InitCard   stm32f4xx_hal_sd.o
    0x08002980   0x08002980   0x000000c8   Code   RO          573    i.HAL_SD_MspInit    sdio.o
    0x08002a48   0x08002a48   0x000002a4   Code   RO         3275    i.HAL_SD_ReadBlocks  stm32f4xx_hal_sd.o
    0x08002cec   0x08002cec   0x0000023c   Code   RO         3280    i.HAL_SD_WriteBlocks  stm32f4xx_hal_sd.o
    0x08002f28   0x08002f28   0x00000034   Code   RO         2164    i.HAL_SYSTICK_Config  stm32f4xx_hal_cortex.o
    0x08002f5c   0x08002f5c   0x00000002   Code   RO         4246    i.HAL_TIMEx_BreakCallback  stm32f4xx_hal_tim_ex.o
    0x08002f5e   0x08002f5e   0x00000002   Code   RO         4247    i.HAL_TIMEx_CommutCallback  stm32f4xx_hal_tim_ex.o
    0x08002f60   0x08002f60   0x000000b4   Code   RO         4265    i.HAL_TIMEx_MasterConfigSynchronization  stm32f4xx_hal_tim_ex.o
    0x08003014   0x08003014   0x00000066   Code   RO         3531    i.HAL_TIM_Base_Init  stm32f4xx_hal_tim.o
    0x0800307a   0x0800307a   0x00000002   PAD
    0x0800307c   0x0800307c   0x0000005c   Code   RO          615    i.HAL_TIM_Base_MspInit  tim.o
    0x080030d8   0x080030d8   0x0000009c   Code   RO         3534    i.HAL_TIM_Base_Start  stm32f4xx_hal_tim.o
    0x08003174   0x08003174   0x000000a8   Code   RO         3536    i.HAL_TIM_Base_Start_IT  stm32f4xx_hal_tim.o
    0x0800321c   0x0800321c   0x0000010c   Code   RO         3540    i.HAL_TIM_ConfigClockSource  stm32f4xx_hal_tim.o
    0x08003328   0x08003328   0x00000002   Code   RO         3565    i.HAL_TIM_IC_CaptureCallback  stm32f4xx_hal_tim.o
    0x0800332a   0x0800332a   0x0000016c   Code   RO         3579    i.HAL_TIM_IRQHandler  stm32f4xx_hal_tim.o
    0x08003496   0x08003496   0x00000002   Code   RO         3582    i.HAL_TIM_OC_DelayElapsedCallback  stm32f4xx_hal_tim.o
    0x08003498   0x08003498   0x00000002   Code   RO         3609    i.HAL_TIM_PWM_PulseFinishedCallback  stm32f4xx_hal_tim.o
    0x0800349a   0x0800349a   0x00000002   PAD
    0x0800349c   0x0800349c   0x0000001c   Code   RO           15    i.HAL_TIM_PeriodElapsedCallback  main.o
    0x080034b8   0x080034b8   0x00000002   Code   RO         3622    i.HAL_TIM_TriggerCallback  stm32f4xx_hal_tim.o
    0x080034ba   0x080034ba   0x00000076   Code   RO         4543    i.HAL_UART_Init     stm32f4xx_hal_uart.o
    0x08003530   0x08003530   0x00000088   Code   RO          663    i.HAL_UART_MspInit  usart.o
    0x080035b8   0x080035b8   0x000000be   Code   RO         4551    i.HAL_UART_Transmit  stm32f4xx_hal_uart.o
    0x08003676   0x08003676   0x00000004   Code   RO          707    i.HardFault_Handler  stm32f4xx_it.o
    0x0800367a   0x0800367a   0x00000002   PAD
    0x0800367c   0x0800367c   0x00000070   Code   RO          431    i.MX_ADC1_Init      adc.o
    0x080036ec   0x080036ec   0x00000038   Code   RO          471    i.MX_DMA_Init       dma.o
    0x08003724   0x08003724   0x00000014   Code   RO         1042    i.MX_FATFS_Init     fatfs.o
    0x08003738   0x08003738   0x000000cc   Code   RO          291    i.MX_GPIO_Init      gpio.o
    0x08003804   0x08003804   0x00000078   Code   RO          501    i.MX_RTC_Init       rtc.o
    0x0800387c   0x0800387c   0x0000006c   Code   RO          574    i.MX_SDIO_SD_Init   sdio.o
    0x080038e8   0x080038e8   0x000000cc   Code   RO          616    i.MX_TIM2_Init      tim.o
    0x080039b4   0x080039b4   0x0000007c   Code   RO          617    i.MX_TIM3_Init      tim.o
    0x08003a30   0x08003a30   0x00000038   Code   RO          664    i.MX_USART1_UART_Init  usart.o
    0x08003a68   0x08003a68   0x00000004   Code   RO          708    i.MemManage_Handler  stm32f4xx_it.o
    0x08003a6c   0x08003a6c   0x00000004   Code   RO          709    i.NMI_Handler       stm32f4xx_it.o
    0x08003a70   0x08003a70   0x00000002   Code   RO          710    i.PendSV_Handler    stm32f4xx_it.o
    0x08003a72   0x08003a72   0x00000002   PAD
    0x08003a74   0x08003a74   0x000000bc   Code   RO           16    i.ProcessBuffer     main.o
    0x08003b30   0x08003b30   0x00000016   Code   RO         2583    i.RTC_Bcd2ToByte    stm32f4xx_hal_rtc.o
    0x08003b46   0x08003b46   0x0000001a   Code   RO         2584    i.RTC_ByteToBcd2    stm32f4xx_hal_rtc.o
    0x08003b60   0x08003b60   0x0000004a   Code   RO         2585    i.RTC_EnterInitMode  stm32f4xx_hal_rtc.o
    0x08003baa   0x08003baa   0x0000002e   Code   RO         2586    i.RTC_ExitInitMode  stm32f4xx_hal_rtc.o
    0x08003bd8   0x08003bd8   0x00000064   Code   RO          502    i.RTC_Get           rtc.o
    0x08003c3c   0x08003c3c   0x00000078   Code   RO          503    i.RTC_Get_Week      rtc.o
    0x08003cb4   0x08003cb4   0x00000074   Code   RO          504    i.RTC_Set           rtc.o
    0x08003d28   0x08003d28   0x00000068   Code   RO           17    i.RecordInterval    main.o
    0x08003d90   0x08003d90   0x0000002c   Code   RO         2963    i.SDIO_ConfigData   stm32f4xx_ll_sdmmc.o
    0x08003dbc   0x08003dbc   0x00000008   Code   RO         2964    i.SDIO_GetCommandResponse  stm32f4xx_ll_sdmmc.o
    0x08003dc4   0x08003dc4   0x0000000a   Code   RO         2967    i.SDIO_GetPowerState  stm32f4xx_ll_sdmmc.o
    0x08003dce   0x08003dce   0x0000000c   Code   RO         2968    i.SDIO_GetResponse  stm32f4xx_ll_sdmmc.o
    0x08003dda   0x08003dda   0x00000034   Code   RO         2969    i.SDIO_Init         stm32f4xx_ll_sdmmc.o
    0x08003e0e   0x08003e0e   0x0000000a   Code   RO         2971    i.SDIO_PowerState_ON  stm32f4xx_ll_sdmmc.o
    0x08003e18   0x08003e18   0x00000008   Code   RO         2972    i.SDIO_ReadFIFO     stm32f4xx_ll_sdmmc.o
    0x08003e20   0x08003e20   0x00000028   Code   RO         2973    i.SDIO_SendCommand  stm32f4xx_ll_sdmmc.o
    0x08003e48   0x08003e48   0x0000000c   Code   RO         2975    i.SDIO_WriteFIFO    stm32f4xx_ll_sdmmc.o
    0x08003e54   0x08003e54   0x00000038   Code   RO         2976    i.SDMMC_CmdAppCommand  stm32f4xx_ll_sdmmc.o
    0x08003e8c   0x08003e8c   0x0000003c   Code   RO         2977    i.SDMMC_CmdAppOperCommand  stm32f4xx_ll_sdmmc.o
    0x08003ec8   0x08003ec8   0x00000038   Code   RO         2978    i.SDMMC_CmdBlockLength  stm32f4xx_ll_sdmmc.o
    0x08003f00   0x08003f00   0x00000038   Code   RO         2979    i.SDMMC_CmdBusWidth  stm32f4xx_ll_sdmmc.o
    0x08003f38   0x08003f38   0x0000002c   Code   RO         2983    i.SDMMC_CmdGoIdleState  stm32f4xx_ll_sdmmc.o
    0x08003f64   0x08003f64   0x00000034   Code   RO         2985    i.SDMMC_CmdOperCond  stm32f4xx_ll_sdmmc.o
    0x08003f98   0x08003f98   0x00000038   Code   RO         2986    i.SDMMC_CmdReadMultiBlock  stm32f4xx_ll_sdmmc.o
    0x08003fd0   0x08003fd0   0x00000038   Code   RO         2987    i.SDMMC_CmdReadSingleBlock  stm32f4xx_ll_sdmmc.o
    0x08004008   0x08004008   0x0000003a   Code   RO         2990    i.SDMMC_CmdSelDesel  stm32f4xx_ll_sdmmc.o
    0x08004042   0x08004042   0x00000032   Code   RO         2991    i.SDMMC_CmdSendCID  stm32f4xx_ll_sdmmc.o
    0x08004074   0x08004074   0x00000032   Code   RO         2992    i.SDMMC_CmdSendCSD  stm32f4xx_ll_sdmmc.o
    0x080040a6   0x080040a6   0x00000038   Code   RO         2994    i.SDMMC_CmdSendSCR  stm32f4xx_ll_sdmmc.o
    0x080040de   0x080040de   0x00000038   Code   RO         2995    i.SDMMC_CmdSendStatus  stm32f4xx_ll_sdmmc.o
    0x08004116   0x08004116   0x00000038   Code   RO         2996    i.SDMMC_CmdSetRelAdd  stm32f4xx_ll_sdmmc.o
    0x0800414e   0x0800414e   0x00000002   PAD
    0x08004150   0x08004150   0x0000003c   Code   RO         2999    i.SDMMC_CmdStopTransfer  stm32f4xx_ll_sdmmc.o
    0x0800418c   0x0800418c   0x00000038   Code   RO         3001    i.SDMMC_CmdWriteMultiBlock  stm32f4xx_ll_sdmmc.o
    0x080041c4   0x080041c4   0x00000038   Code   RO         3002    i.SDMMC_CmdWriteSingleBlock  stm32f4xx_ll_sdmmc.o
    0x080041fc   0x080041fc   0x00000040   Code   RO         3003    i.SDMMC_GetCmdError  stm32f4xx_ll_sdmmc.o
    0x0800423c   0x0800423c   0x000001ac   Code   RO         3004    i.SDMMC_GetCmdResp1  stm32f4xx_ll_sdmmc.o
    0x080043e8   0x080043e8   0x00000064   Code   RO         3005    i.SDMMC_GetCmdResp2  stm32f4xx_ll_sdmmc.o
    0x0800444c   0x0800444c   0x00000058   Code   RO         3006    i.SDMMC_GetCmdResp3  stm32f4xx_ll_sdmmc.o
    0x080044a4   0x080044a4   0x000000b8   Code   RO         3007    i.SDMMC_GetCmdResp6  stm32f4xx_ll_sdmmc.o
    0x0800455c   0x0800455c   0x0000006c   Code   RO         3008    i.SDMMC_GetCmdResp7  stm32f4xx_ll_sdmmc.o
    0x080045c8   0x080045c8   0x00000028   Code   RO          943    i.SD_CheckStatus    sd_diskio.o
    0x080045f0   0x080045f0   0x0000014c   Code   RO         3288    i.SD_FindSCR        stm32f4xx_hal_sd.o
    0x0800473c   0x0800473c   0x000001d4   Code   RO           18    i.SD_Init           main.o
    0x08004910   0x08004910   0x00000102   Code   RO         3289    i.SD_InitCard       stm32f4xx_hal_sd.o
    0x08004a12   0x08004a12   0x00000002   PAD
    0x08004a14   0x08004a14   0x000000cc   Code   RO         3291    i.SD_PowerON        stm32f4xx_hal_sd.o
    0x08004ae0   0x08004ae0   0x00000030   Code   RO         3294    i.SD_SendStatus     stm32f4xx_hal_sd.o
    0x08004b10   0x08004b10   0x00000068   Code   RO         3295    i.SD_WideBus_Disable  stm32f4xx_hal_sd.o
    0x08004b78   0x08004b78   0x00000068   Code   RO         3296    i.SD_WideBus_Enable  stm32f4xx_hal_sd.o
    0x08004be0   0x08004be0   0x00000024   Code   RO          944    i.SD_initialize     sd_diskio.o
    0x08004c04   0x08004c04   0x0000006c   Code   RO          945    i.SD_ioctl          sd_diskio.o
    0x08004c70   0x08004c70   0x0000002e   Code   RO          946    i.SD_read           sd_diskio.o
    0x08004c9e   0x08004c9e   0x0000000c   Code   RO          947    i.SD_status         sd_diskio.o
    0x08004caa   0x08004caa   0x0000002e   Code   RO          948    i.SD_write          sd_diskio.o
    0x08004cd8   0x08004cd8   0x00000002   Code   RO          711    i.SVC_Handler       stm32f4xx_it.o
    0x08004cda   0x08004cda   0x00000008   Code   RO          712    i.SysTick_Handler   stm32f4xx_it.o
    0x08004ce2   0x08004ce2   0x00000002   PAD
    0x08004ce4   0x08004ce4   0x000000b8   Code   RO           19    i.SystemClock_Config  main.o
    0x08004d9c   0x08004d9c   0x00000014   Code   RO         4887    i.SystemInit        system_stm32f4xx.o
    0x08004db0   0x08004db0   0x00000010   Code   RO          713    i.TIM3_IRQHandler   stm32f4xx_it.o
    0x08004dc0   0x08004dc0   0x000000e0   Code   RO         3624    i.TIM_Base_SetConfig  stm32f4xx_hal_tim.o
    0x08004ea0   0x08004ea0   0x00000016   Code   RO         3635    i.TIM_ETR_SetConfig  stm32f4xx_hal_tim.o
    0x08004eb6   0x08004eb6   0x00000012   Code   RO         3636    i.TIM_ITRx_SetConfig  stm32f4xx_hal_tim.o
    0x08004ec8   0x08004ec8   0x00000026   Code   RO         3642    i.TIM_TI1_ConfigInputStage  stm32f4xx_hal_tim.o
    0x08004eee   0x08004eee   0x00000028   Code   RO         3644    i.TIM_TI2_ConfigInputStage  stm32f4xx_hal_tim.o
    0x08004f16   0x08004f16   0x0000006c   Code   RO         4566    i.UART_EndRxTransfer  stm32f4xx_hal_uart.o
    0x08004f82   0x08004f82   0x00000002   PAD
    0x08004f84   0x08004f84   0x0000022c   Code   RO         4570    i.UART_SetConfig    stm32f4xx_hal_uart.o
    0x080051b0   0x080051b0   0x0000008c   Code   RO         4574    i.UART_WaitOnFlagUntilTimeout  stm32f4xx_hal_uart.o
    0x0800523c   0x0800523c   0x00000004   Code   RO          714    i.UsageFault_Handler  stm32f4xx_it.o
    0x08005240   0x08005240   0x00000144   Code   RO           20    i.WriteToSD         main.o
    0x08005384   0x08005384   0x00000020   Code   RO         5667    i.__0printf         mc_w.l(printfa.o)
    0x080053a4   0x080053a4   0x00000028   Code   RO         5669    i.__0sprintf        mc_w.l(printfa.o)
    0x080053cc   0x080053cc   0x00000010   Code   RO         2166    i.__NVIC_GetPriorityGrouping  stm32f4xx_hal_cortex.o
    0x080053dc   0x080053dc   0x00000028   Code   RO         2167    i.__NVIC_SetPriority  stm32f4xx_hal_cortex.o
    0x08005404   0x08005404   0x0000000e   Code   RO         5745    i.__scatterload_copy  mc_w.l(handlers.o)
    0x08005412   0x08005412   0x00000002   Code   RO         5746    i.__scatterload_null  mc_w.l(handlers.o)
    0x08005414   0x08005414   0x0000000e   Code   RO         5747    i.__scatterload_zeroinit  mc_w.l(handlers.o)
    0x08005422   0x08005422   0x00000002   PAD
    0x08005424   0x08005424   0x00000184   Code   RO         5674    i._fp_digits        mc_w.l(printfa.o)
    0x080055a8   0x080055a8   0x000006b4   Code   RO         5675    i._printf_core      mc_w.l(printfa.o)
    0x08005c5c   0x08005c5c   0x00000024   Code   RO         5676    i._printf_post_padding  mc_w.l(printfa.o)
    0x08005c80   0x08005c80   0x0000002e   Code   RO         5677    i._printf_pre_padding  mc_w.l(printfa.o)
    0x08005cae   0x08005cae   0x0000000a   Code   RO         5679    i._sputc            mc_w.l(printfa.o)
    0x08005cb8   0x08005cb8   0x0000007c   Code   RO         4982    i.check_fs          ff.o
    0x08005d34   0x08005d34   0x00000014   Code   RO         4983    i.chk_chr           ff.o
    0x08005d48   0x08005d48   0x0000007c   Code   RO         4984    i.chk_lock          ff.o
    0x08005dc4   0x08005dc4   0x00000028   Code   RO         4985    i.clear_lock        ff.o
    0x08005dec   0x08005dec   0x00000032   Code   RO         4986    i.clmt_clust        ff.o
    0x08005e1e   0x08005e1e   0x0000001a   Code   RO         4987    i.clust2sect        ff.o
    0x08005e38   0x08005e38   0x000000de   Code   RO         4988    i.create_chain      ff.o
    0x08005f16   0x08005f16   0x00000002   PAD
    0x08005f18   0x08005f18   0x00000118   Code   RO         4989    i.create_name       ff.o
    0x08006030   0x08006030   0x00000044   Code   RO         4990    i.dec_lock          ff.o
    0x08006074   0x08006074   0x00000060   Code   RO         4991    i.dir_alloc         ff.o
    0x080060d4   0x080060d4   0x0000006c   Code   RO         4992    i.dir_find          ff.o
    0x08006140   0x08006140   0x0000010c   Code   RO         4993    i.dir_next          ff.o
    0x0800624c   0x0800624c   0x00000074   Code   RO         4994    i.dir_read          ff.o
    0x080062c0   0x080062c0   0x0000003c   Code   RO         4995    i.dir_register      ff.o
    0x080062fc   0x080062fc   0x0000009a   Code   RO         4997    i.dir_sdi           ff.o
    0x08006396   0x08006396   0x00000020   Code   RO         4923    i.disk_initialize   diskio.o
    0x080063b6   0x080063b6   0x00000002   PAD
    0x080063b8   0x080063b8   0x00000028   Code   RO         4924    i.disk_ioctl        diskio.o
    0x080063e0   0x080063e0   0x00000030   Code   RO         4925    i.disk_read         diskio.o
    0x08006410   0x08006410   0x0000001c   Code   RO         4926    i.disk_status       diskio.o
    0x0800642c   0x0800642c   0x00000030   Code   RO         4927    i.disk_write        diskio.o
    0x0800645c   0x0800645c   0x00000028   Code   RO         4998    i.enq_lock          ff.o
    0x08006484   0x08006484   0x0000002c   Code   RO         4999    i.f_close           ff.o
    0x080064b0   0x080064b0   0x000000fc   Code   RO         5001    i.f_getfree         ff.o
    0x080065ac   0x080065ac   0x00000684   Code   RO         5006    i.f_mkfs            ff.o
    0x08006c30   0x08006c30   0x00000060   Code   RO         5007    i.f_mount           ff.o
    0x08006c90   0x08006c90   0x00000230   Code   RO         5008    i.f_open            ff.o
    0x08006ec0   0x08006ec0   0x0000019c   Code   RO         5016    i.f_setlabel        ff.o
    0x0800705c   0x0800705c   0x0000003e   Code   RO         5017    i.f_stat            ff.o
    0x0800709a   0x0800709a   0x000000a0   Code   RO         5018    i.f_sync            ff.o
    0x0800713a   0x0800713a   0x000001ee   Code   RO         5021    i.f_write           ff.o
    0x08007328   0x08007328   0x00000300   Code   RO         5022    i.find_volume       ff.o
    0x08007628   0x08007628   0x000000a2   Code   RO         5023    i.follow_path       ff.o
    0x080076ca   0x080076ca   0x00000002   PAD
    0x080076cc   0x080076cc   0x00000018   Code   RO           22    i.fputc             main.o
    0x080076e4   0x080076e4   0x000000e0   Code   RO         5024    i.get_fat           ff.o
    0x080077c4   0x080077c4   0x00000004   Code   RO         1043    i.get_fattime       fatfs.o
    0x080077c8   0x080077c8   0x0000008c   Code   RO         5025    i.get_fileinfo      ff.o
    0x08007854   0x08007854   0x00000048   Code   RO         5026    i.get_ldnumber      ff.o
    0x0800789c   0x0800789c   0x00000058   Code   RO           23    i.get_rtc_time      main.o
    0x080078f4   0x080078f4   0x000000bc   Code   RO         5027    i.inc_lock          ff.o
    0x080079b0   0x080079b0   0x00000026   Code   RO         5028    i.ld_clust          ff.o
    0x080079d6   0x080079d6   0x00000018   Code   RO         5029    i.ld_dword          ff.o
    0x080079ee   0x080079ee   0x0000000c   Code   RO         5030    i.ld_word           ff.o
    0x080079fa   0x080079fa   0x00000002   PAD
    0x080079fc   0x080079fc   0x000000b0   Code   RO           24    i.main              main.o
    0x08007aac   0x08007aac   0x00000024   Code   RO         5031    i.mem_cmp           ff.o
    0x08007ad0   0x08007ad0   0x0000001a   Code   RO         5032    i.mem_cpy           ff.o
    0x08007aea   0x08007aea   0x00000012   Code   RO         5033    i.mem_set           ff.o
    0x08007afc   0x08007afc   0x00000034   Code   RO         5034    i.move_window       ff.o
    0x08007b30   0x08007b30   0x00000138   Code   RO         5035    i.put_fat           ff.o
    0x08007c68   0x08007c68   0x0000009a   Code   RO         5039    i.remove_chain      ff.o
    0x08007d02   0x08007d02   0x00000024   Code   RO         5040    i.st_clust          ff.o
    0x08007d26   0x08007d26   0x00000018   Code   RO         5041    i.st_dword          ff.o
    0x08007d3e   0x08007d3e   0x0000000c   Code   RO         5042    i.st_word           ff.o
    0x08007d4a   0x08007d4a   0x00000002   PAD
    0x08007d4c   0x08007d4c   0x00000090   Code   RO         5043    i.sync_fs           ff.o
    0x08007ddc   0x08007ddc   0x00000052   Code   RO         5044    i.sync_window       ff.o
    0x08007e2e   0x08007e2e   0x0000003c   Code   RO         5045    i.validate          ff.o
    0x08007e6a   0x08007e6a   0x00000018   Data   RO          506    .constdata          rtc.o
    0x08007e82   0x08007e82   0x00000002   PAD
    0x08007e84   0x08007e84   0x00000014   Data   RO          949    .constdata          sd_diskio.o
    0x08007e98   0x08007e98   0x00000008   Data   RO         1880    .constdata          stm32f4xx_hal_dma.o
    0x08007ea0   0x08007ea0   0x00000018   Data   RO         4888    .constdata          system_stm32f4xx.o
    0x08007eb8   0x08007eb8   0x0000002c   Data   RO         5047    .constdata          ff.o
    0x08007ee4   0x08007ee4   0x00000020   Data   RO         5743    Region$$Table       anon$$obj.o


    Execution Region RW_IRAM1 (Exec base: 0x20000000, Load base: 0x08007f04, Size: 0x00002060, Max: 0x0001c000, ABSOLUTE)

    Exec Addr    Load Addr    Size         Type   Attr      Idx    E Section Name        Object

    0x20000000   0x08007f04   0x00000036   Data   RW           26    .data               main.o
    0x20000036   0x08007f3a   0x00000001   Data   RW          950    .data               sd_diskio.o
    0x20000037   0x08007f3b   0x00000001   PAD
    0x20000038   0x08007f3c   0x00000034   Data   RW         1045    .data               fatfs.o
    0x2000006c   0x08007f70   0x00000009   Data   RW         2330    .data               stm32f4xx_hal.o
    0x20000075   0x08007f79   0x00000003   PAD
    0x20000078   0x08007f7c   0x00000004   Data   RW         4889    .data               system_stm32f4xx.o
    0x2000007c   0x08007f80   0x00000006   Data   RW         5048    .data               ff.o
    0x20000082   0x08007f86   0x00000002   PAD
    0x20000084   0x08007f88   0x00000004   Data   RW         5723    .data               mc_w.l(stdout.o)
    0x20000088        -       0x000016e0   Zero   RW           25    .bss                main.o
    0x20001768        -       0x000000a8   Zero   RW          432    .bss                adc.o
    0x20001810        -       0x0000002a   Zero   RW          505    .bss                rtc.o
    0x2000183a   0x08007f8c   0x00000002   PAD
    0x2000183c        -       0x000000a4   Zero   RW          575    .bss                sdio.o
    0x200018e0        -       0x00000090   Zero   RW          618    .bss                tim.o
    0x20001970        -       0x00000048   Zero   RW          665    .bss                usart.o
    0x200019b8        -       0x00000278   Zero   RW         1044    .bss                fatfs.o
    0x20001c30        -       0x00000020   Zero   RW         5046    .bss                ff.o
    0x20001c50        -       0x0000000c   Zero   RW         5355    .bss                ff_gen_drv.o
    0x20001c5c   0x08007f8c   0x00000004   PAD
    0x20001c60        -       0x00000400   Zero   RW            1    STACK               startup_stm32f407xx.o


    Execution Region RW_IRAM2 (Exec base: 0x2001c000, Load base: 0x08007f8c, Size: 0x00000000, Max: 0x00004000, ABSOLUTE)

    **** No section assigned to this execution region ****


==============================================================================

Image component sizes


      Code (inc. data)   RO Data    RW Data    ZI Data      Debug   Object Name

       312         30          0          0        168       1799   adc.o
       210         26          0          0          0       4216   bsp_driver_sd.o
       196         20          0          0          0       3989   diskio.o
        56          4          0          0          0        766   dma.o
        24          8          0         52        632       1729   fatfs.o
        24          4          0          0          0        569   fatfs_platform.o
      8128        168         44          6         32      42691   ff.o
       102          6          0          0         12       1679   ff_gen_drv.o
       204         14          0          0          0     750019   gpio.o
      1750        544          0         54       5856     730461   main.o
       516         50         24          0         42       4368   rtc.o
       288         16         20          1          0       9000   sd_diskio.o
       308         52          0          0        164       1927   sdio.o
        36          8        392          0       1024        836   startup_stm32f407xx.o
       212         36          0          9          0       9405   stm32f4xx_hal.o
      1466         66          0          0          0       6862   stm32f4xx_hal_adc.o
       312         22          0          0          0      34343   stm32f4xx_hal_cortex.o
      1396         16          8          0          0       6387   stm32f4xx_hal_dma.o
       548         46          0          0          0       3440   stm32f4xx_hal_gpio.o
        72          4          0          0          0        862   stm32f4xx_hal_msp.o
      1820         84          0          0          0       5640   stm32f4xx_hal_rcc.o
       416         20          0          0          0       1408   stm32f4xx_hal_rcc_ex.o
      1000         28          0          0          0       8001   stm32f4xx_hal_rtc.o
        36          0          0          0          0       1779   stm32f4xx_hal_rtc_ex.o
      3256         36          0          0          0      13492   stm32f4xx_hal_sd.o
      1408        106          0          0          0      10580   stm32f4xx_hal_tim.o
       184         30          0          0          0       2533   stm32f4xx_hal_tim_ex.o
      1112         10          0          0          0       4588   stm32f4xx_hal_uart.o
        66         12          0          0          0       5242   stm32f4xx_it.o
      2102         46          0          0          0      24575   stm32f4xx_ll_sdmmc.o
        20          6         24          4          0       1135   system_stm32f4xx.o
       420        102          0          0        144       2411   tim.o
       192         22          0          0         72       1702   usart.o

    ----------------------------------------------------------------------
     28226       1642        546        132       8152    1698434   Object Totals
         0          0         32          0          0          0   (incl. Generated)
        34          0          2          6          6          0   (incl. Padding)

    ----------------------------------------------------------------------

      Code (inc. data)   RO Data    RW Data    ZI Data      Debug   Library Member Name

         0          0          0          0          0          0   entry.o
         0          0          0          0          0          0   entry10a.o
         0          0          0          0          0          0   entry11a.o
         4          0          0          0          0          0   entry12b.o
         8          4          0          0          0          0   entry2.o
         4          0          0          0          0          0   entry5.o
         0          0          0          0          0          0   entry7b.o
         0          0          0          0          0          0   entry8b.o
         8          4          0          0          0          0   entry9a.o
        30          0          0          0          0          0   handlers.o
        36          8          0          0          0         68   init.o
         0          0          0          0          0          0   iusefp.o
        30          0          0          0          0         68   llshl.o
        36          0          0          0          0         68   llsshr.o
        32          0          0          0          0         68   llushr.o
        36          0          0          0          0        108   memseta.o
      2268         96          0          0          0        616   printfa.o
         0          0          0          4          0          0   stdout.o
        14          0          0          0          0         68   strlen.o
        44          0          0          0          0         80   uidiv.o
        98          0          0          0          0         92   uldiv.o
        48          0          0          0          0         68   cdrcmple.o
       334          0          0          0          0        148   dadd.o
       222          0          0          0          0        100   ddiv.o
       186          0          0          0          0        176   depilogue.o
        48          0          0          0          0         68   dfixul.o
        26          0          0          0          0         76   dfltui.o
       228          0          0          0          0         96   dmul.o

    ----------------------------------------------------------------------
      3744        112          0          4          0       1968   Library Totals
         4          0          0          0          0          0   (incl. Padding)

    ----------------------------------------------------------------------

      Code (inc. data)   RO Data    RW Data    ZI Data      Debug   Library Name

      2648        112          0          4          0       1236   mc_w.l
      1092          0          0          0          0        732   mf_w.l

    ----------------------------------------------------------------------
      3744        112          0          4          0       1968   Library Totals

    ----------------------------------------------------------------------

==============================================================================


      Code (inc. data)   RO Data    RW Data    ZI Data      Debug   

     31970       1754        546        136       8152    1677718   Grand Totals
     31970       1754        546        136       8152    1677718   ELF Image Totals
     31970       1754        546        136          0          0   ROM Totals

==============================================================================

    Total RO  Size (Code + RO Data)                32516 (  31.75kB)
    Total RW  Size (RW Data + ZI Data)              8288 (   8.09kB)
    Total ROM Size (Code + RO Data + RW Data)      32652 (  31.89kB)

==============================================================================

