Component: ARM Compiler 5.06 update 7 (build 960) Tool: armlink [4d3601]

==============================================================================

Section Cross References

    startup_stm32f407xx.o(RESET) refers to startup_stm32f407xx.o(STACK) for __initial_sp
    startup_stm32f407xx.o(RESET) refers to startup_stm32f407xx.o(.text) for Reset_Handler
    startup_stm32f407xx.o(RESET) refers to stm32f4xx_it.o(i.NMI_Handler) for NMI_Handler
    startup_stm32f407xx.o(RESET) refers to stm32f4xx_it.o(i.HardFault_Handler) for HardFault_Handler
    startup_stm32f407xx.o(RESET) refers to stm32f4xx_it.o(i.MemManage_Handler) for MemManage_Handler
    startup_stm32f407xx.o(RESET) refers to stm32f4xx_it.o(i.BusFault_Handler) for BusFault_Handler
    startup_stm32f407xx.o(RESET) refers to stm32f4xx_it.o(i.UsageFault_Handler) for UsageFault_Handler
    startup_stm32f407xx.o(RESET) refers to stm32f4xx_it.o(i.SVC_Handler) for SVC_Handler
    startup_stm32f407xx.o(RESET) refers to stm32f4xx_it.o(i.DebugMon_Handler) for DebugMon_Handler
    startup_stm32f407xx.o(RESET) refers to stm32f4xx_it.o(i.PendSV_Handler) for PendSV_Handler
    startup_stm32f407xx.o(RESET) refers to stm32f4xx_it.o(i.SysTick_Handler) for SysTick_Handler
    startup_stm32f407xx.o(RESET) refers to stm32f4xx_it.o(i.TIM3_IRQHandler) for TIM3_IRQHandler
    startup_stm32f407xx.o(RESET) refers to stm32f4xx_it.o(i.TIM4_IRQHandler) for TIM4_IRQHandler
    startup_stm32f407xx.o(RESET) refers to stm32f4xx_it.o(i.DMA2_Stream0_IRQHandler) for DMA2_Stream0_IRQHandler
    startup_stm32f407xx.o(.text) refers to system_stm32f4xx.o(i.SystemInit) for SystemInit
    startup_stm32f407xx.o(.text) refers to entry.o(.ARM.Collect$$$$00000000) for __main
    main.o(i.HAL_ADC_ConvCpltCallback) refers to stm32f4xx_hal_dma.o(i.HAL_DMA_Abort) for HAL_DMA_Abort
    main.o(i.HAL_ADC_ConvCpltCallback) refers to stm32f4xx_hal_adc.o(i.HAL_ADC_Start_DMA) for HAL_ADC_Start_DMA
    main.o(i.HAL_ADC_ConvCpltCallback) refers to adc.o(.bss) for hadc1
    main.o(i.HAL_ADC_ConvCpltCallback) refers to main.o(.data) for DMA_CurrentBuf
    main.o(i.HAL_ADC_ConvCpltCallback) refers to main.o(.bss) for ADC_BUFB
    main.o(i.HAL_TIM_PeriodElapsedCallback) refers to stm32f4xx_hal_gpio.o(i.HAL_GPIO_TogglePin) for HAL_GPIO_TogglePin
    main.o(i.HAL_TIM_PeriodElapsedCallback) refers to main.o(i.WriteToSD) for WriteToSD
    main.o(i.HAL_TIM_PeriodElapsedCallback) refers to main.o(.data) for sys_time_us
    main.o(i.HAL_TIM_PeriodElapsedCallback) refers to main.o(.bss) for res_bufA
    main.o(i.ProcessBuffer) refers to main.o(i.RecordInterval) for RecordInterval
    main.o(i.ProcessBuffer) refers to main.o(.data) for last_in_valid
    main.o(i.RecordInterval) refers to main.o(.data) for current_res_buf
    main.o(i.RecordInterval) refers to main.o(.bss) for res_bufA
    main.o(i.SD_Init) refers to printfa.o(i.__0printf) for __2printf
    main.o(i.SD_Init) refers to sdio.o(i.MX_SDIO_SD_Init) for MX_SDIO_SD_Init
    main.o(i.SD_Init) refers to ff.o(i.f_mount) for f_mount
    main.o(i.SD_Init) refers to ff.o(i.f_stat) for f_stat
    main.o(i.SD_Init) refers to ff.o(i.f_setlabel) for f_setlabel
    main.o(i.SD_Init) refers to ff.o(i.f_mkfs) for f_mkfs
    main.o(i.SD_Init) refers to ff.o(i.f_open) for f_open
    main.o(i.SD_Init) refers to ff.o(i.f_close) for f_close
    main.o(i.SD_Init) refers to ff.o(i.f_getfree) for f_getfree
    main.o(i.SD_Init) refers to fatfs.o(.bss) for fs
    main.o(i.SD_Init) refers to main.o(.bss) for fil_a
    main.o(i.SD_Init) refers to main.o(.data) for fs_ptr
    main.o(i.SystemClock_Config) refers to memseta.o(.text) for __aeabi_memclr4
    main.o(i.SystemClock_Config) refers to stm32f4xx_hal_rcc.o(i.HAL_RCC_OscConfig) for HAL_RCC_OscConfig
    main.o(i.SystemClock_Config) refers to main.o(i.Error_Handler) for Error_Handler
    main.o(i.SystemClock_Config) refers to stm32f4xx_hal_rcc.o(i.HAL_RCC_ClockConfig) for HAL_RCC_ClockConfig
    main.o(i.WriteToSD) refers to rtc.o(i.RTC_Get) for RTC_Get
    main.o(i.WriteToSD) refers to ff.o(i.f_open) for f_open
    main.o(i.WriteToSD) refers to strlen.o(.text) for strlen
    main.o(i.WriteToSD) refers to ff.o(i.f_write) for f_write
    main.o(i.WriteToSD) refers to main.o(i.get_rtc_time) for get_rtc_time
    main.o(i.WriteToSD) refers to dfltui.o(.text) for __aeabi_ui2d
    main.o(i.WriteToSD) refers to dmul.o(.text) for __aeabi_dmul
    main.o(i.WriteToSD) refers to printfa.o(i.__0sprintf) for __2sprintf
    main.o(i.WriteToSD) refers to ff.o(i.f_sync) for f_sync
    main.o(i.WriteToSD) refers to main.o(.data) for sd_file_opened
    main.o(i.WriteToSD) refers to main.o(.bss) for fil_a
    main.o(i.adc_read) refers to rand.o(.text) for rand
    main.o(i.adc_read) refers to f2d.o(.text) for __aeabi_f2d
    main.o(i.adc_read) refers to ddiv.o(.text) for __aeabi_ddiv
    main.o(i.adc_read) refers to dadd.o(.text) for __aeabi_dadd
    main.o(i.adc_read) refers to d2f.o(.text) for __aeabi_d2f
[...]
    _fp_digits                               0x0800561d   Thumb Code   366  printfa.o(i._fp_digits)
    i._printf_core                           0x080057a0   Section        0  printfa.o(i._printf_core)
    _printf_core                             0x080057a1   Thumb Code  1704  printfa.o(i._printf_core)
    i._printf_post_padding                   0x08005e54   Section        0  printfa.o(i._printf_post_padding)
    _printf_post_padding                     0x08005e55   Thumb Code    36  printfa.o(i._printf_post_padding)
    i._printf_pre_padding                    0x08005e78   Section        0  printfa.o(i._printf_pre_padding)
    _printf_pre_padding                      0x08005e79   Thumb Code    46  printfa.o(i._printf_pre_padding)
    i._sputc                                 0x08005ea6   Section        0  printfa.o(i._sputc)
    _sputc                                   0x08005ea7   Thumb Code    10  printfa.o(i._sputc)
    i.check_fs                               0x08005eb0   Section        0  ff.o(i.check_fs)
    check_fs                                 0x08005eb1   Thumb Code   116  ff.o(i.check_fs)
    i.chk_chr                                0x08005f2c   Section        0  ff.o(i.chk_chr)
    chk_chr                                  0x08005f2d   Thumb Code    20  ff.o(i.chk_chr)
    i.chk_lock                               0x08005f40   Section        0  ff.o(i.chk_lock)
    chk_lock                                 0x08005f41   Thumb Code   120  ff.o(i.chk_lock)
    i.clear_lock                             0x08005fbc   Section        0  ff.o(i.clear_lock)
    clear_lock                               0x08005fbd   Thumb Code    36  ff.o(i.clear_lock)
    i.clmt_clust                             0x08005fe4   Section        0  ff.o(i.clmt_clust)
    clmt_clust                               0x08005fe5   Thumb Code    50  ff.o(i.clmt_clust)
    i.clust2sect                             0x08006016   Section        0  ff.o(i.clust2sect)
    clust2sect                               0x08006017   Thumb Code    26  ff.o(i.clust2sect)
    i.create_chain                           0x08006030   Section        0  ff.o(i.create_chain)
    create_chain                             0x08006031   Thumb Code   222  ff.o(i.create_chain)
    i.create_name                            0x08006110   Section        0  ff.o(i.create_name)
    create_name                              0x08006111   Thumb Code   262  ff.o(i.create_name)
    i.dec_lock                               0x08006228   Section        0  ff.o(i.dec_lock)
    dec_lock                                 0x08006229   Thumb Code    64  ff.o(i.dec_lock)
    i.dir_alloc                              0x0800626c   Section        0  ff.o(i.dir_alloc)
    dir_alloc                                0x0800626d   Thumb Code    96  ff.o(i.dir_alloc)
    i.dir_find                               0x080062cc   Section        0  ff.o(i.dir_find)
    dir_find                                 0x080062cd   Thumb Code   108  ff.o(i.dir_find)
    i.dir_next                               0x08006338   Section        0  ff.o(i.dir_next)
    dir_next                                 0x08006339   Thumb Code   268  ff.o(i.dir_next)
    i.dir_read                               0x08006444   Section        0  ff.o(i.dir_read)
    dir_read                                 0x08006445   Thumb Code   116  ff.o(i.dir_read)
    i.dir_register                           0x080064b8   Section        0  ff.o(i.dir_register)
    dir_register                             0x080064b9   Thumb Code    60  ff.o(i.dir_register)
    i.dir_sdi                                0x080064f4   Section        0  ff.o(i.dir_sdi)
    dir_sdi                                  0x080064f5   Thumb Code   154  ff.o(i.dir_sdi)
    i.disk_initialize                        0x0800658e   Section        0  diskio.o(i.disk_initialize)
    i.disk_ioctl                             0x080065b0   Section        0  diskio.o(i.disk_ioctl)
    i.disk_read                              0x080065d8   Section        0  diskio.o(i.disk_read)
    i.disk_status                            0x08006608   Section        0  diskio.o(i.disk_status)
    i.disk_write                             0x08006624   Section        0  diskio.o(i.disk_write)
    i.enq_lock                               0x08006654   Section        0  ff.o(i.enq_lock)
    enq_lock                                 0x08006655   Thumb Code    34  ff.o(i.enq_lock)
    i.f_close                                0x0800667c   Section        0  ff.o(i.f_close)
    i.f_getfree                              0x080066a8   Section        0  ff.o(i.f_getfree)
    i.f_mkfs                                 0x080067a4   Section        0  ff.o(i.f_mkfs)
    i.f_mount                                0x08006e28   Section        0  ff.o(i.f_mount)
    i.f_open                                 0x08006e88   Section        0  ff.o(i.f_open)
    i.f_setlabel                             0x080070b8   Section        0  ff.o(i.f_setlabel)
    i.f_stat                                 0x08007254   Section        0  ff.o(i.f_stat)
    i.f_sync                                 0x08007292   Section        0  ff.o(i.f_sync)
    i.f_write                                0x08007332   Section        0  ff.o(i.f_write)
    i.find_volume                            0x08007520   Section        0  ff.o(i.find_volume)
    find_volume                              0x08007521   Thumb Code   750  ff.o(i.find_volume)
    i.follow_path                            0x08007820   Section        0  ff.o(i.follow_path)
    follow_path                              0x08007821   Thumb Code   162  ff.o(i.follow_path)
    i.fputc                                  0x080078c4   Section        0  main.o(i.fputc)
    i.get_fat                                0x080078dc   Section        0  ff.o(i.get_fat)
    get_fat                                  0x080078dd   Thumb Code   224  ff.o(i.get_fat)
    i.get_fattime                            0x080079bc   Section        0  fatfs.o(i.get_fattime)
    i.get_fileinfo                           0x080079c0   Section        0  ff.o(i.get_fileinfo)
    get_fileinfo                             0x080079c1   Thumb Code   140  ff.o(i.get_fileinfo)
    i.get_ldnumber                           0x08007a4c   Section        0  ff.o(i.get_ldnumber)
    get_ldnumber                             0x08007a4d   Thumb Code    72  ff.o(i.get_ldnumber)
    i.get_rtc_time                           0x08007a94   Section        0  main.o(i.get_rtc_time)
    i.inc_lock                               0x08007aec   Section        0  ff.o(i.inc_lock)
    inc_lock                                 0x08007aed   Thumb Code   182  ff.o(i.inc_lock)
    i.ld_clust                               0x08007ba8   Section        0  ff.o(i.ld_clust)
    ld_clust                                 0x08007ba9   Thumb Code    38  ff.o(i.ld_clust)
    i.ld_dword                               0x08007bce   Section        0  ff.o(i.ld_dword)
    ld_dword                                 0x08007bcf   Thumb Code    24  ff.o(i.ld_dword)
    i.ld_word                                0x08007be6   Section        0  ff.o(i.ld_word)
    ld_word                                  0x08007be7   Thumb Code    12  ff.o(i.ld_word)
    i.main                                   0x08007bf4   Section        0  main.o(i.main)
    i.mem_cmp                                0x08007cc0   Section        0  ff.o(i.mem_cmp)
    mem_cmp                                  0x08007cc1   Thumb Code    36  ff.o(i.mem_cmp)
    i.mem_cpy                                0x08007ce4   Section        0  ff.o(i.mem_cpy)
    mem_cpy                                  0x08007ce5   Thumb Code    26  ff.o(i.mem_cpy)
    i.mem_set                                0x08007cfe   Section        0  ff.o(i.mem_set)
    mem_set                                  0x08007cff   Thumb Code    18  ff.o(i.mem_set)
    i.move_window                            0x08007d10   Section        0  ff.o(i.move_window)
    move_window                              0x08007d11   Thumb Code    52  ff.o(i.move_window)
    i.put_fat                                0x08007d44   Section        0  ff.o(i.put_fat)
    put_fat                                  0x08007d45   Thumb Code   312  ff.o(i.put_fat)
    i.remove_chain                           0x08007e7c   Section        0  ff.o(i.remove_chain)
    remove_chain                             0x08007e7d   Thumb Code   154  ff.o(i.remove_chain)
    i.st_clust                               0x08007f16   Section        0  ff.o(i.st_clust)
    st_clust                                 0x08007f17   Thumb Code    36  ff.o(i.st_clust)
    i.st_dword                               0x08007f3a   Section        0  ff.o(i.st_dword)
    st_dword                                 0x08007f3b   Thumb Code    24  ff.o(i.st_dword)
    i.st_word                                0x08007f52   Section        0  ff.o(i.st_word)
    st_word                                  0x08007f53   Thumb Code    12  ff.o(i.st_word)
    i.sync_fs                                0x08007f60   Section        0  ff.o(i.sync_fs)
    sync_fs                                  0x08007f61   Thumb Code   134  ff.o(i.sync_fs)
    i.sync_window                            0x08007ff0   Section        0  ff.o(i.sync_window)
    sync_window                              0x08007ff1   Thumb Code    82  ff.o(i.sync_window)
    i.validate                               0x08008042   Section        0  ff.o(i.validate)
    validate                                 0x08008043   Thumb Code    60  ff.o(i.validate)
    .constdata                               0x0800807e   Section       24  rtc.o(.constdata)
    .constdata                               0x08008098   Section       20  sd_diskio.o(.constdata)
    .constdata                               0x080080ac   Section        8  stm32f4xx_hal_dma.o(.constdata)
    flagBitshiftOffset                       0x080080ac   Data           8  stm32f4xx_hal_dma.o(.constdata)
    .constdata                               0x080080b4   Section       24  system_stm32f4xx.o(.constdata)
    .constdata                               0x080080cc   Section       44  ff.o(.constdata)
    badchr                                   0x080080cc   Data          16  ff.o(.constdata)
    cst                                      0x080080dc   Data          14  ff.o(.constdata)
    cst32                                    0x080080ea   Data          14  ff.o(.constdata)
    .data                                    0x20000000   Section       72  main.o(.data)
    sd_write_count                           0x20000044   Data           4  main.o(.data)
    .data                                    0x20000048   Section        1  sd_diskio.o(.data)
    Stat                                     0x20000048   Data           1  sd_diskio.o(.data)
    .data                                    0x2000004c   Section       52  fatfs.o(.data)
    .data                                    0x20000080   Section        9  stm32f4xx_hal.o(.data)
    .data                                    0x2000008c   Section        4  system_stm32f4xx.o(.data)
    .data                                    0x20000090   Section        6  ff.o(.data)
    FatFs                                    0x20000090   Data           4  ff.o(.data)
    Fsid                                     0x20000094   Data           2  ff.o(.data)
    .data                                    0x20000098   Section        4  stdout.o(.data)
    .bss                                     0x200000a0   Section     8272  main.o(.bss)
    .bss                                     0x200020f0   Section      168  adc.o(.bss)
    .bss                                     0x20002198   Section       42  rtc.o(.bss)
    .bss                                     0x200021c4   Section      164  sdio.o(.bss)
    .bss                                     0x20002268   Section      216  tim.o(.bss)
    .bss                                     0x20002340   Section       72  usart.o(.bss)
    .bss                                     0x20002388   Section      632  fatfs.o(.bss)
    .bss                                     0x20002600   Section       32  ff.o(.bss)
    Files                                    0x20002600   Data          32  ff.o(.bss)
    .bss                                     0x20002620   Section       12  ff_gen_drv.o(.bss)
    STACK                                    0x20002630   Section     1024  startup_stm32f407xx.o(STACK)

    Global Symbols

    Symbol Name                              Value     Ov Type        Size  Object(Section)

    BuildAttributes$$THM_ISAv4$E$P$D$K$B$S$7EM$VFPi3$EXTD16$VFPS$VFMA$PE$A:L22UL41UL21$X:L11$S22US41US21$IEEE1$IW$USESV6$~STKCKD$USESV7$~SHL$OTIME$ROPI$EBA8$MICROLIB$REQ8$PRES8$EABIv2 0x00000000   Number         0  anon$$obj.o ABSOLUTE
    __ARM_use_no_argv                        0x00000000   Number         0  main.o ABSOLUTE
    _printf_a                                0x00000000   Number         0  stubs.o ABSOLUTE
    _printf_c                                0x00000000   Number         0  stubs.o ABSOLUTE
    _printf_charcount                        0x00000000   Number         0  stubs.o ABSOLUTE
    _printf_d                                0x00000000   Number         0  stubs.o ABSOLUTE
    _printf_e                                0x00000000   Number         0  stubs.o ABSOLUTE
    _printf_f                                0x00000000   Number         0  stubs.o ABSOLUTE
    _printf_flags                            0x00000000   Number         0  stubs.o ABSOLUTE
    _printf_fp_dec                           0x00000000   Number         0  stubs.o ABSOLUTE
    _printf_fp_hex                           0x00000000   Number         0  stubs.o ABSOLUTE
    _printf_g                                0x00000000   Number         0  stubs.o ABSOLUTE
    _printf_i                                0x00000000   Number         0  stubs.o ABSOLUTE
    _printf_int_dec                          0x00000000   Number         0  stubs.o ABSOLUTE
    _printf_l                                0x00000000   Number         0  stubs.o ABSOLUTE
    _printf_lc                               0x00000000   Number         0  stubs.o ABSOLUTE
    _printf_ll                               0x00000000   Number         0  stubs.o ABSOLUTE
    _printf_lld                              0x00000000   Number         0  stubs.o ABSOLUTE
    _printf_lli                              0x00000000   Number         0  stubs.o ABSOLUTE
    _printf_llo                              0x00000000   Number         0  stubs.o ABSOLUTE
    _printf_llu                              0x00000000   Number         0  stubs.o ABSOLUTE
    _printf_llx                              0x00000000   Number         0  stubs.o ABSOLUTE
    _printf_longlong_dec                     0x00000000   Number         0  stubs.o ABSOLUTE
    _printf_longlong_hex                     0x00000000   Number         0  stubs.o ABSOLUTE
    _printf_longlong_oct                     0x00000000   Number         0  stubs.o ABSOLUTE
    _printf_ls                               0x00000000   Number         0  stubs.o ABSOLUTE
    _printf_mbtowc                           0x00000000   Number         0  stubs.o ABSOLUTE
    _printf_n                                0x00000000   Number         0  stubs.o ABSOLUTE
    _printf_o                                0x00000000   Number         0  stubs.o ABSOLUTE
    _printf_p                                0x00000000   Number         0  stubs.o ABSOLUTE
    _printf_percent                          0x00000000   Number         0  stubs.o ABSOLUTE
    _printf_pre_padding                      0x00000000   Number         0  stubs.o ABSOLUTE
    _printf_return_value                     0x00000000   Number         0  stubs.o ABSOLUTE
    _printf_s                                0x00000000   Number         0  stubs.o ABSOLUTE
    _printf_sizespec                         0x00000000   Number         0  stubs.o ABSOLUTE
    _printf_str                              0x00000000   Number         0  stubs.o ABSOLUTE
    _printf_truncate_signed                  0x00000000   Number         0  stubs.o ABSOLUTE
    _printf_truncate_unsigned                0x00000000   Number         0  stubs.o ABSOLUTE
    _printf_u                                0x00000000   Number         0  stubs.o ABSOLUTE
    _printf_wc                               0x00000000   Number         0  stubs.o ABSOLUTE
    _printf_wctomb                           0x00000000   Number         0  stubs.o ABSOLUTE
    _printf_widthprec                        0x00000000   Number         0  stubs.o ABSOLUTE
    _printf_x                                0x00000000   Number         0  stubs.o ABSOLUTE
    __arm_fini_                               - Undefined Weak Reference
    __cpp_initialize__aeabi_                  - Undefined Weak Reference
    __cxa_finalize                            - Undefined Weak Reference
    __decompress                              - Undefined Weak Reference
    _clock_init                               - Undefined Weak Reference
    _microlib_exit                            - Undefined Weak Reference
    __Vectors_Size                           0x00000188   Number         0  startup_stm32f407xx.o ABSOLUTE
    __Vectors                                0x08000000   Data           4  startup_stm32f407xx.o(RESET)
    __Vectors_End                            0x08000188   Data           0  startup_stm32f407xx.o(RESET)
    __main                                   0x08000189   Thumb Code     0  entry.o(.ARM.Collect$$$$00000000)
    _main_stk                                0x08000189   Thumb Code     0  entry2.o(.ARM.Collect$$$$00000001)
    _main_scatterload                        0x0800018d   Thumb Code     0  entry5.o(.ARM.Collect$$$$00000004)
    __main_after_scatterload                 0x08000191   Thumb Code     0  entry5.o(.ARM.Collect$$$$00000004)
    _main_clock                              0x08000191   Thumb Code     0  entry7b.o(.ARM.Collect$$$$00000008)
    _main_cpp_init                           0x08000191   Thumb Code     0  entry8b.o(.ARM.Collect$$$$0000000A)
    _main_init                               0x08000191   Thumb Code     0  entry9a.o(.ARM.Collect$$$$0000000B)
    __rt_lib_shutdown_fini                   0x08000199   Thumb Code     0  entry12b.o(.ARM.Collect$$$$0000000E)
    __rt_final_cpp                           0x0800019d   Thumb Code     0  entry10a.o(.ARM.Collect$$$$0000000F)
    __rt_final_exit                          0x0800019d   Thumb Code     0  entry11a.o(.ARM.Collect$$$$00000011)
    Reset_Handler                            0x080001a1   Thumb Code     8  startup_stm32f407xx.o(.text)
    ADC_IRQHandler                           0x080001bb   Thumb Code     0  startup_stm32f407xx.o(.text)
    CAN1_RX0_IRQHandler                      0x080001bb   Thumb Code     0  startup_stm32f407xx.o(.text)
    CAN1_RX1_IRQHandler                      0x080001bb   Thumb Code     0  startup_stm32f407xx.o(.text)
    CAN1_SCE_IRQHandler                      0x080001bb   Thumb Code     0  startup_stm32f407xx.o(.text)
    CAN1_TX_IRQHandler                       0x080001bb   Thumb Code     0  startup_stm32f407xx.o(.text)
    CAN2_RX0_IRQHandler                      0x080001bb   Thumb Code     0  startup_stm32f407xx.o(.text)
    CAN2_RX1_IRQHandler                      0x080001bb   Thumb Code     0  startup_stm32f407xx.o(.text)
    CAN2_SCE_IRQHandler                      0x080001bb   Thumb Code     0  startup_stm32f407xx.o(.text)
    CAN2_TX_IRQHandler                       0x080001bb   Thumb Code     0  startup_stm32f407xx.o(.text)
    DCMI_IRQHandler                          0x080001bb   Thumb Code     0  startup_stm32f407xx.o(.text)
    DMA1_Stream0_IRQHandler                  0x080001bb   Thumb Code     0  startup_stm32f407xx.o(.text)
    DMA1_Stream1_IRQHandler                  0x080001bb   Thumb Code     0  startup_stm32f407xx.o(.text)
    DMA1_Stream2_IRQHandler                  0x080001bb   Thumb Code     0  startup_stm32f407xx.o(.text)
    DMA1_Stream3_IRQHandler                  0x080001bb   Thumb Code     0  startup_stm32f407xx.o(.text)
    DMA1_Stream4_IRQHandler                  0x080001bb   Thumb Code     0  startup_stm32f407xx.o(.text)
    DMA1_Stream5_IRQHandler                  0x080001bb   Thumb Code     0  startup_stm32f407xx.o(.text)
    DMA1_Stream6_IRQHandler                  0x080001bb   Thumb Code     0  startup_stm32f407xx.o(.text)
    DMA1_Stream7_IRQHandler                  0x080001bb   Thumb Code     0  startup_stm32f407xx.o(.text)
    DMA2_Stream1_IRQHandler                  0x080001bb   Thumb Code     0  startup_stm32f407xx.o(.text)
    DMA2_Stream2_IRQHandler                  0x080001bb   Thumb Code     0  startup_stm32f407xx.o(.text)
    DMA2_Stream3_IRQHandler                  0x080001bb   Thumb Code     0  startup_stm32f407xx.o(.text)
    DMA2_Stream4_IRQHandler                  0x080001bb   Thumb Code     0  startup_stm32f407xx.o(.text)
    DMA2_Stream5_IRQHandler                  0x080001bb   Thumb Code     0  startup_stm32f407xx.o(.text)
    DMA2_Stream6_IRQHandler                  0x080001bb   Thumb Code     0  startup_stm32f407xx.o(.text)
    DMA2_Stream7_IRQHandler                  0x080001bb   Thumb Code     0  startup_stm32f407xx.o(.text)
    ETH_IRQHandler                           0x080001bb   Thumb Code     0  startup_stm32f407xx.o(.text)
    ETH_WKUP_IRQHandler                      0x080001bb   Thumb Code     0  startup_stm32f407xx.o(.text)
    EXTI0_IRQHandler                         0x080001bb   Thumb Code     0  startup_stm32f407xx.o(.text)
    EXTI15_10_IRQHandler                     0x080001bb   Thumb Code     0  startup_stm32f407xx.o(.text)
    EXTI1_IRQHandler                         0x080001bb   Thumb Code     0  startup_stm32f407xx.o(.text)
    EXTI2_IRQHandler                         0x080001bb   Thumb Code     0  startup_stm32f407xx.o(.text)
    EXTI3_IRQHandler                         0x080001bb   Thumb Code     0  startup_stm32f407xx.o(.text)
    EXTI4_IRQHandler                         0x080001bb   Thumb Code     0  startup_stm32f407xx.o(.text)
    EXTI9_5_IRQHandler                       0x080001bb   Thumb Code     0  startup_stm32f407xx.o(.text)
    FLASH_IRQHandler                         0x080001bb   Thumb Code     0  startup_stm32f407xx.o(.text)
    FMC_IRQHandler                           0x080001bb   Thumb Code     0  startup_stm32f407xx.o(.text)
    FPU_IRQHandler                           0x080001bb   Thumb Code     0  startup_stm32f407xx.o(.text)
    HASH_RNG_IRQHandler                      0x080001bb   Thumb Code     0  startup_stm32f407xx.o(.text)
    I2C1_ER_IRQHandler                       0x080001bb   Thumb Code     0  startup_stm32f407xx.o(.text)
    I2C1_EV_IRQHandler                       0x080001bb   Thumb Code     0  startup_stm32f407xx.o(.text)
    I2C2_ER_IRQHandler                       0x080001bb   Thumb Code     0  startup_stm32f407xx.o(.text)
    I2C2_EV_IRQHandler                       0x080001bb   Thumb Code     0  startup_stm32f407xx.o(.text)
    I2C3_ER_IRQHandler                       0x080001bb   Thumb Code     0  startup_stm32f407xx.o(.text)
    I2C3_EV_IRQHandler                       0x080001bb   Thumb Code     0  startup_stm32f407xx.o(.text)
    OTG_FS_IRQHandler                        0x080001bb   Thumb Code     0  startup_stm32f407xx.o(.text)
    OTG_FS_WKUP_IRQHandler                   0x080001bb   Thumb Code     0  startup_stm32f407xx.o(.text)
    OTG_HS_EP1_IN_IRQHandler                 0x080001bb   Thumb Code     0  startup_stm32f407xx.o(.text)
    OTG_HS_EP1_OUT_IRQHandler                0x080001bb   Thumb Code     0  startup_stm32f407xx.o(.text)
    OTG_HS_IRQHandler                        0x080001bb   Thumb Code     0  startup_stm32f407xx.o(.text)
    OTG_HS_WKUP_IRQHandler                   0x080001bb   Thumb Code     0  startup_stm32f407xx.o(.text)
    PVD_IRQHandler                           0x080001bb   Thumb Code     0  startup_stm32f407xx.o(.text)
    RCC_IRQHandler                           0x080001bb   Thumb Code     0  startup_stm32f407xx.o(.text)
    RTC_Alarm_IRQHandler                     0x080001bb   Thumb Code     0  startup_stm32f407xx.o(.text)
    RTC_WKUP_IRQHandler                      0x080001bb   Thumb Code     0  startup_stm32f407xx.o(.text)
    SDIO_IRQHandler                          0x080001bb   Thumb Code     0  startup_stm32f407xx.o(.text)
    SPI1_IRQHandler                          0x080001bb   Thumb Code     0  startup_stm32f407xx.o(.text)
    SPI2_IRQHandler                          0x080001bb   Thumb Code     0  startup_stm32f407xx.o(.text)
    SPI3_IRQHandler                          0x080001bb   Thumb Code     0  startup_stm32f407xx.o(.text)
    TAMP_STAMP_IRQHandler                    0x080001bb   Thumb Code     0  startup_stm32f407xx.o(.text)
    TIM1_BRK_TIM9_IRQHandler                 0x080001bb   Thumb Code     0  startup_stm32f407xx.o(.text)
    TIM1_CC_IRQHandler                       0x080001bb   Thumb Code     0  startup_stm32f407xx.o(.text)
    TIM1_TRG_COM_TIM11_IRQHandler            0x080001bb   Thumb Code     0  startup_stm32f407xx.o(.text)
    TIM1_UP_TIM10_IRQHandler                 0x080001bb   Thumb Code     0  startup_stm32f407xx.o(.text)
    TIM2_IRQHandler                          0x080001bb   Thumb Code     0  startup_stm32f407xx.o(.text)
    TIM5_IRQHandler                          0x080001bb   Thumb Code     0  startup_stm32f407xx.o(.text)
    TIM6_DAC_IRQHandler                      0x080001bb   Thumb Code     0  startup_stm32f407xx.o(.text)
    TIM7_IRQHandler                          0x080001bb   Thumb Code     0  startup_stm32f407xx.o(.text)
    TIM8_BRK_TIM12_IRQHandler                0x080001bb   Thumb Code     0  startup_stm32f407xx.o(.text)
    TIM8_CC_IRQHandler                       0x080001bb   Thumb Code     0  startup_stm32f407xx.o(.text)
    TIM8_TRG_COM_TIM14_IRQHandler            0x080001bb   Thumb Code     0  startup_stm32f407xx.o(.text)
    TIM8_UP_TIM13_IRQHandler                 0x080001bb   Thumb Code     0  startup_stm32f407xx.o(.text)
    UART4_IRQHandler                         0x080001bb   Thumb Code     0  startup_stm32f407xx.o(.text)
    UART5_IRQHandler                         0x080001bb   Thumb Code     0  startup_stm32f407xx.o(.text)
    USART1_IRQHandler                        0x080001bb   Thumb Code     0  startup_stm32f407xx.o(.text)
    USART2_IRQHandler                        0x080001bb   Thumb Code     0  startup_stm32f407xx.o(.text)
    USART3_IRQHandler                        0x080001bb   Thumb Code     0  startup_stm32f407xx.o(.text)
    USART6_IRQHandler                        0x080001bb   Thumb Code     0  startup_stm32f407xx.o(.text)
    WWDG_IRQHandler                          0x080001bb   Thumb Code     0  startup_stm32f407xx.o(.text)
    __aeabi_uldivmod                         0x080001c5   Thumb Code    98  uldiv.o(.text)
    __aeabi_memset                           0x08000227   Thumb Code    14  memseta.o(.text)
    __aeabi_memset4                          0x08000227   Thumb Code     0  memseta.o(.text)
    __aeabi_memset8                          0x08000227   Thumb Code     0  memseta.o(.text)
    __aeabi_memclr                           0x08000235   Thumb Code     4  memseta.o(.text)
    __aeabi_memclr4                          0x08000235   Thumb Code     0  memseta.o(.text)
    __aeabi_memclr8                          0x08000235   Thumb Code     0  memseta.o(.text)
    _memset$wrapper                          0x08000239   Thumb Code    18  memseta.o(.text)
    strlen                                   0x0800024b   Thumb Code    14  strlen.o(.text)
    __aeabi_dadd                             0x08000259   Thumb Code   322  dadd.o(.text)
    __aeabi_dsub                             0x0800039b   Thumb Code     6  dadd.o(.text)
    __aeabi_drsub                            0x080003a1   Thumb Code     6  dadd.o(.text)
    __aeabi_dmul                             0x080003a7   Thumb Code   228  dmul.o(.text)
    __aeabi_ddiv                             0x0800048b   Thumb Code   222  ddiv.o(.text)
    __aeabi_ui2d                             0x08000569   Thumb Code    26  dfltui.o(.text)
    __aeabi_uidiv                            0x08000583   Thumb Code     0  uidiv.o(.text)
    __aeabi_uidivmod                         0x08000583   Thumb Code    44  uidiv.o(.text)
    __aeabi_llsl                             0x080005af   Thumb Code    30  llshl.o(.text)
    _ll_shift_l                              0x080005af   Thumb Code     0  llshl.o(.text)
    __aeabi_llsr                             0x080005cd   Thumb Code    32  llushr.o(.text)
    _ll_ushift_r                             0x080005cd   Thumb Code     0  llushr.o(.text)
    __aeabi_lasr                             0x080005ed   Thumb Code    36  llsshr.o(.text)
    _ll_sshift_r                             0x080005ed   Thumb Code     0  llsshr.o(.text)
    __I$use$fp                               0x08000611   Thumb Code     0  iusefp.o(.text)
    _double_round                            0x08000611   Thumb Code    30  depilogue.o(.text)
    _double_epilogue                         0x0800062f   Thumb Code   156  depilogue.o(.text)
    __aeabi_d2ulz                            0x080006cb   Thumb Code    48  dfixul.o(.text)
    __aeabi_cdrcmple                         0x080006fd   Thumb Code    48  cdrcmple.o(.text)
    __scatterload                            0x0800072d   Thumb Code    28  init.o(.text)
    __scatterload_rt2                        0x0800072d   Thumb Code     0  init.o(.text)
    BSP_PlatformIsDetected                   0x08000959   Thumb Code    20  fatfs_platform.o(i.BSP_PlatformIsDetected)
    BSP_SD_GetCardInfo                       0x08000971   Thumb Code    14  bsp_driver_sd.o(i.BSP_SD_GetCardInfo)
    BSP_SD_GetCardState                      0x08000985   Thumb Code    20  bsp_driver_sd.o(i.BSP_SD_GetCardState)
    BSP_SD_Init                              0x0800099d   Thumb Code    44  bsp_driver_sd.o(i.BSP_SD_Init)
    BSP_SD_IsDetected                        0x080009cd   Thumb Code    22  bsp_driver_sd.o(i.BSP_SD_IsDetected)
    BSP_SD_ReadBlocks                        0x080009e5   Thumb Code    42  bsp_driver_sd.o(i.BSP_SD_ReadBlocks)
    BSP_SD_WriteBlocks                       0x08000a15   Thumb Code    42  bsp_driver_sd.o(i.BSP_SD_WriteBlocks)
    BusFault_Handler                         0x08000a45   Thumb Code     4  stm32f4xx_it.o(i.BusFault_Handler)
    DMA2_Stream0_IRQHandler                  0x08000a49   Thumb Code    10  stm32f4xx_it.o(i.DMA2_Stream0_IRQHandler)
    DebugMon_Handler                         0x08000b63   Thumb Code     2  stm32f4xx_it.o(i.DebugMon_Handler)
    Error_Handler                            0x08000b65   Thumb Code     6  main.o(i.Error_Handler)
    FATFS_LinkDriver                         0x08000b6b   Thumb Code    18  ff_gen_drv.o(i.FATFS_LinkDriver)
    FATFS_LinkDriverEx                       0x08000b7d   Thumb Code    78  ff_gen_drv.o(i.FATFS_LinkDriverEx)
    HAL_ADC_ConfigChannel                    0x08000bd1   Thumb Code   380  stm32f4xx_hal_adc.o(i.HAL_ADC_ConfigChannel)
    HAL_ADC_ConvCpltCallback                 0x08000d5d   Thumb Code   106  main.o(i.HAL_ADC_ConvCpltCallback)
    HAL_ADC_ConvHalfCpltCallback             0x08000df1   Thumb Code     2  stm32f4xx_hal_adc.o(i.HAL_ADC_ConvHalfCpltCallback)
    HAL_ADC_ErrorCallback                    0x08000df3   Thumb Code     2  stm32f4xx_hal_adc.o(i.HAL_ADC_ErrorCallback)
    HAL_ADC_Init                             0x08000df5   Thumb Code   100  stm32f4xx_hal_adc.o(i.HAL_ADC_Init)
    HAL_ADC_MspInit                          0x08000e5d   Thumb Code   180  adc.o(i.HAL_ADC_MspInit)
    HAL_ADC_Start_DMA                        0x08000f25   Thumb Code   406  stm32f4xx_hal_adc.o(i.HAL_ADC_Start_DMA)
    HAL_DMA_Abort                            0x080010e1   Thumb Code   172  stm32f4xx_hal_dma.o(i.HAL_DMA_Abort)
    HAL_DMA_IRQHandler                       0x0800118d   Thumb Code   570  stm32f4xx_hal_dma.o(i.HAL_DMA_IRQHandler)
    HAL_DMA_Init                             0x080013cd   Thumb Code   232  stm32f4xx_hal_dma.o(i.HAL_DMA_Init)
    HAL_DMA_Start_IT                         0x080014b9   Thumb Code   146  stm32f4xx_hal_dma.o(i.HAL_DMA_Start_IT)
    HAL_Delay                                0x0800154d   Thumb Code    36  stm32f4xx_hal.o(i.HAL_Delay)
    HAL_GPIO_Init                            0x08001575   Thumb Code   454  stm32f4xx_hal_gpio.o(i.HAL_GPIO_Init)
    HAL_GPIO_ReadPin                         0x08001769   Thumb Code    16  stm32f4xx_hal_gpio.o(i.HAL_GPIO_ReadPin)
    HAL_GPIO_TogglePin                       0x08001779   Thumb Code    20  stm32f4xx_hal_gpio.o(i.HAL_GPIO_TogglePin)
    HAL_GPIO_WritePin                        0x0800178d   Thumb Code    12  stm32f4xx_hal_gpio.o(i.HAL_GPIO_WritePin)
    HAL_GetTick                              0x08001799   Thumb Code     6  stm32f4xx_hal.o(i.HAL_GetTick)
    HAL_IncTick                              0x080017a5   Thumb Code    16  stm32f4xx_hal.o(i.HAL_IncTick)
    HAL_Init                                 0x080017bd   Thumb Code    54  stm32f4xx_hal.o(i.HAL_Init)
    HAL_InitTick                             0x080017f9   Thumb Code    64  stm32f4xx_hal.o(i.HAL_InitTick)
    HAL_MspInit                              0x08001845   Thumb Code    68  stm32f4xx_hal_msp.o(i.HAL_MspInit)
    HAL_NVIC_EnableIRQ                       0x0800188d   Thumb Code    40  stm32f4xx_hal_cortex.o(i.HAL_NVIC_EnableIRQ)
    HAL_NVIC_SetPriority                     0x080018b5   Thumb Code   124  stm32f4xx_hal_cortex.o(i.HAL_NVIC_SetPriority)
    HAL_NVIC_SetPriorityGrouping             0x08001931   Thumb Code    32  stm32f4xx_hal_cortex.o(i.HAL_NVIC_SetPriorityGrouping)
    HAL_RCCEx_PeriphCLKConfig                0x08001959   Thumb Code   396  stm32f4xx_hal_rcc_ex.o(i.HAL_RCCEx_PeriphCLKConfig)
    HAL_RCC_ClockConfig                      0x08001af9   Thumb Code   368  stm32f4xx_hal_rcc.o(i.HAL_RCC_ClockConfig)
    HAL_RCC_GetHCLKFreq                      0x08001c7d   Thumb Code     6  stm32f4xx_hal_rcc.o(i.HAL_RCC_GetHCLKFreq)
    HAL_RCC_GetPCLK1Freq                     0x08001c89   Thumb Code    22  stm32f4xx_hal_rcc.o(i.HAL_RCC_GetPCLK1Freq)
    HAL_RCC_GetPCLK2Freq                     0x08001ca9   Thumb Code    22  stm32f4xx_hal_rcc.o(i.HAL_RCC_GetPCLK2Freq)
    HAL_RCC_GetSysClockFreq                  0x08001cc9   Thumb Code   162  stm32f4xx_hal_rcc.o(i.HAL_RCC_GetSysClockFreq)
    HAL_RCC_OscConfig                        0x08001d79   Thumb Code  1172  stm32f4xx_hal_rcc.o(i.HAL_RCC_OscConfig)
    HAL_RTCEx_BKUPRead                       0x08002215   Thumb Code    18  stm32f4xx_hal_rtc_ex.o(i.HAL_RTCEx_BKUPRead)
    HAL_RTCEx_BKUPWrite                      0x08002227   Thumb Code    18  stm32f4xx_hal_rtc_ex.o(i.HAL_RTCEx_BKUPWrite)
    HAL_RTC_GetDate                          0x08002239   Thumb Code    72  stm32f4xx_hal_rtc.o(i.HAL_RTC_GetDate)
    HAL_RTC_GetTime                          0x08002285   Thumb Code    88  stm32f4xx_hal_rtc.o(i.HAL_RTC_GetTime)
    HAL_RTC_Init                             0x080022e1   Thumb Code   174  stm32f4xx_hal_rtc.o(i.HAL_RTC_Init)
    HAL_RTC_MspInit                          0x08002395   Thumb Code    50  rtc.o(i.HAL_RTC_MspInit)
    HAL_RTC_SetDate                          0x080023d1   Thumb Code   188  stm32f4xx_hal_rtc.o(i.HAL_RTC_SetDate)
    HAL_RTC_SetTime                          0x08002491   Thumb Code   230  stm32f4xx_hal_rtc.o(i.HAL_RTC_SetTime)
    HAL_RTC_WaitForSynchro                   0x0800257d   Thumb Code    52  stm32f4xx_hal_rtc.o(i.HAL_RTC_WaitForSynchro)
    HAL_SD_ConfigWideBusOperation            0x080025b5   Thumb Code   196  stm32f4xx_hal_sd.o(i.HAL_SD_ConfigWideBusOperation)
    HAL_SD_GetCardCSD                        0x0800267d   Thumb Code   450  stm32f4xx_hal_sd.o(i.HAL_SD_GetCardCSD)
    HAL_SD_GetCardInfo                       0x08002845   Thumb Code    38  stm32f4xx_hal_sd.o(i.HAL_SD_GetCardInfo)
    HAL_SD_GetCardState                      0x0800286b   Thumb Code    36  stm32f4xx_hal_sd.o(i.HAL_SD_GetCardState)
    HAL_SD_Init                              0x0800288f   Thumb Code    60  stm32f4xx_hal_sd.o(i.HAL_SD_Init)
    HAL_SD_InitCard                          0x080028cd   Thumb Code   160  stm32f4xx_hal_sd.o(i.HAL_SD_InitCard)
    HAL_SD_MspInit                           0x08002975   Thumb Code   182  sdio.o(i.HAL_SD_MspInit)
    HAL_SD_ReadBlocks                        0x08002a3d   Thumb Code   670  stm32f4xx_hal_sd.o(i.HAL_SD_ReadBlocks)
    HAL_SD_WriteBlocks                       0x08002ce1   Thumb Code   566  stm32f4xx_hal_sd.o(i.HAL_SD_WriteBlocks)
    HAL_SYSTICK_Config                       0x08002f1d   Thumb Code    52  stm32f4xx_hal_cortex.o(i.HAL_SYSTICK_Config)
    HAL_TIMEx_BreakCallback                  0x08002f51   Thumb Code     2  stm32f4xx_hal_tim_ex.o(i.HAL_TIMEx_BreakCallback)
    HAL_TIMEx_CommutCallback                 0x08002f53   Thumb Code     2  stm32f4xx_hal_tim_ex.o(i.HAL_TIMEx_CommutCallback)
    HAL_TIMEx_MasterConfigSynchronization    0x08002f55   Thumb Code   150  stm32f4xx_hal_tim_ex.o(i.HAL_TIMEx_MasterConfigSynchronization)
    HAL_TIM_Base_Init                        0x08003009   Thumb Code   102  stm32f4xx_hal_tim.o(i.HAL_TIM_Base_Init)
    HAL_TIM_Base_MspInit                     0x08003071   Thumb Code   124  tim.o(i.HAL_TIM_Base_MspInit)
    HAL_TIM_Base_Start                       0x080030f9   Thumb Code   126  stm32f4xx_hal_tim.o(i.HAL_TIM_Base_Start)
    HAL_TIM_Base_Start_IT                    0x08003195   Thumb Code   138  stm32f4xx_hal_tim.o(i.HAL_TIM_Base_Start_IT)
    HAL_TIM_ConfigClockSource                0x0800323d   Thumb Code   268  stm32f4xx_hal_tim.o(i.HAL_TIM_ConfigClockSource)
    HAL_TIM_IC_CaptureCallback               0x08003349   Thumb Code     2  stm32f4xx_hal_tim.o(i.HAL_TIM_IC_CaptureCallback)
    HAL_TIM_IRQHandler                       0x0800334b   Thumb Code   364  stm32f4xx_hal_tim.o(i.HAL_TIM_IRQHandler)
    HAL_TIM_OC_DelayElapsedCallback          0x080034b7   Thumb Code     2  stm32f4xx_hal_tim.o(i.HAL_TIM_OC_DelayElapsedCallback)
    HAL_TIM_PWM_PulseFinishedCallback        0x080034b9   Thumb Code     2  stm32f4xx_hal_tim.o(i.HAL_TIM_PWM_PulseFinishedCallback)
    HAL_TIM_PeriodElapsedCallback            0x080034bd   Thumb Code   138  main.o(i.HAL_TIM_PeriodElapsedCallback)
    HAL_TIM_TriggerCallback                  0x08003561   Thumb Code     2  stm32f4xx_hal_tim.o(i.HAL_TIM_TriggerCallback)
    HAL_UART_Init                            0x08003563   Thumb Code   118  stm32f4xx_hal_uart.o(i.HAL_UART_Init)
    HAL_UART_MspInit                         0x080035d9   Thumb Code   124  usart.o(i.HAL_UART_MspInit)
    HAL_UART_Transmit                        0x08003661   Thumb Code   190  stm32f4xx_hal_uart.o(i.HAL_UART_Transmit)
    HardFault_Handler                        0x0800371f   Thumb Code     4  stm32f4xx_it.o(i.HardFault_Handler)
    MX_ADC1_Init                             0x08003725   Thumb Code   102  adc.o(i.MX_ADC1_Init)
    MX_DMA_Init                              0x08003795   Thumb Code    52  dma.o(i.MX_DMA_Init)
    MX_FATFS_Init                            0x080037cd   Thumb Code    12  fatfs.o(i.MX_FATFS_Init)
    MX_GPIO_Init                             0x080037e1   Thumb Code   190  gpio.o(i.MX_GPIO_Init)
    MX_RTC_Init                              0x080038ad   Thumb Code    98  rtc.o(i.MX_RTC_Init)
    MX_SDIO_SD_Init                          0x08003925   Thumb Code    74  sdio.o(i.MX_SDIO_SD_Init)
    MX_TIM2_Init                             0x08003991   Thumb Code   120  tim.o(i.MX_TIM2_Init)
    MX_TIM3_Init                             0x08003a5d   Thumb Code   114  tim.o(i.MX_TIM3_Init)
    MX_TIM4_Init                             0x08003ad9   Thumb Code   118  tim.o(i.MX_TIM4_Init)
    MX_USART1_UART_Init                      0x08003b59   Thumb Code    46  usart.o(i.MX_USART1_UART_Init)
    MemManage_Handler                        0x08003b91   Thumb Code     4  stm32f4xx_it.o(i.MemManage_Handler)
    NMI_Handler                              0x08003b95   Thumb Code     4  stm32f4xx_it.o(i.NMI_Handler)
    PendSV_Handler                           0x08003b99   Thumb Code     2  stm32f4xx_it.o(i.PendSV_Handler)
    ProcessBuffer                            0x08003b9d   Thumb Code   148  main.o(i.ProcessBuffer)
    RTC_Bcd2ToByte                           0x08003c41   Thumb Code    22  stm32f4xx_hal_rtc.o(i.RTC_Bcd2ToByte)
    RTC_ByteToBcd2                           0x08003c57   Thumb Code    26  stm32f4xx_hal_rtc.o(i.RTC_ByteToBcd2)
    RTC_EnterInitMode                        0x08003c71   Thumb Code    74  stm32f4xx_hal_rtc.o(i.RTC_EnterInitMode)
    RTC_ExitInitMode                         0x08003cbb   Thumb Code    46  stm32f4xx_hal_rtc.o(i.RTC_ExitInitMode)
    RTC_Get                                  0x08003ce9   Thumb Code    90  rtc.o(i.RTC_Get)
    RTC_Get_Week                             0x08003d4d   Thumb Code   116  rtc.o(i.RTC_Get_Week)
    RTC_Set                                  0x08003dc5   Thumb Code   112  rtc.o(i.RTC_Set)
    RecordInterval                           0x08003e39   Thumb Code   202  main.o(i.RecordInterval)
    SDIO_ConfigData                          0x08003f19   Thumb Code    44  stm32f4xx_ll_sdmmc.o(i.SDIO_ConfigData)
    SDIO_GetCommandResponse                  0x08003f45   Thumb Code     8  stm32f4xx_ll_sdmmc.o(i.SDIO_GetCommandResponse)
    SDIO_GetPowerState                       0x08003f4d   Thumb Code    10  stm32f4xx_ll_sdmmc.o(i.SDIO_GetPowerState)
    SDIO_GetResponse                         0x08003f57   Thumb Code    12  stm32f4xx_ll_sdmmc.o(i.SDIO_GetResponse)
    SDIO_Init                                0x08003f63   Thumb Code    52  stm32f4xx_ll_sdmmc.o(i.SDIO_Init)
    SDIO_PowerState_ON                       0x08003f97   Thumb Code    10  stm32f4xx_ll_sdmmc.o(i.SDIO_PowerState_ON)
    SDIO_ReadFIFO                            0x08003fa1   Thumb Code     8  stm32f4xx_ll_sdmmc.o(i.SDIO_ReadFIFO)
    SDIO_SendCommand                         0x08003fa9   Thumb Code    40  stm32f4xx_ll_sdmmc.o(i.SDIO_SendCommand)
    SDIO_WriteFIFO                           0x08003fd1   Thumb Code    12  stm32f4xx_ll_sdmmc.o(i.SDIO_WriteFIFO)
    SDMMC_CmdAppCommand                      0x08003fdd   Thumb Code    56  stm32f4xx_ll_sdmmc.o(i.SDMMC_CmdAppCommand)
    SDMMC_CmdAppOperCommand                  0x08004015   Thumb Code    54  stm32f4xx_ll_sdmmc.o(i.SDMMC_CmdAppOperCommand)
    SDMMC_CmdBlockLength                     0x08004051   Thumb Code    56  stm32f4xx_ll_sdmmc.o(i.SDMMC_CmdBlockLength)
    SDMMC_CmdBusWidth                        0x08004089   Thumb Code    56  stm32f4xx_ll_sdmmc.o(i.SDMMC_CmdBusWidth)
    SDMMC_CmdGoIdleState                     0x080040c1   Thumb Code    44  stm32f4xx_ll_sdmmc.o(i.SDMMC_CmdGoIdleState)
    SDMMC_CmdOperCond                        0x080040ed   Thumb Code    52  stm32f4xx_ll_sdmmc.o(i.SDMMC_CmdOperCond)
    SDMMC_CmdReadMultiBlock                  0x08004121   Thumb Code    56  stm32f4xx_ll_sdmmc.o(i.SDMMC_CmdReadMultiBlock)
    SDMMC_CmdReadSingleBlock                 0x08004159   Thumb Code    56  stm32f4xx_ll_sdmmc.o(i.SDMMC_CmdReadSingleBlock)
    SDMMC_CmdSelDesel                        0x08004191   Thumb Code    58  stm32f4xx_ll_sdmmc.o(i.SDMMC_CmdSelDesel)
    SDMMC_CmdSendCID                         0x080041cb   Thumb Code    50  stm32f4xx_ll_sdmmc.o(i.SDMMC_CmdSendCID)
    SDMMC_CmdSendCSD                         0x080041fd   Thumb Code    50  stm32f4xx_ll_sdmmc.o(i.SDMMC_CmdSendCSD)
    SDMMC_CmdSendSCR                         0x0800422f   Thumb Code    56  stm32f4xx_ll_sdmmc.o(i.SDMMC_CmdSendSCR)
    SDMMC_CmdSendStatus                      0x08004267   Thumb Code    56  stm32f4xx_ll_sdmmc.o(i.SDMMC_CmdSendStatus)
    SDMMC_CmdSetRelAdd                       0x0800429f   Thumb Code    56  stm32f4xx_ll_sdmmc.o(i.SDMMC_CmdSetRelAdd)
    SDMMC_CmdStopTransfer                    0x080042d9   Thumb Code    54  stm32f4xx_ll_sdmmc.o(i.SDMMC_CmdStopTransfer)
    SDMMC_CmdWriteMultiBlock                 0x08004315   Thumb Code    56  stm32f4xx_ll_sdmmc.o(i.SDMMC_CmdWriteMultiBlock)
    SDMMC_CmdWriteSingleBlock                0x0800434d   Thumb Code    56  stm32f4xx_ll_sdmmc.o(i.SDMMC_CmdWriteSingleBlock)
    SDMMC_GetCmdResp1                        0x080043c5   Thumb Code   418  stm32f4xx_ll_sdmmc.o(i.SDMMC_GetCmdResp1)
    SDMMC_GetCmdResp2                        0x08004571   Thumb Code    96  stm32f4xx_ll_sdmmc.o(i.SDMMC_GetCmdResp2)
    SDMMC_GetCmdResp3                        0x080045d5   Thumb Code    82  stm32f4xx_ll_sdmmc.o(i.SDMMC_GetCmdResp3)
    SDMMC_GetCmdResp6                        0x0800462d   Thumb Code   180  stm32f4xx_ll_sdmmc.o(i.SDMMC_GetCmdResp6)
    SDMMC_GetCmdResp7                        0x080046e5   Thumb Code   104  stm32f4xx_ll_sdmmc.o(i.SDMMC_GetCmdResp7)
    SD_Init                                  0x080048c5   Thumb Code   242  main.o(i.SD_Init)
    SD_initialize                            0x08004dd1   Thumb Code    32  sd_diskio.o(i.SD_initialize)
    SD_ioctl                                 0x08004df5   Thumb Code   102  sd_diskio.o(i.SD_ioctl)
    SD_read                                  0x08004e61   Thumb Code    46  sd_diskio.o(i.SD_read)
    SD_status                                0x08004e8f   Thumb Code    12  sd_diskio.o(i.SD_status)
    SD_write                                 0x08004e9b   Thumb Code    46  sd_diskio.o(i.SD_write)
    SVC_Handler                              0x08004ec9   Thumb Code     2  stm32f4xx_it.o(i.SVC_Handler)
    SysTick_Handler                          0x08004ecb   Thumb Code     8  stm32f4xx_it.o(i.SysTick_Handler)
    SystemClock_Config                       0x08004ed5   Thumb Code   176  main.o(i.SystemClock_Config)
    SystemInit                               0x08004f8d   Thumb Code    14  system_stm32f4xx.o(i.SystemInit)
    TIM3_IRQHandler                          0x08004fa1   Thumb Code    10  stm32f4xx_it.o(i.TIM3_IRQHandler)
    TIM4_IRQHandler                          0x08004fb1   Thumb Code    10  stm32f4xx_it.o(i.TIM4_IRQHandler)
    TIM_Base_SetConfig                       0x08004fc1   Thumb Code   178  stm32f4xx_hal_tim.o(i.TIM_Base_SetConfig)
    TIM_ETR_SetConfig                        0x080050a1   Thumb Code    22  stm32f4xx_hal_tim.o(i.TIM_ETR_SetConfig)
    UsageFault_Handler                       0x0800543d   Thumb Code     4  stm32f4xx_it.o(i.UsageFault_Handler)
    WriteToSD                                0x08005441   Thumb Code   218  main.o(i.WriteToSD)
    __0printf                                0x0800557d   Thumb Code    22  printfa.o(i.__0printf)
    __1printf                                0x0800557d   Thumb Code     0  printfa.o(i.__0printf)
    __2printf                                0x0800557d   Thumb Code     0  printfa.o(i.__0printf)
    __c89printf                              0x0800557d   Thumb Code     0  printfa.o(i.__0printf)
    printf                                   0x0800557d   Thumb Code     0  printfa.o(i.__0printf)
    __0sprintf                               0x0800559d   Thumb Code    34  printfa.o(i.__0sprintf)
    __1sprintf                               0x0800559d   Thumb Code     0  printfa.o(i.__0sprintf)
    __2sprintf                               0x0800559d   Thumb Code     0  printfa.o(i.__0sprintf)
    __c89sprintf                             0x0800559d   Thumb Code     0  printfa.o(i.__0sprintf)
    sprintf                                  0x0800559d   Thumb Code     0  printfa.o(i.__0sprintf)
    __scatterload_copy                       0x080055fd   Thumb Code    14  handlers.o(i.__scatterload_copy)
    __scatterload_null                       0x0800560b   Thumb Code     2  handlers.o(i.__scatterload_null)
    __scatterload_zeroinit                   0x0800560d   Thumb Code    14  handlers.o(i.__scatterload_zeroinit)
    disk_initialize                          0x0800658f   Thumb Code    32  diskio.o(i.disk_initialize)
    disk_ioctl                               0x080065b1   Thumb Code    36  diskio.o(i.disk_ioctl)
    disk_read                                0x080065d9   Thumb Code    42  diskio.o(i.disk_read)
    disk_status                              0x08006609   Thumb Code    24  diskio.o(i.disk_status)
    disk_write                               0x08006625   Thumb Code    42  diskio.o(i.disk_write)
    f_close                                  0x0800667d   Thumb Code    44  ff.o(i.f_close)
    f_getfree                                0x080066a9   Thumb Code   252  ff.o(i.f_getfree)
    f_mkfs                                   0x080067a5   Thumb Code  1654  ff.o(i.f_mkfs)
    f_mount                                  0x08006e29   Thumb Code    92  ff.o(i.f_mount)
    f_open                                   0x08006e89   Thumb Code   560  ff.o(i.f_open)
    f_setlabel                               0x080070b9   Thumb Code   408  ff.o(i.f_setlabel)
    f_stat                                   0x08007255   Thumb Code    62  ff.o(i.f_stat)
    f_sync                                   0x08007293   Thumb Code   160  ff.o(i.f_sync)
    f_write                                  0x08007333   Thumb Code   494  ff.o(i.f_write)
    fputc                                    0x080078c5   Thumb Code    20  main.o(i.fputc)
    get_fattime                              0x080079bd   Thumb Code     4  fatfs.o(i.get_fattime)
    get_rtc_time                             0x08007a95   Thumb Code    50  main.o(i.get_rtc_time)
    main                                     0x08007bf5   Thumb Code   152  main.o(i.main)
    table_week                               0x0800807e   Data          12  rtc.o(.constdata)
    mon_table                                0x0800808a   Data          12  rtc.o(.constdata)
    SD_Driver                                0x08008098   Data          20  sd_diskio.o(.constdata)
    AHBPrescTable                            0x080080b4   Data          16  system_stm32f4xx.o(.constdata)
    APBPrescTable                            0x080080c4   Data           8  system_stm32f4xx.o(.constdata)
    Region$$Table$$Base                      0x080080f8   Number         0  anon$$obj.o(Region$$Table)
    Region$$Table$$Limit                     0x08008118   Number         0  anon$$obj.o(Region$$Table)
    BUFA_flag                                0x20000000   Data           1  main.o(.data)
    BUFB_flag                                0x20000001   Data           1  main.o(.data)
    BufA_start_us                            0x20000004   Data           4  main.o(.data)
    BufB_start_us                            0x20000008   Data           4  main.o(.data)
    DMA_CurrentBuf                           0x2000000c   Data           1  main.o(.data)
    current_buf                              0x20000010   Data           4  main.o(.data)
    buf_ready_flag                           0x20000014   Data           1  main.o(.data)
    adc1_total                               0x20000018   Data           4  main.o(.data)
    adc1_processed                           0x2000001c   Data           4  main.o(.data)
    sys_time_us                              0x20000020   Data           4  main.o(.data)
    bw_a                                     0x20000024   Data           4  main.o(.data)
    fs_ptr                                   0x20000028   Data           4  main.o(.data)
    total                                    0x2000002c   Data           4  main.o(.data)
    free1                                    0x20000030   Data           4  main.o(.data)
    fr                                       0x20000034   Data           1  main.o(.data)
    sd_file_opened                           0x20000035   Data           1  main.o(.data)
    result_cnt                               0x20000036   Data           1  main.o(.data)
    last_in_valid                            0x20000037   Data           1  main.o(.data)
    last_start_time_us                       0x20000038   Data           4  main.o(.data)
    last_current_max                         0x2000003c   Data           2  main.o(.data)
    current_res_buf                          0x20000040   Data           4  main.o(.data)
    filename                                 0x2000004c   Data          32  fatfs.o(.data)
    bw                                       0x2000006c   Data           4  fatfs.o(.data)
    file                                     0x20000070   Data           4  fatfs.o(.data)
    ftemp                                    0x20000074   Data           4  fatfs.o(.data)
    br                                       0x20000078   Data           4  fatfs.o(.data)
    fatbuf                                   0x2000007c   Data           4  fatfs.o(.data)
    uwTick                                   0x20000080   Data           4  stm32f4xx_hal.o(.data)
    uwTickPrio                               0x20000084   Data           4  stm32f4xx_hal.o(.data)
    uwTickFreq                               0x20000088   Data           1  stm32f4xx_hal.o(.data)
    SystemCoreClock                          0x2000008c   Data           4  system_stm32f4xx.o(.data)
    __stdout                                 0x20000098   Data           4  stdout.o(.data)
    ADC_BUFA                                 0x200000a0   Data        2048  main.o(.bss)
    ADC_BUFB                                 0x200008a0   Data        2048  main.o(.bss)
    fil_a                                    0x200010a0   Data         560  main.o(.bss)
    results                                  0x200012d0   Data        1200  main.o(.bss)
    res_bufA                                 0x20001780   Data        1208  main.o(.bss)
    res_bufB                                 0x20001c38   Data        1208  main.o(.bss)
    hadc1                                    0x200020f0   Data          72  adc.o(.bss)
    hdma_adc1                                0x20002138   Data          96  adc.o(.bss)
    hrtc                                     0x20002198   Data          32  rtc.o(.bss)
    current_time                             0x200021b8   Data          10  rtc.o(.bss)
    hsd                                      0x200021c4   Data         132  sdio.o(.bss)
    card_info                                0x20002248   Data          32  sdio.o(.bss)
    htim2                                    0x20002268   Data          72  tim.o(.bss)
    htim3                                    0x200022b0   Data          72  tim.o(.bss)
    htim4                                    0x200022f8   Data          72  tim.o(.bss)
    huart1                                   0x20002340   Data          72  usart.o(.bss)
    fs                                       0x20002388   Data         560  fatfs.o(.bss)
    fileinfo                                 0x200025b8   Data          24  fatfs.o(.bss)
    dir                                      0x200025d0   Data          48  fatfs.o(.bss)
    disk                                     0x20002620   Data          12  ff_gen_drv.o(.bss)
    __initial_sp                             0x20002a30   Data           0  startup_stm32f407xx.o(STACK)



==============================================================================

Memory Map of the image

  Image Entry point : 0x08000189

  Load Region LR_IROM1 (Base: 0x08000000, Size: 0x000081b4, Max: 0x00080000, ABSOLUTE)

    Execution Region ER_IROM1 (Exec base: 0x08000000, Load base: 0x08000000, Size: 0x00008118, Max: 0x00080000, ABSOLUTE)

    Exec Addr    Load Addr    Size         Type   Attr      Idx    E Section Name        Object

    0x08000000   0x08000000   0x00000188   Data   RO            3    RESET               startup_stm32f407xx.o
    0x08000188   0x08000188   0x00000000   Code   RO         5288  * .ARM.Collect$$$$00000000  mc_w.l(entry.o)
    0x08000188   0x08000188   0x00000004   Code   RO         5573    .ARM.Collect$$$$00000001  mc_w.l(entry2.o)
    0x0800018c   0x0800018c   0x00000004   Code   RO         5576    .ARM.Collect$$$$00000004  mc_w.l(entry5.o)
    0x08000190   0x08000190   0x00000000   Code   RO         5578    .ARM.Collect$$$$00000008  mc_w.l(entry7b.o)
    0x08000190   0x08000190   0x00000000   Code   RO         5580    .ARM.Collect$$$$0000000A  mc_w.l(entry8b.o)
    0x08000190   0x08000190   0x00000008   Code   RO         5581    .ARM.Collect$$$$0000000B  mc_w.l(entry9a.o)
    0x08000198   0x08000198   0x00000004   Code   RO         5588    .ARM.Collect$$$$0000000E  mc_w.l(entry12b.o)
    0x0800019c   0x0800019c   0x00000000   Code   RO         5583    .ARM.Collect$$$$0000000F  mc_w.l(entry10a.o)
    0x0800019c   0x0800019c   0x00000000   Code   RO         5585    .ARM.Collect$$$$00000011  mc_w.l(entry11a.o)
    0x0800019c   0x0800019c   0x00000004   Code   RO         5574    .ARM.Collect$$$$00002712  mc_w.l(entry2.o)
    0x080001a0   0x080001a0   0x00000024   Code   RO            4    .text               startup_stm32f407xx.o
    0x080001c4   0x080001c4   0x00000062   Code   RO         5291    .text               mc_w.l(uldiv.o)
    0x08000226   0x08000226   0x00000024   Code   RO         5296    .text               mc_w.l(memseta.o)
    0x0800024a   0x0800024a   0x0000000e   Code   RO         5298    .text               mc_w.l(strlen.o)
    0x08000258   0x08000258   0x0000014e   Code   RO         5561    .text               mf_w.l(dadd.o)
    0x080003a6   0x080003a6   0x000000e4   Code   RO         5563    .text               mf_w.l(dmul.o)
    0x0800048a   0x0800048a   0x000000de   Code   RO         5565    .text               mf_w.l(ddiv.o)
    0x08000568   0x08000568   0x0000001a   Code   RO         5567    .text               mf_w.l(dfltui.o)
    0x08000582   0x08000582   0x0000002c   Code   RO         5590    .text               mc_w.l(uidiv.o)
    0x080005ae   0x080005ae   0x0000001e   Code   RO         5592    .text               mc_w.l(llshl.o)
    0x080005cc   0x080005cc   0x00000020   Code   RO         5594    .text               mc_w.l(llushr.o)
    0x080005ec   0x080005ec   0x00000024   Code   RO         5596    .text               mc_w.l(llsshr.o)
    0x08000610   0x08000610   0x00000000   Code   RO         5598    .text               mc_w.l(iusefp.o)
    0x08000610   0x08000610   0x000000ba   Code   RO         5601    .text               mf_w.l(depilogue.o)
    0x080006ca   0x080006ca   0x00000030   Code   RO         5603    .text               mf_w.l(dfixul.o)
    0x080006fa   0x080006fa   0x00000002   PAD
    0x080006fc   0x080006fc   0x00000030   Code   RO         5605    .text               mf_w.l(cdrcmple.o)
    0x0800072c   0x0800072c   0x00000024   Code   RO         5607    .text               mc_w.l(init.o)
    0x08000750   0x08000750   0x0000007e   Code   RO          953    i.ADC_DMAConvCplt   stm32f4xx_hal_adc.o
    0x080007ce   0x080007ce   0x0000001a   Code   RO          954    i.ADC_DMAError      stm32f4xx_hal_adc.o
    0x080007e8   0x080007e8   0x0000000e   Code   RO          955    i.ADC_DMAHalfConvCplt  stm32f4xx_hal_adc.o
    0x080007f6   0x080007f6   0x00000002   PAD
    0x080007f8   0x080007f8   0x00000160   Code   RO          956    i.ADC_Init          stm32f4xx_hal_adc.o
    0x08000958   0x08000958   0x00000018   Code   RO          892    i.BSP_PlatformIsDetected  fatfs_platform.o
    0x08000970   0x08000970   0x00000014   Code   RO          714    i.BSP_SD_GetCardInfo  bsp_driver_sd.o
    0x08000984   0x08000984   0x00000018   Code   RO          715    i.BSP_SD_GetCardState  bsp_driver_sd.o
    0x0800099c   0x0800099c   0x00000030   Code   RO          717    i.BSP_SD_Init       bsp_driver_sd.o
    0x080009cc   0x080009cc   0x00000016   Code   RO          718    i.BSP_SD_IsDetected  bsp_driver_sd.o
    0x080009e2   0x080009e2   0x00000002   PAD
    0x080009e4   0x080009e4   0x00000030   Code   RO          719    i.BSP_SD_ReadBlocks  bsp_driver_sd.o
    0x08000a14   0x08000a14   0x00000030   Code   RO          722    i.BSP_SD_WriteBlocks  bsp_driver_sd.o
    0x08000a44   0x08000a44   0x00000004   Code   RO          593    i.BusFault_Handler  stm32f4xx_it.o
    0x08000a48   0x08000a48   0x00000010   Code   RO          594    i.DMA2_Stream0_IRQHandler  stm32f4xx_it.o
    0x08000a58   0x08000a58   0x00000034   Code   RO         1735    i.DMA_CalcBaseAndBitshift  stm32f4xx_hal_dma.o
    0x08000a8c   0x08000a8c   0x000000aa   Code   RO         1736    i.DMA_CheckFifoParam  stm32f4xx_hal_dma.o
    0x08000b36   0x08000b36   0x0000002c   Code   RO         1737    i.DMA_SetConfig     stm32f4xx_hal_dma.o
    0x08000b62   0x08000b62   0x00000002   Code   RO          595    i.DebugMon_Handler  stm32f4xx_it.o
    0x08000b64   0x08000b64   0x00000006   Code   RO           13    i.Error_Handler     main.o
    0x08000b6a   0x08000b6a   0x00000012   Code   RO         5217    i.FATFS_LinkDriver  ff_gen_drv.o
    0x08000b7c   0x08000b7c   0x00000054   Code   RO         5218    i.FATFS_LinkDriverEx  ff_gen_drv.o
    0x08000bd0   0x08000bd0   0x0000018c   Code   RO          958    i.HAL_ADC_ConfigChannel  stm32f4xx_hal_adc.o
    0x08000d5c   0x08000d5c   0x00000094   Code   RO           14    i.HAL_ADC_ConvCpltCallback  main.o
    0x08000df0   0x08000df0   0x00000002   Code   RO          960    i.HAL_ADC_ConvHalfCpltCallback  stm32f4xx_hal_adc.o
    0x08000df2   0x08000df2   0x00000002   Code   RO          962    i.HAL_ADC_ErrorCallback  stm32f4xx_hal_adc.o
    0x08000df4   0x08000df4   0x00000068   Code   RO          967    i.HAL_ADC_Init      stm32f4xx_hal_adc.o
    0x08000e5c   0x08000e5c   0x000000c8   Code   RO          316    i.HAL_ADC_MspInit   adc.o
    0x08000f24   0x08000f24   0x000001bc   Code   RO          974    i.HAL_ADC_Start_DMA  stm32f4xx_hal_adc.o
    0x080010e0   0x080010e0   0x000000ac   Code   RO         1738    i.HAL_DMA_Abort     stm32f4xx_hal_dma.o
    0x0800118c   0x0800118c   0x00000240   Code   RO         1743    i.HAL_DMA_IRQHandler  stm32f4xx_hal_dma.o
    0x080013cc   0x080013cc   0x000000ec   Code   RO         1744    i.HAL_DMA_Init      stm32f4xx_hal_dma.o
    0x080014b8   0x080014b8   0x00000092   Code   RO         1748    i.HAL_DMA_Start_IT  stm32f4xx_hal_dma.o
    0x0800154a   0x0800154a   0x00000002   PAD
    0x0800154c   0x0800154c   0x00000028   Code   RO         2180    i.HAL_Delay         stm32f4xx_hal.o
    0x08001574   0x08001574   0x000001f4   Code   RO         1631    i.HAL_GPIO_Init     stm32f4xx_hal_gpio.o
    0x08001768   0x08001768   0x00000010   Code   RO         1633    i.HAL_GPIO_ReadPin  stm32f4xx_hal_gpio.o
    0x08001778   0x08001778   0x00000014   Code   RO         1634    i.HAL_GPIO_TogglePin  stm32f4xx_hal_gpio.o
    0x0800178c   0x0800178c   0x0000000c   Code   RO         1635    i.HAL_GPIO_WritePin  stm32f4xx_hal_gpio.o
    0x08001798   0x08001798   0x0000000c   Code   RO         2186    i.HAL_GetTick       stm32f4xx_hal.o
    0x080017a4   0x080017a4   0x00000018   Code   RO         2192    i.HAL_IncTick       stm32f4xx_hal.o
    0x080017bc   0x080017bc   0x0000003c   Code   RO         2193    i.HAL_Init          stm32f4xx_hal.o
    0x080017f8   0x080017f8   0x0000004c   Code   RO         2194    i.HAL_InitTick      stm32f4xx_hal.o
    0x08001844   0x08001844   0x00000048   Code   RO          687    i.HAL_MspInit       stm32f4xx_hal_msp.o
    0x0800188c   0x0800188c   0x00000028   Code   RO         2023    i.HAL_NVIC_EnableIRQ  stm32f4xx_hal_cortex.o
    0x080018b4   0x080018b4   0x0000007c   Code   RO         2029    i.HAL_NVIC_SetPriority  stm32f4xx_hal_cortex.o
    0x08001930   0x08001930   0x00000028   Code   RO         2030    i.HAL_NVIC_SetPriorityGrouping  stm32f4xx_hal_cortex.o
    0x08001958   0x08001958   0x000001a0   Code   RO         1337    i.HAL_RCCEx_PeriphCLKConfig  stm32f4xx_hal_rcc_ex.o
    0x08001af8   0x08001af8   0x00000184   Code   RO         1232    i.HAL_RCC_ClockConfig  stm32f4xx_hal_rcc.o
    0x08001c7c   0x08001c7c   0x0000000c   Code   RO         1237    i.HAL_RCC_GetHCLKFreq  stm32f4xx_hal_rcc.o
    0x08001c88   0x08001c88   0x00000020   Code   RO         1239    i.HAL_RCC_GetPCLK1Freq  stm32f4xx_hal_rcc.o
    0x08001ca8   0x08001ca8   0x00000020   Code   RO         1240    i.HAL_RCC_GetPCLK2Freq  stm32f4xx_hal_rcc.o
    0x08001cc8   0x08001cc8   0x000000b0   Code   RO         1241    i.HAL_RCC_GetSysClockFreq  stm32f4xx_hal_rcc.o
    0x08001d78   0x08001d78   0x0000049c   Code   RO         1244    i.HAL_RCC_OscConfig  stm32f4xx_hal_rcc.o
    0x08002214   0x08002214   0x00000012   Code   RO         2606    i.HAL_RTCEx_BKUPRead  stm32f4xx_hal_rtc_ex.o
    0x08002226   0x08002226   0x00000012   Code   RO         2607    i.HAL_RTCEx_BKUPWrite  stm32f4xx_hal_rtc_ex.o
    0x08002238   0x08002238   0x0000004c   Code   RO         2441    i.HAL_RTC_GetDate   stm32f4xx_hal_rtc.o
    0x08002284   0x08002284   0x0000005c   Code   RO         2443    i.HAL_RTC_GetTime   stm32f4xx_hal_rtc.o
    0x080022e0   0x080022e0   0x000000b4   Code   RO         2444    i.HAL_RTC_Init      stm32f4xx_hal_rtc.o
    0x08002394   0x08002394   0x0000003c   Code   RO          382    i.HAL_RTC_MspInit   rtc.o
    0x080023d0   0x080023d0   0x000000c0   Code   RO         2450    i.HAL_RTC_SetDate   stm32f4xx_hal_rtc.o
    0x08002490   0x08002490   0x000000ec   Code   RO         2451    i.HAL_RTC_SetTime   stm32f4xx_hal_rtc.o
    0x0800257c   0x0800257c   0x00000038   Code   RO         2452    i.HAL_RTC_WaitForSynchro  stm32f4xx_hal_rtc.o
    0x080025b4   0x080025b4   0x000000c8   Code   RO         3129    i.HAL_SD_ConfigWideBusOperation  stm32f4xx_hal_sd.o
    0x0800267c   0x0800267c   0x000001c8   Code   RO         3134    i.HAL_SD_GetCardCSD  stm32f4xx_hal_sd.o
    0x08002844   0x08002844   0x00000026   Code   RO         3135    i.HAL_SD_GetCardInfo  stm32f4xx_hal_sd.o
    0x0800286a   0x0800286a   0x00000024   Code   RO         3136    i.HAL_SD_GetCardState  stm32f4xx_hal_sd.o
    0x0800288e   0x0800288e   0x0000003c   Code   RO         3141    i.HAL_SD_Init       stm32f4xx_hal_sd.o
    0x080028ca   0x080028ca   0x00000002   PAD
    0x080028cc   0x080028cc   0x000000a8   Code   RO         3142    i.HAL_SD_InitCard   stm32f4xx_hal_sd.o
    0x08002974   0x08002974   0x000000c8   Code   RO          456    i.HAL_SD_MspInit    sdio.o
    0x08002a3c   0x08002a3c   0x000002a4   Code   RO         3145    i.HAL_SD_ReadBlocks  stm32f4xx_hal_sd.o
    0x08002ce0   0x08002ce0   0x0000023c   Code   RO         3150    i.HAL_SD_WriteBlocks  stm32f4xx_hal_sd.o
    0x08002f1c   0x08002f1c   0x00000034   Code   RO         2034    i.HAL_SYSTICK_Config  stm32f4xx_hal_cortex.o
    0x08002f50   0x08002f50   0x00000002   Code   RO         4116    i.HAL_TIMEx_BreakCallback  stm32f4xx_hal_tim_ex.o
    0x08002f52   0x08002f52   0x00000002   Code   RO         4117    i.HAL_TIMEx_CommutCallback  stm32f4xx_hal_tim_ex.o
    0x08002f54   0x08002f54   0x000000b4   Code   RO         4135    i.HAL_TIMEx_MasterConfigSynchronization  stm32f4xx_hal_tim_ex.o
    0x08003008   0x08003008   0x00000066   Code   RO         3401    i.HAL_TIM_Base_Init  stm32f4xx_hal_tim.o
    0x0800306e   0x0800306e   0x00000002   PAD
    0x08003070   0x08003070   0x00000088   Code   RO          498    i.HAL_TIM_Base_MspInit  tim.o
    0x080030f8   0x080030f8   0x0000009c   Code   RO         3404    i.HAL_TIM_Base_Start  stm32f4xx_hal_tim.o
    0x08003194   0x08003194   0x000000a8   Code   RO         3406    i.HAL_TIM_Base_Start_IT  stm32f4xx_hal_tim.o
    0x0800323c   0x0800323c   0x0000010c   Code   RO         3410    i.HAL_TIM_ConfigClockSource  stm32f4xx_hal_tim.o
    0x08003348   0x08003348   0x00000002   Code   RO         3435    i.HAL_TIM_IC_CaptureCallback  stm32f4xx_hal_tim.o
    0x0800334a   0x0800334a   0x0000016c   Code   RO         3449    i.HAL_TIM_IRQHandler  stm32f4xx_hal_tim.o
    0x080034b6   0x080034b6   0x00000002   Code   RO         3452    i.HAL_TIM_OC_DelayElapsedCallback  stm32f4xx_hal_tim.o
    0x080034b8   0x080034b8   0x00000002   Code   RO         3479    i.HAL_TIM_PWM_PulseFinishedCallback  stm32f4xx_hal_tim.o
    0x080034ba   0x080034ba   0x00000002   PAD
    0x080034bc   0x080034bc   0x000000a4   Code   RO           15    i.HAL_TIM_PeriodElapsedCallback  main.o
    0x08003560   0x08003560   0x00000002   Code   RO         3492    i.HAL_TIM_TriggerCallback  stm32f4xx_hal_tim.o
    0x08003562   0x08003562   0x00000076   Code   RO         4413    i.HAL_UART_Init     stm32f4xx_hal_uart.o
    0x080035d8   0x080035d8   0x00000088   Code   RO          552    i.HAL_UART_MspInit  usart.o
    0x08003660   0x08003660   0x000000be   Code   RO         4421    i.HAL_UART_Transmit  stm32f4xx_hal_uart.o
    0x0800371e   0x0800371e   0x00000004   Code   RO          596    i.HardFault_Handler  stm32f4xx_it.o
    0x08003722   0x08003722   0x00000002   PAD
    0x08003724   0x08003724   0x00000070   Code   RO          317    i.MX_ADC1_Init      adc.o
    0x08003794   0x08003794   0x00000038   Code   RO          357    i.MX_DMA_Init       dma.o
    0x080037cc   0x080037cc   0x00000014   Code   RO          916    i.MX_FATFS_Init     fatfs.o
    0x080037e0   0x080037e0   0x000000cc   Code   RO          291    i.MX_GPIO_Init      gpio.o
    0x080038ac   0x080038ac   0x00000078   Code   RO          384    i.MX_RTC_Init       rtc.o
    0x08003924   0x08003924   0x0000006c   Code   RO          457    i.MX_SDIO_SD_Init   sdio.o
    0x08003990   0x08003990   0x000000cc   Code   RO          499    i.MX_TIM2_Init      tim.o
    0x08003a5c   0x08003a5c   0x0000007c   Code   RO          500    i.MX_TIM3_Init      tim.o
    0x08003ad8   0x08003ad8   0x00000080   Code   RO          501    i.MX_TIM4_Init      tim.o
    0x08003b58   0x08003b58   0x00000038   Code   RO          553    i.MX_USART1_UART_Init  usart.o
    0x08003b90   0x08003b90   0x00000004   Code   RO          597    i.MemManage_Handler  stm32f4xx_it.o
    0x08003b94   0x08003b94   0x00000004   Code   RO          598    i.NMI_Handler       stm32f4xx_it.o
    0x08003b98   0x08003b98   0x00000002   Code   RO          599    i.PendSV_Handler    stm32f4xx_it.o
    0x08003b9a   0x08003b9a   0x00000002   PAD
    0x08003b9c   0x08003b9c   0x000000a4   Code   RO           16    i.ProcessBuffer     main.o
    0x08003c40   0x08003c40   0x00000016   Code   RO         2453    i.RTC_Bcd2ToByte    stm32f4xx_hal_rtc.o
    0x08003c56   0x08003c56   0x0000001a   Code   RO         2454    i.RTC_ByteToBcd2    stm32f4xx_hal_rtc.o
    0x08003c70   0x08003c70   0x0000004a   Code   RO         2455    i.RTC_EnterInitMode  stm32f4xx_hal_rtc.o
    0x08003cba   0x08003cba   0x0000002e   Code   RO         2456    i.RTC_ExitInitMode  stm32f4xx_hal_rtc.o
    0x08003ce8   0x08003ce8   0x00000064   Code   RO          385    i.RTC_Get           rtc.o
    0x08003d4c   0x08003d4c   0x00000078   Code   RO          386    i.RTC_Get_Week      rtc.o
    0x08003dc4   0x08003dc4   0x00000074   Code   RO          387    i.RTC_Set           rtc.o
    0x08003e38   0x08003e38   0x000000e0   Code   RO           17    i.RecordInterval    main.o
    0x08003f18   0x08003f18   0x0000002c   Code   RO         2833    i.SDIO_ConfigData   stm32f4xx_ll_sdmmc.o
    0x08003f44   0x08003f44   0x00000008   Code   RO         2834    i.SDIO_GetCommandResponse  stm32f4xx_ll_sdmmc.o
    0x08003f4c   0x08003f4c   0x0000000a   Code   RO         2837    i.SDIO_GetPowerState  stm32f4xx_ll_sdmmc.o
    0x08003f56   0x08003f56   0x0000000c   Code   RO         2838    i.SDIO_GetResponse  stm32f4xx_ll_sdmmc.o
    0x08003f62   0x08003f62   0x00000034   Code   RO         2839    i.SDIO_Init         stm32f4xx_ll_sdmmc.o
    0x08003f96   0x08003f96   0x0000000a   Code   RO         2841    i.SDIO_PowerState_ON  stm32f4xx_ll_sdmmc.o
    0x08003fa0   0x08003fa0   0x00000008   Code   RO         2842    i.SDIO_ReadFIFO     stm32f4xx_ll_sdmmc.o
    0x08003fa8   0x08003fa8   0x00000028   Code   RO         2843    i.SDIO_SendCommand  stm32f4xx_ll_sdmmc.o
    0x08003fd0   0x08003fd0   0x0000000c   Code   RO         2845    i.SDIO_WriteFIFO    stm32f4xx_ll_sdmmc.o
    0x08003fdc   0x08003fdc   0x00000038   Code   RO         2846    i.SDMMC_CmdAppCommand  stm32f4xx_ll_sdmmc.o
    0x08004014   0x08004014   0x0000003c   Code   RO         2847    i.SDMMC_CmdAppOperCommand  stm32f4xx_ll_sdmmc.o
    0x08004050   0x08004050   0x00000038   Code   RO         2848    i.SDMMC_CmdBlockLength  stm32f4xx_ll_sdmmc.o
    0x08004088   0x08004088   0x00000038   Code   RO         2849    i.SDMMC_CmdBusWidth  stm32f4xx_ll_sdmmc.o
    0x080040c0   0x080040c0   0x0000002c   Code   RO         2853    i.SDMMC_CmdGoIdleState  stm32f4xx_ll_sdmmc.o
    0x080040ec   0x080040ec   0x00000034   Code   RO         2855    i.SDMMC_CmdOperCond  stm32f4xx_ll_sdmmc.o
    0x08004120   0x08004120   0x00000038   Code   RO         2856    i.SDMMC_CmdReadMultiBlock  stm32f4xx_ll_sdmmc.o
    0x08004158   0x08004158   0x00000038   Code   RO         2857    i.SDMMC_CmdReadSingleBlock  stm32f4xx_ll_sdmmc.o
    0x08004190   0x08004190   0x0000003a   Code   RO         2860    i.SDMMC_CmdSelDesel  stm32f4xx_ll_sdmmc.o
    0x080041ca   0x080041ca   0x00000032   Code   RO         2861    i.SDMMC_CmdSendCID  stm32f4xx_ll_sdmmc.o
    0x080041fc   0x080041fc   0x00000032   Code   RO         2862    i.SDMMC_CmdSendCSD  stm32f4xx_ll_sdmmc.o
    0x0800422e   0x0800422e   0x00000038   Code   RO         2864    i.SDMMC_CmdSendSCR  stm32f4xx_ll_sdmmc.o
    0x08004266   0x08004266   0x00000038   Code   RO         2865    i.SDMMC_CmdSendStatus  stm32f4xx_ll_sdmmc.o
    0x0800429e   0x0800429e   0x00000038   Code   RO         2866    i.SDMMC_CmdSetRelAdd  stm32f4xx_ll_sdmmc.o
    0x080042d6   0x080042d6   0x00000002   PAD
    0x080042d8   0x080042d8   0x0000003c   Code   RO         2869    i.SDMMC_CmdStopTransfer  stm32f4xx_ll_sdmmc.o
    0x08004314   0x08004314   0x00000038   Code   RO         2871    i.SDMMC_CmdWriteMultiBlock  stm32f4xx_ll_sdmmc.o
    0x0800434c   0x0800434c   0x00000038   Code   RO         2872    i.SDMMC_CmdWriteSingleBlock  stm32f4xx_ll_sdmmc.o
    0x08004384   0x08004384   0x00000040   Code   RO         2873    i.SDMMC_GetCmdError  stm32f4xx_ll_sdmmc.o
    0x080043c4   0x080043c4   0x000001ac   Code   RO         2874    i.SDMMC_GetCmdResp1  stm32f4xx_ll_sdmmc.o
    0x08004570   0x08004570   0x00000064   Code   RO         2875    i.SDMMC_GetCmdResp2  stm32f4xx_ll_sdmmc.o
    0x080045d4   0x080045d4   0x00000058   Code   RO         2876    i.SDMMC_GetCmdResp3  stm32f4xx_ll_sdmmc.o
    0x0800462c   0x0800462c   0x000000b8   Code   RO         2877    i.SDMMC_GetCmdResp6  stm32f4xx_ll_sdmmc.o
    0x080046e4   0x080046e4   0x0000006c   Code   RO         2878    i.SDMMC_GetCmdResp7  stm32f4xx_ll_sdmmc.o
    0x08004750   0x08004750   0x00000028   Code   RO          832    i.SD_CheckStatus    sd_diskio.o
    0x08004778   0x08004778   0x0000014c   Code   RO         3158    i.SD_FindSCR        stm32f4xx_hal_sd.o
    0x080048c4   0x080048c4   0x0000023c   Code   RO           18    i.SD_Init           main.o
    0x08004b00   0x08004b00   0x00000102   Code   RO         3159    i.SD_InitCard       stm32f4xx_hal_sd.o
    0x08004c02   0x08004c02   0x00000002   PAD
    0x08004c04   0x08004c04   0x000000cc   Code   RO         3161    i.SD_PowerON        stm32f4xx_hal_sd.o
    0x08004cd0   0x08004cd0   0x00000030   Code   RO         3164    i.SD_SendStatus     stm32f4xx_hal_sd.o
    0x08004d00   0x08004d00   0x00000068   Code   RO         3165    i.SD_WideBus_Disable  stm32f4xx_hal_sd.o
    0x08004d68   0x08004d68   0x00000068   Code   RO         3166    i.SD_WideBus_Enable  stm32f4xx_hal_sd.o
    0x08004dd0   0x08004dd0   0x00000024   Code   RO          833    i.SD_initialize     sd_diskio.o
    0x08004df4   0x08004df4   0x0000006c   Code   RO          834    i.SD_ioctl          sd_diskio.o
    0x08004e60   0x08004e60   0x0000002e   Code   RO          835    i.SD_read           sd_diskio.o
    0x08004e8e   0x08004e8e   0x0000000c   Code   RO          836    i.SD_status         sd_diskio.o
    0x08004e9a   0x08004e9a   0x0000002e   Code   RO          837    i.SD_write          sd_diskio.o
    0x08004ec8   0x08004ec8   0x00000002   Code   RO          600    i.SVC_Handler       stm32f4xx_it.o
    0x08004eca   0x08004eca   0x00000008   Code   RO          601    i.SysTick_Handler   stm32f4xx_it.o
    0x08004ed2   0x08004ed2   0x00000002   PAD
    0x08004ed4   0x08004ed4   0x000000b8   Code   RO           19    i.SystemClock_Config  main.o
    0x08004f8c   0x08004f8c   0x00000014   Code   RO         4757    i.SystemInit        system_stm32f4xx.o
    0x08004fa0   0x08004fa0   0x00000010   Code   RO          602    i.TIM3_IRQHandler   stm32f4xx_it.o
    0x08004fb0   0x08004fb0   0x00000010   Code   RO          603    i.TIM4_IRQHandler   stm32f4xx_it.o
    0x08004fc0   0x08004fc0   0x000000e0   Code   RO         3494    i.TIM_Base_SetConfig  stm32f4xx_hal_tim.o
    0x080050a0   0x080050a0   0x00000016   Code   RO         3505    i.TIM_ETR_SetConfig  stm32f4xx_hal_tim.o
    0x080050b6   0x080050b6   0x00000012   Code   RO         3506    i.TIM_ITRx_SetConfig  stm32f4xx_hal_tim.o
    0x080050c8   0x080050c8   0x00000026   Code   RO         3512    i.TIM_TI1_ConfigInputStage  stm32f4xx_hal_tim.o
    0x080050ee   0x080050ee   0x00000028   Code   RO         3514    i.TIM_TI2_ConfigInputStage  stm32f4xx_hal_tim.o
    0x08005116   0x08005116   0x0000006c   Code   RO         4436    i.UART_EndRxTransfer  stm32f4xx_hal_uart.o
    0x08005182   0x08005182   0x00000002   PAD
    0x08005184   0x08005184   0x0000022c   Code   RO         4440    i.UART_SetConfig    stm32f4xx_hal_uart.o
    0x080053b0   0x080053b0   0x0000008c   Code   RO         4444    i.UART_WaitOnFlagUntilTimeout  stm32f4xx_hal_uart.o
    0x0800543c   0x0800543c   0x00000004   Code   RO          604    i.UsageFault_Handler  stm32f4xx_it.o
    0x08005440   0x08005440   0x0000013c   Code   RO           20    i.WriteToSD         main.o
    0x0800557c   0x0800557c   0x00000020   Code   RO         5533    i.__0printf         mc_w.l(printfa.o)
    0x0800559c   0x0800559c   0x00000028   Code   RO         5535    i.__0sprintf        mc_w.l(printfa.o)
    0x080055c4   0x080055c4   0x00000010   Code   RO         2036    i.__NVIC_GetPriorityGrouping  stm32f4xx_hal_cortex.o
    0x080055d4   0x080055d4   0x00000028   Code   RO         2037    i.__NVIC_SetPriority  stm32f4xx_hal_cortex.o
    0x080055fc   0x080055fc   0x0000000e   Code   RO         5611    i.__scatterload_copy  mc_w.l(handlers.o)
    0x0800560a   0x0800560a   0x00000002   Code   RO         5612    i.__scatterload_null  mc_w.l(handlers.o)
    0x0800560c   0x0800560c   0x0000000e   Code   RO         5613    i.__scatterload_zeroinit  mc_w.l(handlers.o)
    0x0800561a   0x0800561a   0x00000002   PAD
    0x0800561c   0x0800561c   0x00000184   Code   RO         5540    i._fp_digits        mc_w.l(printfa.o)
    0x080057a0   0x080057a0   0x000006b4   Code   RO         5541    i._printf_core      mc_w.l(printfa.o)
    0x08005e54   0x08005e54   0x00000024   Code   RO         5542    i._printf_post_padding  mc_w.l(printfa.o)
    0x08005e78   0x08005e78   0x0000002e   Code   RO         5543    i._printf_pre_padding  mc_w.l(printfa.o)
    0x08005ea6   0x08005ea6   0x0000000a   Code   RO         5545    i._sputc            mc_w.l(printfa.o)
    0x08005eb0   0x08005eb0   0x0000007c   Code   RO         4848    i.check_fs          ff.o
    0x08005f2c   0x08005f2c   0x00000014   Code   RO         4849    i.chk_chr           ff.o
    0x08005f40   0x08005f40   0x0000007c   Code   RO         4850    i.chk_lock          ff.o
    0x08005fbc   0x08005fbc   0x00000028   Code   RO         4851    i.clear_lock        ff.o
    0x08005fe4   0x08005fe4   0x00000032   Code   RO         4852    i.clmt_clust        ff.o
    0x08006016   0x08006016   0x0000001a   Code   RO         4853    i.clust2sect        ff.o
    0x08006030   0x08006030   0x000000de   Code   RO         4854    i.create_chain      ff.o
    0x0800610e   0x0800610e   0x00000002   PAD
    0x08006110   0x08006110   0x00000118   Code   RO         4855    i.create_name       ff.o
    0x08006228   0x08006228   0x00000044   Code   RO         4856    i.dec_lock          ff.o
    0x0800626c   0x0800626c   0x00000060   Code   RO         4857    i.dir_alloc         ff.o
    0x080062cc   0x080062cc   0x0000006c   Code   RO         4858    i.dir_find          ff.o
    0x08006338   0x08006338   0x0000010c   Code   RO         4859    i.dir_next          ff.o
    0x08006444   0x08006444   0x00000074   Code   RO         4860    i.dir_read          ff.o
    0x080064b8   0x080064b8   0x0000003c   Code   RO         4861    i.dir_register      ff.o
    0x080064f4   0x080064f4   0x0000009a   Code   RO         4863    i.dir_sdi           ff.o
    0x0800658e   0x0800658e   0x00000020   Code   RO         4793    i.disk_initialize   diskio.o
    0x080065ae   0x080065ae   0x00000002   PAD
    0x080065b0   0x080065b0   0x00000028   Code   RO         4794    i.disk_ioctl        diskio.o
    0x080065d8   0x080065d8   0x00000030   Code   RO         4795    i.disk_read         diskio.o
    0x08006608   0x08006608   0x0000001c   Code   RO         4796    i.disk_status       diskio.o
    0x08006624   0x08006624   0x00000030   Code   RO         4797    i.disk_write        diskio.o
    0x08006654   0x08006654   0x00000028   Code   RO         4864    i.enq_lock          ff.o
    0x0800667c   0x0800667c   0x0000002c   Code   RO         4865    i.f_close           ff.o
    0x080066a8   0x080066a8   0x000000fc   Code   RO         4867    i.f_getfree         ff.o
    0x080067a4   0x080067a4   0x00000684   Code   RO         4872    i.f_mkfs            ff.o
    0x08006e28   0x08006e28   0x00000060   Code   RO         4873    i.f_mount           ff.o
    0x08006e88   0x08006e88   0x00000230   Code   RO         4874    i.f_open            ff.o
    0x080070b8   0x080070b8   0x0000019c   Code   RO         4882    i.f_setlabel        ff.o
    0x08007254   0x08007254   0x0000003e   Code   RO         4883    i.f_stat            ff.o
    0x08007292   0x08007292   0x000000a0   Code   RO         4884    i.f_sync            ff.o
    0x08007332   0x08007332   0x000001ee   Code   RO         4887    i.f_write           ff.o
    0x08007520   0x08007520   0x00000300   Code   RO         4888    i.find_volume       ff.o
    0x08007820   0x08007820   0x000000a2   Code   RO         4889    i.follow_path       ff.o
    0x080078c2   0x080078c2   0x00000002   PAD
    0x080078c4   0x080078c4   0x00000018   Code   RO           22    i.fputc             main.o
    0x080078dc   0x080078dc   0x000000e0   Code   RO         4890    i.get_fat           ff.o
    0x080079bc   0x080079bc   0x00000004   Code   RO          917    i.get_fattime       fatfs.o
    0x080079c0   0x080079c0   0x0000008c   Code   RO         4891    i.get_fileinfo      ff.o
    0x08007a4c   0x08007a4c   0x00000048   Code   RO         4892    i.get_ldnumber      ff.o
    0x08007a94   0x08007a94   0x00000058   Code   RO           23    i.get_rtc_time      main.o
    0x08007aec   0x08007aec   0x000000bc   Code   RO         4893    i.inc_lock          ff.o
    0x08007ba8   0x08007ba8   0x00000026   Code   RO         4894    i.ld_clust          ff.o
    0x08007bce   0x08007bce   0x00000018   Code   RO         4895    i.ld_dword          ff.o
    0x08007be6   0x08007be6   0x0000000c   Code   RO         4896    i.ld_word           ff.o
    0x08007bf2   0x08007bf2   0x00000002   PAD
    0x08007bf4   0x08007bf4   0x000000cc   Code   RO           24    i.main              main.o
    0x08007cc0   0x08007cc0   0x00000024   Code   RO         4897    i.mem_cmp           ff.o
    0x08007ce4   0x08007ce4   0x0000001a   Code   RO         4898    i.mem_cpy           ff.o
    0x08007cfe   0x08007cfe   0x00000012   Code   RO         4899    i.mem_set           ff.o
    0x08007d10   0x08007d10   0x00000034   Code   RO         4900    i.move_window       ff.o
    0x08007d44   0x08007d44   0x00000138   Code   RO         4901    i.put_fat           ff.o
    0x08007e7c   0x08007e7c   0x0000009a   Code   RO         4905    i.remove_chain      ff.o
    0x08007f16   0x08007f16   0x00000024   Code   RO         4906    i.st_clust          ff.o
    0x08007f3a   0x08007f3a   0x00000018   Code   RO         4907    i.st_dword          ff.o
    0x08007f52   0x08007f52   0x0000000c   Code   RO         4908    i.st_word           ff.o
    0x08007f5e   0x08007f5e   0x00000002   PAD
    0x08007f60   0x08007f60   0x00000090   Code   RO         4909    i.sync_fs           ff.o
    0x08007ff0   0x08007ff0   0x00000052   Code   RO         4910    i.sync_window       ff.o
    0x08008042   0x08008042   0x0000003c   Code   RO         4911    i.validate          ff.o
    0x0800807e   0x0800807e   0x00000018   Data   RO          389    .constdata          rtc.o
    0x08008096   0x08008096   0x00000002   PAD
    0x08008098   0x08008098   0x00000014   Data   RO          838    .constdata          sd_diskio.o
    0x080080ac   0x080080ac   0x00000008   Data   RO         1750    .constdata          stm32f4xx_hal_dma.o
    0x080080b4   0x080080b4   0x00000018   Data   RO         4758    .constdata          system_stm32f4xx.o
    0x080080cc   0x080080cc   0x0000002c   Data   RO         4913    .constdata          ff.o
    0x080080f8   0x080080f8   0x00000020   Data   RO         5609    Region$$Table       anon$$obj.o


    Execution Region RW_IRAM1 (Exec base: 0x20000000, Load base: 0x08008118, Size: 0x00002a30, Max: 0x0001c000, ABSOLUTE)

    Exec Addr    Load Addr    Size         Type   Attr      Idx    E Section Name        Object

    0x20000000   0x08008118   0x00000048   Data   RW           26    .data               main.o
    0x20000048   0x08008160   0x00000001   Data   RW          839    .data               sd_diskio.o
    0x20000049   0x08008161   0x00000003   PAD
    0x2000004c   0x08008164   0x00000034   Data   RW          919    .data               fatfs.o
    0x20000080   0x08008198   0x00000009   Data   RW         2200    .data               stm32f4xx_hal.o
    0x20000089   0x080081a1   0x00000003   PAD
    0x2000008c   0x080081a4   0x00000004   Data   RW         4759    .data               system_stm32f4xx.o
    0x20000090   0x080081a8   0x00000006   Data   RW         4914    .data               ff.o
    0x20000096   0x080081ae   0x00000002   PAD
    0x20000098   0x080081b0   0x00000004   Data   RW         5589    .data               mc_w.l(stdout.o)
    0x2000009c   0x080081b4   0x00000004   PAD
    0x200000a0        -       0x00002050   Zero   RW           25    .bss                main.o
    0x200020f0        -       0x000000a8   Zero   RW          318    .bss                adc.o
    0x20002198        -       0x0000002a   Zero   RW          388    .bss                rtc.o
    0x200021c2   0x080081b4   0x00000002   PAD
    0x200021c4        -       0x000000a4   Zero   RW          458    .bss                sdio.o
    0x20002268        -       0x000000d8   Zero   RW          502    .bss                tim.o
    0x20002340        -       0x00000048   Zero   RW          554    .bss                usart.o
    0x20002388        -       0x00000278   Zero   RW          918    .bss                fatfs.o
    0x20002600        -       0x00000020   Zero   RW         4912    .bss                ff.o
    0x20002620        -       0x0000000c   Zero   RW         5221    .bss                ff_gen_drv.o
    0x2000262c   0x080081b4   0x00000004   PAD
    0x20002630        -       0x00000400   Zero   RW            1    STACK               startup_stm32f407xx.o


    Execution Region RW_IRAM2 (Exec base: 0x2001c000, Load base: 0x080081b4, Size: 0x00000000, Max: 0x00004000, ABSOLUTE)

    **** No section assigned to this execution region ****


==============================================================================

Image component sizes


      Code (inc. data)   RO Data    RW Data    ZI Data      Debug   Object Name

       312         30          0          0        168       1771   adc.o
       210         26          0          0          0       4140   bsp_driver_sd.o
       196         20          0          0          0       3925   diskio.o
        56          4          0          0          0        746   dma.o
        24          8          0         52        632       1689   fatfs.o
        24          4          0          0          0        557   fatfs_platform.o
      8128        168         44          6         32      42219   ff.o
       102          6          0          0         12       1647   ff_gen_drv.o
       204         14          0          0          0        971   gpio.o
      2094        636          0         72       8272     768644   main.o
       516         50         24          0         42       4292   rtc.o
       288         16         20          1          0       4568   sd_diskio.o
       308         52          0          0        164       1899   sdio.o
        36          8        392          0       1024        828   startup_stm32f407xx.o
       212         36          0          9          0       9329   stm32f4xx_hal.o
      1466         66          0          0          0       6766   stm32f4xx_hal_adc.o
       312         22          0          0          0      34275   stm32f4xx_hal_cortex.o
      1396         16          8          0          0       6311   stm32f4xx_hal_dma.o
       548         46          0          0          0       3392   stm32f4xx_hal_gpio.o
        72          4          0          0          0        842   stm32f4xx_hal_msp.o
      1820         84          0          0          0       5576   stm32f4xx_hal_rcc.o
       416         20          0          0          0       1392   stm32f4xx_hal_rcc_ex.o
      1000         28          0          0          0       7893   stm32f4xx_hal_rtc.o
        36          0          0          0          0       1747   stm32f4xx_hal_rtc_ex.o
      3256         36          0          0          0      13348   stm32f4xx_hal_sd.o
      1408        106          0          0          0      10420   stm32f4xx_hal_tim.o
       184         30          0          0          0       2493   stm32f4xx_hal_tim_ex.o
      1112         10          0          0          0       4536   stm32f4xx_hal_uart.o
        82         18          0          0          0       5604   stm32f4xx_it.o
      2102         46          0          0          0      24251   stm32f4xx_ll_sdmmc.o
        20          6         24          4          0       1103   system_stm32f4xx.o
       592        116          0          0        216       3084   tim.o
       192         22          0          0         72       1654   usart.o

    ----------------------------------------------------------------------
     28758       1754        546        152      10640     981912   Object Totals
         0          0         32          0          0          0   (incl. Generated)
        34          0          2          8          6          0   (incl. Padding)

    ----------------------------------------------------------------------

      Code (inc. data)   RO Data    RW Data    ZI Data      Debug   Library Member Name

         0          0          0          0          0          0   entry.o
         0          0          0          0          0          0   entry10a.o
         0          0          0          0          0          0   entry11a.o
         4          0          0          0          0          0   entry12b.o
         8          4          0          0          0          0   entry2.o
         4          0          0          0          0          0   entry5.o
         0          0          0          0          0          0   entry7b.o
         0          0          0          0          0          0   entry8b.o
         8          4          0          0          0          0   entry9a.o
        30          0          0          0          0          0   handlers.o
        36          8          0          0          0         68   init.o
         0          0          0          0          0          0   iusefp.o
        30          0          0          0          0         68   llshl.o
        36          0          0          0          0         68   llsshr.o
        32          0          0          0          0         68   llushr.o
        36          0          0          0          0        108   memseta.o
      2268         96          0          0          0        616   printfa.o
         0          0          0          4          0          0   stdout.o
        14          0          0          0          0         68   strlen.o
        44          0          0          0          0         80   uidiv.o
        98          0          0          0          0         92   uldiv.o
        48          0          0          0          0         68   cdrcmple.o
       334          0          0          0          0        148   dadd.o
       222          0          0          0          0        100   ddiv.o
       186          0          0          0          0        176   depilogue.o
        48          0          0          0          0         68   dfixul.o
        26          0          0          0          0         76   dfltui.o
       228          0          0          0          0         96   dmul.o

    ----------------------------------------------------------------------
      3744        112          0          4          4       1968   Library Totals
         4          0          0          0          4          0   (incl. Padding)

    ----------------------------------------------------------------------

      Code (inc. data)   RO Data    RW Data    ZI Data      Debug   Library Name

      2648        112          0          4          0       1236   mc_w.l
      1092          0          0          0          0        732   mf_w.l

    ----------------------------------------------------------------------
      3744        112          0          4          4       1968   Library Totals

    ----------------------------------------------------------------------

==============================================================================


      Code (inc. data)   RO Data    RW Data    ZI Data      Debug   

     32502       1866        546        156      10644     960996   Grand Totals
     32502       1866        546        156      10644     960996   ELF Image Totals
     32502       1866        546        156          0          0   ROM Totals

==============================================================================

    Total RO  Size (Code + RO Data)                33048 (  32.27kB)
    Total RW  Size (RW Data + ZI Data)             10800 (  10.55kB)
    Total ROM Size (Code + RO Data + RW Data)      33204 (  32.43kB)

==============================================================================

